Archive member included to satisfy reference by file (symbol)

c:/progra~2/gnuarm~1/102020~1/bin/../lib/gcc/arm-none-eabi/10.2.1/../../../../arm-none-eabi/lib/thumb/v7-m/nofp\libc.a(lib_a-errno.o)
                              CMakeFiles/test02-mouse-cmake.elf.dir/Core/Src/syscalls.c.obj (__errno)
c:/progra~2/gnuarm~1/102020~1/bin/../lib/gcc/arm-none-eabi/10.2.1/../../../../arm-none-eabi/lib/thumb/v7-m/nofp\libc.a(lib_a-exit.o)
                              c:/progra~2/gnuarm~1/102020~1/bin/../lib/gcc/arm-none-eabi/10.2.1/../../../../arm-none-eabi/lib/thumb/v7-m/nofp/crt0.o (exit)
c:/progra~2/gnuarm~1/102020~1/bin/../lib/gcc/arm-none-eabi/10.2.1/../../../../arm-none-eabi/lib/thumb/v7-m/nofp\libc.a(lib_a-impure.o)
                              c:/progra~2/gnuarm~1/102020~1/bin/../lib/gcc/arm-none-eabi/10.2.1/../../../../arm-none-eabi/lib/thumb/v7-m/nofp\libc.a(lib_a-exit.o) (_global_impure_ptr)
c:/progra~2/gnuarm~1/102020~1/bin/../lib/gcc/arm-none-eabi/10.2.1/../../../../arm-none-eabi/lib/thumb/v7-m/nofp\libc.a(lib_a-init.o)
                              c:/progra~2/gnuarm~1/102020~1/bin/../lib/gcc/arm-none-eabi/10.2.1/../../../../arm-none-eabi/lib/thumb/v7-m/nofp/crt0.o (__libc_init_array)
c:/progra~2/gnuarm~1/102020~1/bin/../lib/gcc/arm-none-eabi/10.2.1/../../../../arm-none-eabi/lib/thumb/v7-m/nofp\libc.a(lib_a-memset.o)
                              c:/progra~2/gnuarm~1/102020~1/bin/../lib/gcc/arm-none-eabi/10.2.1/../../../../arm-none-eabi/lib/thumb/v7-m/nofp/crt0.o (memset)
c:/progra~2/gnuarm~1/102020~1/bin/../lib/gcc/arm-none-eabi/10.2.1/../../../../arm-none-eabi/lib/thumb/v7-m/nofp\libc.a(lib_a-__call_atexit.o)
                              c:/progra~2/gnuarm~1/102020~1/bin/../lib/gcc/arm-none-eabi/10.2.1/../../../../arm-none-eabi/lib/thumb/v7-m/nofp\libc.a(lib_a-exit.o) (__call_exitprocs)
c:/progra~2/gnuarm~1/102020~1/bin/../lib/gcc/arm-none-eabi/10.2.1/../../../../arm-none-eabi/lib/thumb/v7-m/nofp\libc.a(lib_a-atexit.o)
                              c:/progra~2/gnuarm~1/102020~1/bin/../lib/gcc/arm-none-eabi/10.2.1/../../../../arm-none-eabi/lib/thumb/v7-m/nofp\libc.a(lib_a-__call_atexit.o) (atexit)
c:/progra~2/gnuarm~1/102020~1/bin/../lib/gcc/arm-none-eabi/10.2.1/../../../../arm-none-eabi/lib/thumb/v7-m/nofp\libc.a(lib_a-fini.o)
                              c:/progra~2/gnuarm~1/102020~1/bin/../lib/gcc/arm-none-eabi/10.2.1/../../../../arm-none-eabi/lib/thumb/v7-m/nofp\libc.a(lib_a-__call_atexit.o) (__libc_fini_array)
c:/progra~2/gnuarm~1/102020~1/bin/../lib/gcc/arm-none-eabi/10.2.1/../../../../arm-none-eabi/lib/thumb/v7-m/nofp\libc.a(lib_a-lock.o)
                              c:/progra~2/gnuarm~1/102020~1/bin/../lib/gcc/arm-none-eabi/10.2.1/../../../../arm-none-eabi/lib/thumb/v7-m/nofp\libc.a(lib_a-__call_atexit.o) (__retarget_lock_acquire_recursive)
c:/progra~2/gnuarm~1/102020~1/bin/../lib/gcc/arm-none-eabi/10.2.1/../../../../arm-none-eabi/lib/thumb/v7-m/nofp\libc.a(lib_a-__atexit.o)
                              c:/progra~2/gnuarm~1/102020~1/bin/../lib/gcc/arm-none-eabi/10.2.1/../../../../arm-none-eabi/lib/thumb/v7-m/nofp\libc.a(lib_a-atexit.o) (__register_exitproc)

Discarded input sections

 .text          0x00000000        0x0 c:/progra~2/gnuarm~1/102020~1/bin/../lib/gcc/arm-none-eabi/10.2.1/thumb/v7-m/nofp/crti.o
 .data          0x00000000        0x0 c:/progra~2/gnuarm~1/102020~1/bin/../lib/gcc/arm-none-eabi/10.2.1/thumb/v7-m/nofp/crti.o
 .bss           0x00000000        0x0 c:/progra~2/gnuarm~1/102020~1/bin/../lib/gcc/arm-none-eabi/10.2.1/thumb/v7-m/nofp/crti.o
 .data          0x00000000        0x4 c:/progra~2/gnuarm~1/102020~1/bin/../lib/gcc/arm-none-eabi/10.2.1/thumb/v7-m/nofp/crtbegin.o
 .rodata        0x00000000       0x24 c:/progra~2/gnuarm~1/102020~1/bin/../lib/gcc/arm-none-eabi/10.2.1/thumb/v7-m/nofp/crtbegin.o
 .text          0x00000000       0x7c c:/progra~2/gnuarm~1/102020~1/bin/../lib/gcc/arm-none-eabi/10.2.1/../../../../arm-none-eabi/lib/thumb/v7-m/nofp/crt0.o
 .data          0x00000000        0x0 c:/progra~2/gnuarm~1/102020~1/bin/../lib/gcc/arm-none-eabi/10.2.1/../../../../arm-none-eabi/lib/thumb/v7-m/nofp/crt0.o
 .bss           0x00000000        0x0 c:/progra~2/gnuarm~1/102020~1/bin/../lib/gcc/arm-none-eabi/10.2.1/../../../../arm-none-eabi/lib/thumb/v7-m/nofp/crt0.o
 .ARM.extab     0x00000000        0x0 c:/progra~2/gnuarm~1/102020~1/bin/../lib/gcc/arm-none-eabi/10.2.1/../../../../arm-none-eabi/lib/thumb/v7-m/nofp/crt0.o
 .ARM.exidx     0x00000000       0x10 c:/progra~2/gnuarm~1/102020~1/bin/../lib/gcc/arm-none-eabi/10.2.1/../../../../arm-none-eabi/lib/thumb/v7-m/nofp/crt0.o
 .ARM.attributes
                0x00000000       0x1b c:/progra~2/gnuarm~1/102020~1/bin/../lib/gcc/arm-none-eabi/10.2.1/../../../../arm-none-eabi/lib/thumb/v7-m/nofp/crt0.o
 .text          0x00000000        0x0 CMakeFiles/test02-mouse-cmake.elf.dir/Core/Src/gpio.c.obj
 .data          0x00000000        0x0 CMakeFiles/test02-mouse-cmake.elf.dir/Core/Src/gpio.c.obj
[...]
Memory Configuration

Name             Origin             Length             Attributes
RAM              0x20000000         0x00010000         xrw
FLASH            0x08000000         0x00080000         xr
*default*        0x00000000         0xffffffff

Linker script and memory map

LOAD c:/progra~2/gnuarm~1/102020~1/bin/../lib/gcc/arm-none-eabi/10.2.1/thumb/v7-m/nofp/crti.o
LOAD c:/progra~2/gnuarm~1/102020~1/bin/../lib/gcc/arm-none-eabi/10.2.1/thumb/v7-m/nofp/crtbegin.o
LOAD c:/progra~2/gnuarm~1/102020~1/bin/../lib/gcc/arm-none-eabi/10.2.1/../../../../arm-none-eabi/lib/thumb/v7-m/nofp/crt0.o
LOAD CMakeFiles/test02-mouse-cmake.elf.dir/Core/Src/gpio.c.obj
LOAD CMakeFiles/test02-mouse-cmake.elf.dir/Core/Src/main.c.obj
LOAD CMakeFiles/test02-mouse-cmake.elf.dir/Core/Src/stm32f1xx_hal_msp.c.obj
LOAD CMakeFiles/test02-mouse-cmake.elf.dir/Core/Src/stm32f1xx_it.c.obj
LOAD CMakeFiles/test02-mouse-cmake.elf.dir/Core/Src/syscalls.c.obj
LOAD CMakeFiles/test02-mouse-cmake.elf.dir/Core/Src/sysmem.c.obj
LOAD CMakeFiles/test02-mouse-cmake.elf.dir/Core/Src/system_stm32f1xx.c.obj
LOAD CMakeFiles/test02-mouse-cmake.elf.dir/Core/Startup/startup_stm32f103zetx.s.obj
LOAD CMakeFiles/test02-mouse-cmake.elf.dir/Drivers/STM32F1xx_HAL_Driver/Src/stm32f1xx_hal.c.obj
LOAD CMakeFiles/test02-mouse-cmake.elf.dir/Drivers/STM32F1xx_HAL_Driver/Src/stm32f1xx_hal_cortex.c.obj
LOAD CMakeFiles/test02-mouse-cmake.elf.dir/Drivers/STM32F1xx_HAL_Driver/Src/stm32f1xx_hal_dma.c.obj
LOAD CMakeFiles/test02-mouse-cmake.elf.dir/Drivers/STM32F1xx_HAL_Driver/Src/stm32f1xx_hal_exti.c.obj
LOAD CMakeFiles/test02-mouse-cmake.elf.dir/Drivers/STM32F1xx_HAL_Driver/Src/stm32f1xx_hal_flash.c.obj
LOAD CMakeFiles/test02-mouse-cmake.elf.dir/Drivers/STM32F1xx_HAL_Driver/Src/stm32f1xx_hal_flash_ex.c.obj
LOAD CMakeFiles/test02-mouse-cmake.elf.dir/Drivers/STM32F1xx_HAL_Driver/Src/stm32f1xx_hal_gpio.c.obj
LOAD CMakeFiles/test02-mouse-cmake.elf.dir/Drivers/STM32F1xx_HAL_Driver/Src/stm32f1xx_hal_gpio_ex.c.obj
LOAD CMakeFiles/test02-mouse-cmake.elf.dir/Drivers/STM32F1xx_HAL_Driver/Src/stm32f1xx_hal_pcd.c.obj
LOAD CMakeFiles/test02-mouse-cmake.elf.dir/Drivers/STM32F1xx_HAL_Driver/Src/stm32f1xx_hal_pcd_ex.c.obj
LOAD CMakeFiles/test02-mouse-cmake.elf.dir/Drivers/STM32F1xx_HAL_Driver/Src/stm32f1xx_hal_pwr.c.obj
LOAD CMakeFiles/test02-mouse-cmake.elf.dir/Drivers/STM32F1xx_HAL_Driver/Src/stm32f1xx_hal_rcc.c.obj
LOAD CMakeFiles/test02-mouse-cmake.elf.dir/Drivers/STM32F1xx_HAL_Driver/Src/stm32f1xx_hal_rcc_ex.c.obj
LOAD CMakeFiles/test02-mouse-cmake.elf.dir/Drivers/STM32F1xx_HAL_Driver/Src/stm32f1xx_hal_tim.c.obj
LOAD CMakeFiles/test02-mouse-cmake.elf.dir/Drivers/STM32F1xx_HAL_Driver/Src/stm32f1xx_hal_tim_ex.c.obj
LOAD CMakeFiles/test02-mouse-cmake.elf.dir/Drivers/STM32F1xx_HAL_Driver/Src/stm32f1xx_ll_usb.c.obj
LOAD CMakeFiles/test02-mouse-cmake.elf.dir/Middlewares/ST/STM32_USB_Device_Library/Class/HID/Src/usbd_hid.c.obj
LOAD CMakeFiles/test02-mouse-cmake.elf.dir/Middlewares/ST/STM32_USB_Device_Library/Core/Src/usbd_core.c.obj
LOAD CMakeFiles/test02-mouse-cmake.elf.dir/Middlewares/ST/STM32_USB_Device_Library/Core/Src/usbd_ctlreq.c.obj
LOAD CMakeFiles/test02-mouse-cmake.elf.dir/Middlewares/ST/STM32_USB_Device_Library/Core/Src/usbd_ioreq.c.obj
LOAD CMakeFiles/test02-mouse-cmake.elf.dir/USB_DEVICE/App/usb_device.c.obj
LOAD CMakeFiles/test02-mouse-cmake.elf.dir/USB_DEVICE/App/usbd_desc.c.obj
LOAD CMakeFiles/test02-mouse-cmake.elf.dir/USB_DEVICE/Target/usbd_conf.c.obj
START GROUP
LOAD c:/progra~2/gnuarm~1/102020~1/bin/../lib/gcc/arm-none-eabi/10.2.1/thumb/v7-m/nofp\libgcc.a
LOAD c:/progra~2/gnuarm~1/102020~1/bin/../lib/gcc/arm-none-eabi/10.2.1/../../../../arm-none-eabi/lib/thumb/v7-m/nofp\libc.a
END GROUP
LOAD c:/progra~2/gnuarm~1/102020~1/bin/../lib/gcc/arm-none-eabi/10.2.1/thumb/v7-m/nofp/crtend.o
LOAD c:/progra~2/gnuarm~1/102020~1/bin/../lib/gcc/arm-none-eabi/10.2.1/thumb/v7-m/nofp/crtn.o
                0x20010000                _estack = (ORIGIN (RAM) + LENGTH (RAM))
                0x00000200                _Min_Heap_Size = 0x200
                0x00000400                _Min_Stack_Size = 0x400

.isr_vector     0x08000000      0x1e4
                0x08000000                . = ALIGN (0x4)
 *(.isr_vector)
 .isr_vector    0x08000000      0x1e4 CMakeFiles/test02-mouse-cmake.elf.dir/Core/Startup/startup_stm32f103zetx.s.obj
                0x08000000                g_pfnVectors
                0x080001e4                . = ALIGN (0x4)

.text           0x080001e4     0x3d84
                0x080001e4                . = ALIGN (0x4)
 *(.text)
 .text          0x080001e4       0x40 c:/progra~2/gnuarm~1/102020~1/bin/../lib/gcc/arm-none-eabi/10.2.1/thumb/v7-m/nofp/crtbegin.o
 *(.text*)
 .text.MX_GPIO_Init
                0x08000224       0xf4 CMakeFiles/test02-mouse-cmake.elf.dir/Core/Src/gpio.c.obj
                0x08000224                MX_GPIO_Init
 .text.Error_Handler
                0x08000318        0x4 CMakeFiles/test02-mouse-cmake.elf.dir/Core/Src/main.c.obj
                0x08000318                Error_Handler
 .text.SystemClock_Config
                0x0800031c       0x84 CMakeFiles/test02-mouse-cmake.elf.dir/Core/Src/main.c.obj
                0x0800031c                SystemClock_Config
 .text.main     0x080003a0       0x14 CMakeFiles/test02-mouse-cmake.elf.dir/Core/Src/main.c.obj
                0x080003a0                main
 .text.HAL_MspInit
                0x080003b4       0x44 CMakeFiles/test02-mouse-cmake.elf.dir/Core/Src/stm32f1xx_hal_msp.c.obj
                0x080003b4                HAL_MspInit
 .text.NMI_Handler
                0x080003f8        0x2 CMakeFiles/test02-mouse-cmake.elf.dir/Core/Src/stm32f1xx_it.c.obj
                0x080003f8                NMI_Handler
 .text.HardFault_Handler
                0x080003fa        0x2 CMakeFiles/test02-mouse-cmake.elf.dir/Core/Src/stm32f1xx_it.c.obj
                0x080003fa                HardFault_Handler
 .text.MemManage_Handler
                0x080003fc        0x2 CMakeFiles/test02-mouse-cmake.elf.dir/Core/Src/stm32f1xx_it.c.obj
                0x080003fc                MemManage_Handler
 .text.BusFault_Handler
                0x080003fe        0x2 CMakeFiles/test02-mouse-cmake.elf.dir/Core/Src/stm32f1xx_it.c.obj
                0x080003fe                BusFault_Handler
 .text.UsageFault_Handler
                0x08000400        0x2 CMakeFiles/test02-mouse-cmake.elf.dir/Core/Src/stm32f1xx_it.c.obj
                0x08000400                UsageFault_Handler
 .text.SVC_Handler
                0x08000402        0x2 CMakeFiles/test02-mouse-cmake.elf.dir/Core/Src/stm32f1xx_it.c.obj
                0x08000402                SVC_Handler
 .text.DebugMon_Handler
                0x08000404        0x2 CMakeFiles/test02-mouse-cmake.elf.dir/Core/Src/stm32f1xx_it.c.obj
                0x08000404                DebugMon_Handler
 .text.PendSV_Handler
                0x08000406        0x2 CMakeFiles/test02-mouse-cmake.elf.dir/Core/Src/stm32f1xx_it.c.obj
                0x08000406                PendSV_Handler
 .text.SysTick_Handler
                0x08000408        0x8 CMakeFiles/test02-mouse-cmake.elf.dir/Core/Src/stm32f1xx_it.c.obj
                0x08000408                SysTick_Handler
 .text.EXTI0_IRQHandler
                0x08000410       0x18 CMakeFiles/test02-mouse-cmake.elf.dir/Core/Src/stm32f1xx_it.c.obj
                0x08000410                EXTI0_IRQHandler
 .text.EXTI4_IRQHandler
                0x08000428       0x18 CMakeFiles/test02-mouse-cmake.elf.dir/Core/Src/stm32f1xx_it.c.obj
                0x08000428                EXTI4_IRQHandler
 .text.USB_LP_CAN1_RX0_IRQHandler
                0x08000440       0x10 CMakeFiles/test02-mouse-cmake.elf.dir/Core/Src/stm32f1xx_it.c.obj
                0x08000440                USB_LP_CAN1_RX0_IRQHandler
 .text.SystemInit
                0x08000450        0x2 CMakeFiles/test02-mouse-cmake.elf.dir/Core/Src/system_stm32f1xx.c.obj
                0x08000450                SystemInit
 *fill*         0x08000452        0x2 
 .text.Reset_Handler
                0x08000454       0x48 CMakeFiles/test02-mouse-cmake.elf.dir/Core/Startup/startup_stm32f103zetx.s.obj
                0x08000454                Reset_Handler
 .text.Default_Handler
                0x0800049c        0x2 CMakeFiles/test02-mouse-cmake.elf.dir/Core/Startup/startup_stm32f103zetx.s.obj
                0x0800049c                RTC_Alarm_IRQHandler
                0x0800049c                EXTI2_IRQHandler
                0x0800049c                TIM8_TRG_COM_IRQHandler
                0x0800049c                TIM8_CC_IRQHandler
                0x0800049c                TIM1_CC_IRQHandler
                0x0800049c                TIM6_IRQHandler
                0x0800049c                PVD_IRQHandler
                0x0800049c                SDIO_IRQHandler
                0x0800049c                EXTI3_IRQHandler
                0x0800049c                I2C2_EV_IRQHandler
                0x0800049c                ADC1_2_IRQHandler
                0x0800049c                SPI1_IRQHandler
                0x0800049c                TAMPER_IRQHandler
                0x0800049c                TIM8_UP_IRQHandler
                0x0800049c                DMA2_Channel2_IRQHandler
                0x0800049c                DMA1_Channel4_IRQHandler
                0x0800049c                USART3_IRQHandler
                0x0800049c                RTC_IRQHandler
                0x0800049c                DMA1_Channel7_IRQHandler
                0x0800049c                CAN1_RX1_IRQHandler
                0x0800049c                UART5_IRQHandler
                0x0800049c                ADC3_IRQHandler
                0x0800049c                TIM4_IRQHandler
                0x0800049c                DMA2_Channel1_IRQHandler
                0x0800049c                I2C1_EV_IRQHandler
                0x0800049c                DMA1_Channel6_IRQHandler
                0x0800049c                UART4_IRQHandler
                0x0800049c                TIM3_IRQHandler
                0x0800049c                RCC_IRQHandler
                0x0800049c                TIM1_TRG_COM_IRQHandler
                0x0800049c                DMA1_Channel1_IRQHandler
                0x0800049c                Default_Handler
                0x0800049c                EXTI15_10_IRQHandler
                0x0800049c                TIM7_IRQHandler
                0x0800049c                TIM5_IRQHandler
                0x0800049c                EXTI9_5_IRQHandler
                0x0800049c                SPI2_IRQHandler
                0x0800049c                DMA1_Channel5_IRQHandler
                0x0800049c                USB_HP_CAN1_TX_IRQHandler
                0x0800049c                DMA1_Channel3_IRQHandler
                0x0800049c                FSMC_IRQHandler
                0x0800049c                TIM1_UP_IRQHandler
                0x0800049c                WWDG_IRQHandler
                0x0800049c                TIM2_IRQHandler
                0x0800049c                TIM1_BRK_IRQHandler
                0x0800049c                EXTI1_IRQHandler
                0x0800049c                DMA2_Channel4_5_IRQHandler
                0x0800049c                USART2_IRQHandler
                0x0800049c                I2C2_ER_IRQHandler
                0x0800049c                DMA1_Channel2_IRQHandler
                0x0800049c                TIM8_BRK_IRQHandler
                0x0800049c                CAN1_SCE_IRQHandler
                0x0800049c                FLASH_IRQHandler
                0x0800049c                USART1_IRQHandler
                0x0800049c                SPI3_IRQHandler
                0x0800049c                I2C1_ER_IRQHandler
                0x0800049c                USBWakeUp_IRQHandler
                0x0800049c                DMA2_Channel3_IRQHandler
 *fill*         0x0800049e        0x2 
 .text.HAL_InitTick
                0x080004a0       0x4c CMakeFiles/test02-mouse-cmake.elf.dir/Drivers/STM32F1xx_HAL_Driver/Src/stm32f1xx_hal.c.obj
                0x080004a0                HAL_InitTick
 .text.HAL_Init
                0x080004ec       0x24 CMakeFiles/test02-mouse-cmake.elf.dir/Drivers/STM32F1xx_HAL_Driver/Src/stm32f1xx_hal.c.obj
                0x080004ec                HAL_Init
 .text.HAL_IncTick
                0x08000510       0x18 CMakeFiles/test02-mouse-cmake.elf.dir/Drivers/STM32F1xx_HAL_Driver/Src/stm32f1xx_hal.c.obj
                0x08000510                HAL_IncTick
 .text.HAL_GetTick
                0x08000528        0xc CMakeFiles/test02-mouse-cmake.elf.dir/Drivers/STM32F1xx_HAL_Driver/Src/stm32f1xx_hal.c.obj
                0x08000528                HAL_GetTick
 .text.HAL_NVIC_SetPriorityGrouping
                0x08000534       0x24 CMakeFiles/test02-mouse-cmake.elf.dir/Drivers/STM32F1xx_HAL_Driver/Src/stm32f1xx_hal_cortex.c.obj
                0x08000534                HAL_NVIC_SetPriorityGrouping
 .text.HAL_NVIC_SetPriority
                0x08000558       0x70 CMakeFiles/test02-mouse-cmake.elf.dir/Drivers/STM32F1xx_HAL_Driver/Src/stm32f1xx_hal_cortex.c.obj
                0x08000558                HAL_NVIC_SetPriority
 .text.HAL_NVIC_EnableIRQ
                0x080005c8       0x1c CMakeFiles/test02-mouse-cmake.elf.dir/Drivers/STM32F1xx_HAL_Driver/Src/stm32f1xx_hal_cortex.c.obj
                0x080005c8                HAL_NVIC_EnableIRQ
 .text.HAL_SYSTICK_Config
                0x080005e4       0x28 CMakeFiles/test02-mouse-cmake.elf.dir/Drivers/STM32F1xx_HAL_Driver/Src/stm32f1xx_hal_cortex.c.obj
                0x080005e4                HAL_SYSTICK_Config
 .text.HAL_GPIO_Init
                0x0800060c      0x240 CMakeFiles/test02-mouse-cmake.elf.dir/Drivers/STM32F1xx_HAL_Driver/Src/stm32f1xx_hal_gpio.c.obj
                0x0800060c                HAL_GPIO_Init
 .text.HAL_GPIO_WritePin
                0x0800084c        0xc CMakeFiles/test02-mouse-cmake.elf.dir/Drivers/STM32F1xx_HAL_Driver/Src/stm32f1xx_hal_gpio.c.obj
                0x0800084c                HAL_GPIO_WritePin
 .text.HAL_GPIO_TogglePin
                0x08000858       0x12 CMakeFiles/test02-mouse-cmake.elf.dir/Drivers/STM32F1xx_HAL_Driver/Src/stm32f1xx_hal_gpio.c.obj
                0x08000858                HAL_GPIO_TogglePin
 .text.HAL_GPIO_EXTI_Callback
                0x0800086a        0x2 CMakeFiles/test02-mouse-cmake.elf.dir/Drivers/STM32F1xx_HAL_Driver/Src/stm32f1xx_hal_gpio.c.obj
                0x0800086a                HAL_GPIO_EXTI_Callback
 .text.HAL_GPIO_EXTI_IRQHandler
                0x0800086c       0x1c CMakeFiles/test02-mouse-cmake.elf.dir/Drivers/STM32F1xx_HAL_Driver/Src/stm32f1xx_hal_gpio.c.obj
                0x0800086c                HAL_GPIO_EXTI_IRQHandler
 .text.HAL_PCD_EP_DB_Receive
                0x08000888      0x11c CMakeFiles/test02-mouse-cmake.elf.dir/Drivers/STM32F1xx_HAL_Driver/Src/stm32f1xx_hal_pcd.c.obj
 .text.HAL_PCD_Init
                0x080009a4      0x118 CMakeFiles/test02-mouse-cmake.elf.dir/Drivers/STM32F1xx_HAL_Driver/Src/stm32f1xx_hal_pcd.c.obj
                0x080009a4                HAL_PCD_Init
 .text.HAL_PCD_Start
                0x08000abc       0x32 CMakeFiles/test02-mouse-cmake.elf.dir/Drivers/STM32F1xx_HAL_Driver/Src/stm32f1xx_hal_pcd.c.obj
                0x08000abc                HAL_PCD_Start
 .text.HAL_PCD_EP_DB_Transmit
                0x08000aee      0x420 CMakeFiles/test02-mouse-cmake.elf.dir/Drivers/STM32F1xx_HAL_Driver/Src/stm32f1xx_hal_pcd.c.obj
 .text.PCD_EP_ISR_Handler
                0x08000f0e      0x438 CMakeFiles/test02-mouse-cmake.elf.dir/Drivers/STM32F1xx_HAL_Driver/Src/stm32f1xx_hal_pcd.c.obj
 .text.HAL_PCD_SetAddress
                0x08001346       0x28 CMakeFiles/test02-mouse-cmake.elf.dir/Drivers/STM32F1xx_HAL_Driver/Src/stm32f1xx_hal_pcd.c.obj
                0x08001346                HAL_PCD_SetAddress
 .text.HAL_PCD_IRQHandler
                0x0800136e      0x1d4 CMakeFiles/test02-mouse-cmake.elf.dir/Drivers/STM32F1xx_HAL_Driver/Src/stm32f1xx_hal_pcd.c.obj
                0x0800136e                HAL_PCD_IRQHandler
 .text.HAL_PCD_EP_Open
                0x08001542       0x84 CMakeFiles/test02-mouse-cmake.elf.dir/Drivers/STM32F1xx_HAL_Driver/Src/stm32f1xx_hal_pcd.c.obj
                0x08001542                HAL_PCD_EP_Open
 .text.HAL_PCD_EP_Close
                0x080015c6       0x64 CMakeFiles/test02-mouse-cmake.elf.dir/Drivers/STM32F1xx_HAL_Driver/Src/stm32f1xx_hal_pcd.c.obj
                0x080015c6                HAL_PCD_EP_Close
 .text.HAL_PCD_EP_Receive
                0x0800162a       0x44 CMakeFiles/test02-mouse-cmake.elf.dir/Drivers/STM32F1xx_HAL_Driver/Src/stm32f1xx_hal_pcd.c.obj
                0x0800162a                HAL_PCD_EP_Receive
 .text.HAL_PCD_EP_Transmit
                0x0800166e       0x50 CMakeFiles/test02-mouse-cmake.elf.dir/Drivers/STM32F1xx_HAL_Driver/Src/stm32f1xx_hal_pcd.c.obj
                0x0800166e                HAL_PCD_EP_Transmit
 .text.HAL_PCD_EP_SetStall
                0x080016be       0x78 CMakeFiles/test02-mouse-cmake.elf.dir/Drivers/STM32F1xx_HAL_Driver/Src/stm32f1xx_hal_pcd.c.obj
                0x080016be                HAL_PCD_EP_SetStall
 .text.HAL_PCD_EP_ClrStall
                0x08001736       0x76 CMakeFiles/test02-mouse-cmake.elf.dir/Drivers/STM32F1xx_HAL_Driver/Src/stm32f1xx_hal_pcd.c.obj
                0x08001736                HAL_PCD_EP_ClrStall
 .text.HAL_PCDEx_PMAConfig
                0x080017ac       0x38 CMakeFiles/test02-mouse-cmake.elf.dir/Drivers/STM32F1xx_HAL_Driver/Src/stm32f1xx_hal_pcd_ex.c.obj
                0x080017ac                HAL_PCDEx_PMAConfig
 .text.RCC_Delay
                0x080017e4       0x2c CMakeFiles/test02-mouse-cmake.elf.dir/Drivers/STM32F1xx_HAL_Driver/Src/stm32f1xx_hal_rcc.c.obj
 .text.HAL_RCC_OscConfig
                0x08001810      0x410 CMakeFiles/test02-mouse-cmake.elf.dir/Drivers/STM32F1xx_HAL_Driver/Src/stm32f1xx_hal_rcc.c.obj
                0x08001810                HAL_RCC_OscConfig
 .text.HAL_RCC_GetSysClockFreq
                0x08001c20       0x6c CMakeFiles/test02-mouse-cmake.elf.dir/Drivers/STM32F1xx_HAL_Driver/Src/stm32f1xx_hal_rcc.c.obj
                0x08001c20                HAL_RCC_GetSysClockFreq
 .text.HAL_RCC_ClockConfig
                0x08001c8c      0x16c CMakeFiles/test02-mouse-cmake.elf.dir/Drivers/STM32F1xx_HAL_Driver/Src/stm32f1xx_hal_rcc.c.obj
                0x08001c8c                HAL_RCC_ClockConfig
 .text.HAL_RCCEx_PeriphCLKConfig
                0x08001df8      0x118 CMakeFiles/test02-mouse-cmake.elf.dir/Drivers/STM32F1xx_HAL_Driver/Src/stm32f1xx_hal_rcc_ex.c.obj
                0x08001df8                HAL_RCCEx_PeriphCLKConfig
 .text.USB_CoreInit
                0x08001f10        0xe CMakeFiles/test02-mouse-cmake.elf.dir/Drivers/STM32F1xx_HAL_Driver/Src/stm32f1xx_ll_usb.c.obj
                0x08001f10                USB_CoreInit
 .text.USB_EnableGlobalInt
                0x08001f1e       0x12 CMakeFiles/test02-mouse-cmake.elf.dir/Drivers/STM32F1xx_HAL_Driver/Src/stm32f1xx_ll_usb.c.obj
                0x08001f1e                USB_EnableGlobalInt
 .text.USB_DisableGlobalInt
                0x08001f30       0x14 CMakeFiles/test02-mouse-cmake.elf.dir/Drivers/STM32F1xx_HAL_Driver/Src/stm32f1xx_ll_usb.c.obj
                0x08001f30                USB_DisableGlobalInt
 .text.USB_SetCurrentMode
                0x08001f44        0x4 CMakeFiles/test02-mouse-cmake.elf.dir/Drivers/STM32F1xx_HAL_Driver/Src/stm32f1xx_ll_usb.c.obj
                0x08001f44                USB_SetCurrentMode
 .text.USB_DevInit
                0x08001f48       0x22 CMakeFiles/test02-mouse-cmake.elf.dir/Drivers/STM32F1xx_HAL_Driver/Src/stm32f1xx_ll_usb.c.obj
                0x08001f48                USB_DevInit
 .text.USB_ActivateEndpoint
                0x08001f6a      0x378 CMakeFiles/test02-mouse-cmake.elf.dir/Drivers/STM32F1xx_HAL_Driver/Src/stm32f1xx_ll_usb.c.obj
                0x08001f6a                USB_ActivateEndpoint
 .text.USB_DeactivateEndpoint
                0x080022e2      0x1d6 CMakeFiles/test02-mouse-cmake.elf.dir/Drivers/STM32F1xx_HAL_Driver/Src/stm32f1xx_ll_usb.c.obj
                0x080022e2                USB_DeactivateEndpoint
 .text.USB_EPSetStall
                0x080024b8       0x4a CMakeFiles/test02-mouse-cmake.elf.dir/Drivers/STM32F1xx_HAL_Driver/Src/stm32f1xx_ll_usb.c.obj
                0x080024b8                USB_EPSetStall
 .text.USB_EPClearStall
                0x08002502       0xa2 CMakeFiles/test02-mouse-cmake.elf.dir/Drivers/STM32F1xx_HAL_Driver/Src/stm32f1xx_ll_usb.c.obj
                0x08002502                USB_EPClearStall
 .text.USB_SetDevAddress
                0x080025a4        0xc CMakeFiles/test02-mouse-cmake.elf.dir/Drivers/STM32F1xx_HAL_Driver/Src/stm32f1xx_ll_usb.c.obj
                0x080025a4                USB_SetDevAddress
 .text.USB_DevConnect
                0x080025b0        0x4 CMakeFiles/test02-mouse-cmake.elf.dir/Drivers/STM32F1xx_HAL_Driver/Src/stm32f1xx_ll_usb.c.obj
                0x080025b0                USB_DevConnect
 .text.USB_DevDisconnect
                0x080025b4        0x4 CMakeFiles/test02-mouse-cmake.elf.dir/Drivers/STM32F1xx_HAL_Driver/Src/stm32f1xx_ll_usb.c.obj
                0x080025b4                USB_DevDisconnect
 .text.USB_ReadInterrupts
                0x080025b8        0x8 CMakeFiles/test02-mouse-cmake.elf.dir/Drivers/STM32F1xx_HAL_Driver/Src/stm32f1xx_ll_usb.c.obj
                0x080025b8                USB_ReadInterrupts
 .text.USB_EP0_OutStart
                0x080025c0        0x4 CMakeFiles/test02-mouse-cmake.elf.dir/Drivers/STM32F1xx_HAL_Driver/Src/stm32f1xx_ll_usb.c.obj
                0x080025c0                USB_EP0_OutStart
 .text.USB_WritePMA
                0x080025c4       0x28 CMakeFiles/test02-mouse-cmake.elf.dir/Drivers/STM32F1xx_HAL_Driver/Src/stm32f1xx_ll_usb.c.obj
                0x080025c4                USB_WritePMA
 .text.USB_EPStartXfer
                0x080025ec      0x8b2 CMakeFiles/test02-mouse-cmake.elf.dir/Drivers/STM32F1xx_HAL_Driver/Src/stm32f1xx_ll_usb.c.obj
                0x080025ec                USB_EPStartXfer
 .text.USB_ReadPMA
                0x08002e9e       0x30 CMakeFiles/test02-mouse-cmake.elf.dir/Drivers/STM32F1xx_HAL_Driver/Src/stm32f1xx_ll_usb.c.obj
                0x08002e9e                USB_ReadPMA
 *fill*         0x08002ece        0x2 
 .text.USBD_HID_GetFSCfgDesc
                0x08002ed0        0xc CMakeFiles/test02-mouse-cmake.elf.dir/Middlewares/ST/STM32_USB_Device_Library/Class/HID/Src/usbd_hid.c.obj
 .text.USBD_HID_GetHSCfgDesc
                0x08002edc        0xc CMakeFiles/test02-mouse-cmake.elf.dir/Middlewares/ST/STM32_USB_Device_Library/Class/HID/Src/usbd_hid.c.obj
 .text.USBD_HID_GetOtherSpeedCfgDesc
                0x08002ee8        0xc CMakeFiles/test02-mouse-cmake.elf.dir/Middlewares/ST/STM32_USB_Device_Library/Class/HID/Src/usbd_hid.c.obj
 .text.USBD_HID_DataIn
                0x08002ef4        0xa CMakeFiles/test02-mouse-cmake.elf.dir/Middlewares/ST/STM32_USB_Device_Library/Class/HID/Src/usbd_hid.c.obj
 *fill*         0x08002efe        0x2 
 .text.USBD_HID_GetDeviceQualifierDesc
                0x08002f00        0xc CMakeFiles/test02-mouse-cmake.elf.dir/Middlewares/ST/STM32_USB_Device_Library/Class/HID/Src/usbd_hid.c.obj
 .text.USBD_HID_Setup
                0x08002f0c      0x114 CMakeFiles/test02-mouse-cmake.elf.dir/Middlewares/ST/STM32_USB_Device_Library/Class/HID/Src/usbd_hid.c.obj
 .text.USBD_HID_DeInit
                0x08003020       0x22 CMakeFiles/test02-mouse-cmake.elf.dir/Middlewares/ST/STM32_USB_Device_Library/Class/HID/Src/usbd_hid.c.obj
 .text.USBD_HID_Init
                0x08003042       0x2a CMakeFiles/test02-mouse-cmake.elf.dir/Middlewares/ST/STM32_USB_Device_Library/Class/HID/Src/usbd_hid.c.obj
 .text.USBD_Init
                0x0800306c       0x2e CMakeFiles/test02-mouse-cmake.elf.dir/Middlewares/ST/STM32_USB_Device_Library/Core/Src/usbd_core.c.obj
                0x0800306c                USBD_Init
 .text.USBD_RegisterClass
                0x0800309a        0xe CMakeFiles/test02-mouse-cmake.elf.dir/Middlewares/ST/STM32_USB_Device_Library/Core/Src/usbd_core.c.obj
                0x0800309a                USBD_RegisterClass
 .text.USBD_Start
                0x080030a8        0xa CMakeFiles/test02-mouse-cmake.elf.dir/Middlewares/ST/STM32_USB_Device_Library/Core/Src/usbd_core.c.obj
                0x080030a8                USBD_Start
 .text.USBD_SetClassConfig
                0x080030b2       0x18 CMakeFiles/test02-mouse-cmake.elf.dir/Middlewares/ST/STM32_USB_Device_Library/Core/Src/usbd_core.c.obj
                0x080030b2                USBD_SetClassConfig
 .text.USBD_ClrClassConfig
                0x080030ca        0xe CMakeFiles/test02-mouse-cmake.elf.dir/Middlewares/ST/STM32_USB_Device_Library/Core/Src/usbd_core.c.obj
                0x080030ca                USBD_ClrClassConfig
 .text.USBD_LL_SetupStage
                0x080030d8       0x5a CMakeFiles/test02-mouse-cmake.elf.dir/Middlewares/ST/STM32_USB_Device_Library/Core/Src/usbd_core.c.obj
                0x080030d8                USBD_LL_SetupStage
 .text.USBD_LL_DataOutStage
                0x08003132       0x8c CMakeFiles/test02-mouse-cmake.elf.dir/Middlewares/ST/STM32_USB_Device_Library/Core/Src/usbd_core.c.obj
                0x08003132                USBD_LL_DataOutStage
 .text.USBD_LL_DataInStage
                0x080031be       0xd0 CMakeFiles/test02-mouse-cmake.elf.dir/Middlewares/ST/STM32_USB_Device_Library/Core/Src/usbd_core.c.obj
                0x080031be                USBD_LL_DataInStage
 .text.USBD_LL_Reset
                0x0800328e       0x50 CMakeFiles/test02-mouse-cmake.elf.dir/Middlewares/ST/STM32_USB_Device_Library/Core/Src/usbd_core.c.obj
                0x0800328e                USBD_LL_Reset
 .text.USBD_LL_SetSpeed
                0x080032de        0x6 CMakeFiles/test02-mouse-cmake.elf.dir/Middlewares/ST/STM32_USB_Device_Library/Core/Src/usbd_core.c.obj
                0x080032de                USBD_LL_SetSpeed
 .text.USBD_LL_Suspend
                0x080032e4       0x12 CMakeFiles/test02-mouse-cmake.elf.dir/Middlewares/ST/STM32_USB_Device_Library/Core/Src/usbd_core.c.obj
                0x080032e4                USBD_LL_Suspend
 .text.USBD_LL_Resume
                0x080032f6       0x16 CMakeFiles/test02-mouse-cmake.elf.dir/Middlewares/ST/STM32_USB_Device_Library/Core/Src/usbd_core.c.obj
                0x080032f6                USBD_LL_Resume
 .text.USBD_LL_SOF
                0x0800330c       0x1c CMakeFiles/test02-mouse-cmake.elf.dir/Middlewares/ST/STM32_USB_Device_Library/Core/Src/usbd_core.c.obj
                0x0800330c                USBD_LL_SOF
 .text.USBD_GetLen
                0x08003328       0x14 CMakeFiles/test02-mouse-cmake.elf.dir/Middlewares/ST/STM32_USB_Device_Library/Core/Src/usbd_ctlreq.c.obj
 .text.USBD_SetFeature
                0x0800333c       0x14 CMakeFiles/test02-mouse-cmake.elf.dir/Middlewares/ST/STM32_USB_Device_Library/Core/Src/usbd_ctlreq.c.obj
 .text.USBD_ParseSetupRequest
                0x08003350       0x28 CMakeFiles/test02-mouse-cmake.elf.dir/Middlewares/ST/STM32_USB_Device_Library/Core/Src/usbd_ctlreq.c.obj
                0x08003350                USBD_ParseSetupRequest
 .text.USBD_CtlError
                0x08003378       0x14 CMakeFiles/test02-mouse-cmake.elf.dir/Middlewares/ST/STM32_USB_Device_Library/Core/Src/usbd_ctlreq.c.obj
                0x08003378                USBD_CtlError
 .text.USBD_GetDescriptor
                0x0800338c      0x186 CMakeFiles/test02-mouse-cmake.elf.dir/Middlewares/ST/STM32_USB_Device_Library/Core/Src/usbd_ctlreq.c.obj
 .text.USBD_SetAddress
                0x08003512       0x4e CMakeFiles/test02-mouse-cmake.elf.dir/Middlewares/ST/STM32_USB_Device_Library/Core/Src/usbd_ctlreq.c.obj
 .text.USBD_SetConfig
                0x08003560       0xb0 CMakeFiles/test02-mouse-cmake.elf.dir/Middlewares/ST/STM32_USB_Device_Library/Core/Src/usbd_ctlreq.c.obj
 .text.USBD_GetConfig
                0x08003610       0x3e CMakeFiles/test02-mouse-cmake.elf.dir/Middlewares/ST/STM32_USB_Device_Library/Core/Src/usbd_ctlreq.c.obj
 .text.USBD_GetStatus
                0x0800364e       0x38 CMakeFiles/test02-mouse-cmake.elf.dir/Middlewares/ST/STM32_USB_Device_Library/Core/Src/usbd_ctlreq.c.obj
 .text.USBD_ClrFeature
                0x08003686       0x26 CMakeFiles/test02-mouse-cmake.elf.dir/Middlewares/ST/STM32_USB_Device_Library/Core/Src/usbd_ctlreq.c.obj
 .text.USBD_StdDevReq
                0x080036ac       0x68 CMakeFiles/test02-mouse-cmake.elf.dir/Middlewares/ST/STM32_USB_Device_Library/Core/Src/usbd_ctlreq.c.obj
                0x080036ac                USBD_StdDevReq
 .text.USBD_StdItfReq
                0x08003714       0x60 CMakeFiles/test02-mouse-cmake.elf.dir/Middlewares/ST/STM32_USB_Device_Library/Core/Src/usbd_ctlreq.c.obj
                0x08003714                USBD_StdItfReq
 .text.USBD_StdEPReq
                0x08003774      0x1e2 CMakeFiles/test02-mouse-cmake.elf.dir/Middlewares/ST/STM32_USB_Device_Library/Core/Src/usbd_ctlreq.c.obj
                0x08003774                USBD_StdEPReq
 .text.USBD_GetString
                0x08003956       0x3a CMakeFiles/test02-mouse-cmake.elf.dir/Middlewares/ST/STM32_USB_Device_Library/Core/Src/usbd_ctlreq.c.obj
                0x08003956                USBD_GetString
 .text.USBD_CtlSendData
                0x08003990       0x1a CMakeFiles/test02-mouse-cmake.elf.dir/Middlewares/ST/STM32_USB_Device_Library/Core/Src/usbd_ioreq.c.obj
                0x08003990                USBD_CtlSendData
 .text.USBD_CtlContinueSendData
                0x080039aa       0x10 CMakeFiles/test02-mouse-cmake.elf.dir/Middlewares/ST/STM32_USB_Device_Library/Core/Src/usbd_ioreq.c.obj
                0x080039aa                USBD_CtlContinueSendData
 .text.USBD_CtlContinueRx
                0x080039ba       0x10 CMakeFiles/test02-mouse-cmake.elf.dir/Middlewares/ST/STM32_USB_Device_Library/Core/Src/usbd_ioreq.c.obj
                0x080039ba                USBD_CtlContinueRx
 .text.USBD_CtlSendStatus
                0x080039ca       0x16 CMakeFiles/test02-mouse-cmake.elf.dir/Middlewares/ST/STM32_USB_Device_Library/Core/Src/usbd_ioreq.c.obj
                0x080039ca                USBD_CtlSendStatus
 .text.USBD_CtlReceiveStatus
                0x080039e0       0x16 CMakeFiles/test02-mouse-cmake.elf.dir/Middlewares/ST/STM32_USB_Device_Library/Core/Src/usbd_ioreq.c.obj
                0x080039e0                USBD_CtlReceiveStatus
 *fill*         0x080039f6        0x2 
 .text.MX_USB_DEVICE_Init
                0x080039f8       0x40 CMakeFiles/test02-mouse-cmake.elf.dir/USB_DEVICE/App/usb_device.c.obj
                0x080039f8                MX_USB_DEVICE_Init
 .text.USBD_FS_DeviceDescriptor
                0x08003a38        0xc CMakeFiles/test02-mouse-cmake.elf.dir/USB_DEVICE/App/usbd_desc.c.obj
                0x08003a38                USBD_FS_DeviceDescriptor
 .text.USBD_FS_LangIDStrDescriptor
                0x08003a44        0xc CMakeFiles/test02-mouse-cmake.elf.dir/USB_DEVICE/App/usbd_desc.c.obj
                0x08003a44                USBD_FS_LangIDStrDescriptor
 .text.IntToUnicode
                0x08003a50       0x46 CMakeFiles/test02-mouse-cmake.elf.dir/USB_DEVICE/App/usbd_desc.c.obj
 *fill*         0x08003a96        0x2 
 .text.Get_SerialNum
                0x08003a98       0x38 CMakeFiles/test02-mouse-cmake.elf.dir/USB_DEVICE/App/usbd_desc.c.obj
 .text.USBD_FS_SerialStrDescriptor
                0x08003ad0       0x14 CMakeFiles/test02-mouse-cmake.elf.dir/USB_DEVICE/App/usbd_desc.c.obj
                0x08003ad0                USBD_FS_SerialStrDescriptor
 .text.USBD_FS_ProductStrDescriptor
                0x08003ae4       0x24 CMakeFiles/test02-mouse-cmake.elf.dir/USB_DEVICE/App/usbd_desc.c.obj
                0x08003ae4                USBD_FS_ProductStrDescriptor
 .text.USBD_FS_ManufacturerStrDescriptor
                0x08003b08       0x1c CMakeFiles/test02-mouse-cmake.elf.dir/USB_DEVICE/App/usbd_desc.c.obj
                0x08003b08                USBD_FS_ManufacturerStrDescriptor
 .text.USBD_FS_ConfigStrDescriptor
                0x08003b24       0x24 CMakeFiles/test02-mouse-cmake.elf.dir/USB_DEVICE/App/usbd_desc.c.obj
                0x08003b24                USBD_FS_ConfigStrDescriptor
 .text.USBD_FS_InterfaceStrDescriptor
                0x08003b48       0x24 CMakeFiles/test02-mouse-cmake.elf.dir/USB_DEVICE/App/usbd_desc.c.obj
                0x08003b48                USBD_FS_InterfaceStrDescriptor
 .text.USBD_Get_USB_Status
                0x08003b6c       0x14 CMakeFiles/test02-mouse-cmake.elf.dir/USB_DEVICE/Target/usbd_conf.c.obj
 .text.HAL_PCD_MspInit
                0x08003b80       0x40 CMakeFiles/test02-mouse-cmake.elf.dir/USB_DEVICE/Target/usbd_conf.c.obj
                0x08003b80                HAL_PCD_MspInit
 .text.HAL_PCD_SetupStageCallback
                0x08003bc0       0x10 CMakeFiles/test02-mouse-cmake.elf.dir/USB_DEVICE/Target/usbd_conf.c.obj
                0x08003bc0                HAL_PCD_SetupStageCallback
 .text.HAL_PCD_DataOutStageCallback
                0x08003bd0       0x18 CMakeFiles/test02-mouse-cmake.elf.dir/USB_DEVICE/Target/usbd_conf.c.obj
                0x08003bd0                HAL_PCD_DataOutStageCallback
 .text.HAL_PCD_DataInStageCallback
                0x08003be8       0x16 CMakeFiles/test02-mouse-cmake.elf.dir/USB_DEVICE/Target/usbd_conf.c.obj
                0x08003be8                HAL_PCD_DataInStageCallback
 .text.HAL_PCD_SOFCallback
                0x08003bfe        0xc CMakeFiles/test02-mouse-cmake.elf.dir/USB_DEVICE/Target/usbd_conf.c.obj
                0x08003bfe                HAL_PCD_SOFCallback
 .text.HAL_PCD_ResetCallback
                0x08003c0a       0x24 CMakeFiles/test02-mouse-cmake.elf.dir/USB_DEVICE/Target/usbd_conf.c.obj
                0x08003c0a                HAL_PCD_ResetCallback
 *fill*         0x08003c2e        0x2 
 .text.HAL_PCD_SuspendCallback
                0x08003c30       0x20 CMakeFiles/test02-mouse-cmake.elf.dir/USB_DEVICE/Target/usbd_conf.c.obj
                0x08003c30                HAL_PCD_SuspendCallback
 .text.HAL_PCD_ResumeCallback
                0x08003c50        0xc CMakeFiles/test02-mouse-cmake.elf.dir/USB_DEVICE/Target/usbd_conf.c.obj
                0x08003c50                HAL_PCD_ResumeCallback
 .text.USBD_LL_Init
                0x08003c5c       0x68 CMakeFiles/test02-mouse-cmake.elf.dir/USB_DEVICE/Target/usbd_conf.c.obj
                0x08003c5c                USBD_LL_Init
 .text.USBD_LL_Start
                0x08003cc4       0x10 CMakeFiles/test02-mouse-cmake.elf.dir/USB_DEVICE/Target/usbd_conf.c.obj
                0x08003cc4                USBD_LL_Start
 .text.USBD_LL_OpenEP
                0x08003cd4       0x16 CMakeFiles/test02-mouse-cmake.elf.dir/USB_DEVICE/Target/usbd_conf.c.obj
                0x08003cd4                USBD_LL_OpenEP
 .text.USBD_LL_CloseEP
                0x08003cea       0x10 CMakeFiles/test02-mouse-cmake.elf.dir/USB_DEVICE/Target/usbd_conf.c.obj
                0x08003cea                USBD_LL_CloseEP
 .text.USBD_LL_StallEP
                0x08003cfa       0x10 CMakeFiles/test02-mouse-cmake.elf.dir/USB_DEVICE/Target/usbd_conf.c.obj
                0x08003cfa                USBD_LL_StallEP
 .text.USBD_LL_ClearStallEP
                0x08003d0a       0x10 CMakeFiles/test02-mouse-cmake.elf.dir/USB_DEVICE/Target/usbd_conf.c.obj
                0x08003d0a                USBD_LL_ClearStallEP
 .text.USBD_LL_IsStallEP
                0x08003d1a       0x2e CMakeFiles/test02-mouse-cmake.elf.dir/USB_DEVICE/Target/usbd_conf.c.obj
                0x08003d1a                USBD_LL_IsStallEP
 .text.USBD_LL_SetUSBAddress
                0x08003d48       0x10 CMakeFiles/test02-mouse-cmake.elf.dir/USB_DEVICE/Target/usbd_conf.c.obj
                0x08003d48                USBD_LL_SetUSBAddress
 .text.USBD_LL_Transmit
                0x08003d58       0x10 CMakeFiles/test02-mouse-cmake.elf.dir/USB_DEVICE/Target/usbd_conf.c.obj
                0x08003d58                USBD_LL_Transmit
 .text.USBD_LL_PrepareReceive
                0x08003d68       0x10 CMakeFiles/test02-mouse-cmake.elf.dir/USB_DEVICE/Target/usbd_conf.c.obj
                0x08003d68                USBD_LL_PrepareReceive
 .text.USBD_static_malloc
                0x08003d78        0x8 CMakeFiles/test02-mouse-cmake.elf.dir/USB_DEVICE/Target/usbd_conf.c.obj
                0x08003d78                USBD_static_malloc
 .text.USBD_static_free
                0x08003d80        0x2 CMakeFiles/test02-mouse-cmake.elf.dir/USB_DEVICE/Target/usbd_conf.c.obj
                0x08003d80                USBD_static_free
 .text.HAL_PCDEx_SetConnectionState
                0x08003d82        0x2 CMakeFiles/test02-mouse-cmake.elf.dir/USB_DEVICE/Target/usbd_conf.c.obj
                0x08003d82                HAL_PCDEx_SetConnectionState
 .text.__libc_init_array
                0x08003d84       0x48 c:/progra~2/gnuarm~1/102020~1/bin/../lib/gcc/arm-none-eabi/10.2.1/../../../../arm-none-eabi/lib/thumb/v7-m/nofp\libc.a(lib_a-init.o)
                0x08003d84                __libc_init_array
 .text.memset   0x08003dcc       0xa4 c:/progra~2/gnuarm~1/102020~1/bin/../lib/gcc/arm-none-eabi/10.2.1/../../../../arm-none-eabi/lib/thumb/v7-m/nofp\libc.a(lib_a-memset.o)
                0x08003dcc                memset
 .text.startup.register_fini
                0x08003e70       0x14 c:/progra~2/gnuarm~1/102020~1/bin/../lib/gcc/arm-none-eabi/10.2.1/../../../../arm-none-eabi/lib/thumb/v7-m/nofp\libc.a(lib_a-__call_atexit.o)
 .text.atexit   0x08003e84        0xc c:/progra~2/gnuarm~1/102020~1/bin/../lib/gcc/arm-none-eabi/10.2.1/../../../../arm-none-eabi/lib/thumb/v7-m/nofp\libc.a(lib_a-atexit.o)
                0x08003e84                atexit
 .text.__libc_fini_array
                0x08003e90       0x2c c:/progra~2/gnuarm~1/102020~1/bin/../lib/gcc/arm-none-eabi/10.2.1/../../../../arm-none-eabi/lib/thumb/v7-m/nofp\libc.a(lib_a-fini.o)
                0x08003e90                __libc_fini_array
 .text.__retarget_lock_acquire_recursive
                0x08003ebc        0x4 c:/progra~2/gnuarm~1/102020~1/bin/../lib/gcc/arm-none-eabi/10.2.1/../../../../arm-none-eabi/lib/thumb/v7-m/nofp\libc.a(lib_a-lock.o)
                0x08003ebc                __retarget_lock_acquire_recursive
 .text.__retarget_lock_release_recursive
                0x08003ec0        0x4 c:/progra~2/gnuarm~1/102020~1/bin/../lib/gcc/arm-none-eabi/10.2.1/../../../../arm-none-eabi/lib/thumb/v7-m/nofp\libc.a(lib_a-lock.o)
                0x08003ec0                __retarget_lock_release_recursive
 .text.__register_exitproc
                0x08003ec4       0x8c c:/progra~2/gnuarm~1/102020~1/bin/../lib/gcc/arm-none-eabi/10.2.1/../../../../arm-none-eabi/lib/thumb/v7-m/nofp\libc.a(lib_a-__atexit.o)
                0x08003ec4                __register_exitproc
 *(.glue_7)
 .glue_7        0x08003f50        0x0 linker stubs
 *(.glue_7t)
 .glue_7t       0x08003f50        0x0 linker stubs
 *(.eh_frame)
 .eh_frame      0x08003f50        0x0 c:/progra~2/gnuarm~1/102020~1/bin/../lib/gcc/arm-none-eabi/10.2.1/thumb/v7-m/nofp/crtbegin.o
 *(.init)
 .init          0x08003f50        0x4 c:/progra~2/gnuarm~1/102020~1/bin/../lib/gcc/arm-none-eabi/10.2.1/thumb/v7-m/nofp/crti.o
                0x08003f50                _init
 .init          0x08003f54        0x8 c:/progra~2/gnuarm~1/102020~1/bin/../lib/gcc/arm-none-eabi/10.2.1/thumb/v7-m/nofp/crtn.o
 *(.fini)
 .fini          0x08003f5c        0x4 c:/progra~2/gnuarm~1/102020~1/bin/../lib/gcc/arm-none-eabi/10.2.1/thumb/v7-m/nofp/crti.o
                0x08003f5c                _fini
 .fini          0x08003f60        0x8 c:/progra~2/gnuarm~1/102020~1/bin/../lib/gcc/arm-none-eabi/10.2.1/thumb/v7-m/nofp/crtn.o
                0x08003f68                . = ALIGN (0x4)
                0x08003f68                _etext = .

.vfp11_veneer   0x08003f68        0x0
 .vfp11_veneer  0x08003f68        0x0 linker stubs

.v4_bx          0x08003f68        0x0
 .v4_bx         0x08003f68        0x0 linker stubs

.iplt           0x08003f68        0x0
 .iplt          0x08003f68        0x0 c:/progra~2/gnuarm~1/102020~1/bin/../lib/gcc/arm-none-eabi/10.2.1/thumb/v7-m/nofp/crtbegin.o

.rodata         0x08003f68       0x6c
                0x08003f68                . = ALIGN (0x4)
 *(.rodata)
 *(.rodata*)
 .rodata.AHBPrescTable
                0x08003f68       0x10 CMakeFiles/test02-mouse-cmake.elf.dir/Core/Src/system_stm32f1xx.c.obj
                0x08003f68                AHBPrescTable
 .rodata.HAL_RCC_GetSysClockFreq.str1.4
                0x08003f78       0x11 CMakeFiles/test02-mouse-cmake.elf.dir/Drivers/STM32F1xx_HAL_Driver/Src/stm32f1xx_hal_rcc.c.obj
 *fill*         0x08003f89        0x3 
 .rodata.USBD_FS_ProductStrDescriptor.str1.4
                0x08003f8c       0x13 CMakeFiles/test02-mouse-cmake.elf.dir/USB_DEVICE/App/usbd_desc.c.obj
 *fill*         0x08003f9f        0x1 
 .rodata.USBD_FS_ManufacturerStrDescriptor.str1.4
                0x08003fa0       0x13 CMakeFiles/test02-mouse-cmake.elf.dir/USB_DEVICE/App/usbd_desc.c.obj
 *fill*         0x08003fb3        0x1 
 .rodata.USBD_FS_ConfigStrDescriptor.str1.4
                0x08003fb4        0xb CMakeFiles/test02-mouse-cmake.elf.dir/USB_DEVICE/App/usbd_desc.c.obj
 *fill*         0x08003fbf        0x1 
 .rodata.USBD_FS_InterfaceStrDescriptor.str1.4
                0x08003fc0        0xe CMakeFiles/test02-mouse-cmake.elf.dir/USB_DEVICE/App/usbd_desc.c.obj
 *fill*         0x08003fce        0x2 
 .rodata._global_impure_ptr
                0x08003fd0        0x4 c:/progra~2/gnuarm~1/102020~1/bin/../lib/gcc/arm-none-eabi/10.2.1/../../../../arm-none-eabi/lib/thumb/v7-m/nofp\libc.a(lib_a-impure.o)
                0x08003fd0                _global_impure_ptr
                0x08003fd4                . = ALIGN (0x4)

.rel.dyn        0x08003fd4        0x0
 .rel.iplt      0x08003fd4        0x0 c:/progra~2/gnuarm~1/102020~1/bin/../lib/gcc/arm-none-eabi/10.2.1/thumb/v7-m/nofp/crtbegin.o

.ARM.extab      0x08003fd4        0x0
                0x08003fd4                . = ALIGN (0x4)
 *(.ARM.extab* .gnu.linkonce.armextab.*)
                0x08003fd4                . = ALIGN (0x4)

.ARM            0x08003fd4        0x0
                0x08003fd4                . = ALIGN (0x4)
                0x08003fd4                __exidx_start = .
 *(.ARM.exidx*)
                0x08003fd4                __exidx_end = .
                0x08003fd4                . = ALIGN (0x4)

.preinit_array  0x08003fd4        0x0
                0x08003fd4                . = ALIGN (0x4)
                0x08003fd4                PROVIDE (__preinit_array_start = .)
 *(.preinit_array*)
                0x08003fd4                PROVIDE (__preinit_array_end = .)
                0x08003fd4                . = ALIGN (0x4)

.init_array     0x08003fd4        0x8
                0x08003fd4                . = ALIGN (0x4)
                0x08003fd4                PROVIDE (__init_array_start = .)
 *(SORT_BY_NAME(.init_array.*))
 .init_array.00000
                0x08003fd4        0x4 c:/progra~2/gnuarm~1/102020~1/bin/../lib/gcc/arm-none-eabi/10.2.1/../../../../arm-none-eabi/lib/thumb/v7-m/nofp\libc.a(lib_a-__call_atexit.o)
 *(.init_array*)
 .init_array    0x08003fd8        0x4 c:/progra~2/gnuarm~1/102020~1/bin/../lib/gcc/arm-none-eabi/10.2.1/thumb/v7-m/nofp/crtbegin.o
                0x08003fdc                PROVIDE (__init_array_end = .)
                0x08003fdc                . = ALIGN (0x4)

.fini_array     0x08003fdc        0x4
                0x08003fdc                . = ALIGN (0x4)
                0x08003fdc                PROVIDE (__fini_array_start = .)
 *(SORT_BY_NAME(.fini_array.*))
 *(.fini_array*)
 .fini_array    0x08003fdc        0x4 c:/progra~2/gnuarm~1/102020~1/bin/../lib/gcc/arm-none-eabi/10.2.1/thumb/v7-m/nofp/crtbegin.o
                0x08003fe0                PROVIDE (__fini_array_end = .)
                0x08003fe0                . = ALIGN (0x4)
                0x08003fe0                _sidata = LOADADDR (.data)

.data           0x20000000      0x594 load address 0x08003fe0
                0x20000000                . = ALIGN (0x4)
                0x20000000                _sdata = .
 *(.data)
 *(.data*)
 .data.SystemCoreClock
                0x20000000        0x4 CMakeFiles/test02-mouse-cmake.elf.dir/Core/Src/system_stm32f1xx.c.obj
                0x20000000                SystemCoreClock
 .data.uwTickFreq
                0x20000004        0x1 CMakeFiles/test02-mouse-cmake.elf.dir/Drivers/STM32F1xx_HAL_Driver/Src/stm32f1xx_hal.c.obj
                0x20000004                uwTickFreq
 *fill*         0x20000005        0x3 
 .data.uwTickPrio
                0x20000008        0x4 CMakeFiles/test02-mouse-cmake.elf.dir/Drivers/STM32F1xx_HAL_Driver/Src/stm32f1xx_hal.c.obj
                0x20000008                uwTickPrio
 .data.HID_MOUSE_ReportDesc
                0x2000000c       0x4a CMakeFiles/test02-mouse-cmake.elf.dir/Middlewares/ST/STM32_USB_Device_Library/Class/HID/Src/usbd_hid.c.obj
 *fill*         0x20000056        0x2 
 .data.USBD_HID
                0x20000058       0x38 CMakeFiles/test02-mouse-cmake.elf.dir/Middlewares/ST/STM32_USB_Device_Library/Class/HID/Src/usbd_hid.c.obj
                0x20000058                USBD_HID
 .data.USBD_HID_CfgFSDesc
                0x20000090       0x22 CMakeFiles/test02-mouse-cmake.elf.dir/Middlewares/ST/STM32_USB_Device_Library/Class/HID/Src/usbd_hid.c.obj
 *fill*         0x200000b2        0x2 
 .data.USBD_HID_CfgHSDesc
                0x200000b4       0x22 CMakeFiles/test02-mouse-cmake.elf.dir/Middlewares/ST/STM32_USB_Device_Library/Class/HID/Src/usbd_hid.c.obj
 *fill*         0x200000d6        0x2 
 .data.USBD_HID_Desc
                0x200000d8        0x9 CMakeFiles/test02-mouse-cmake.elf.dir/Middlewares/ST/STM32_USB_Device_Library/Class/HID/Src/usbd_hid.c.obj
 *fill*         0x200000e1        0x3 
 .data.USBD_HID_DeviceQualifierDesc
                0x200000e4        0xa CMakeFiles/test02-mouse-cmake.elf.dir/Middlewares/ST/STM32_USB_Device_Library/Class/HID/Src/usbd_hid.c.obj
 *fill*         0x200000ee        0x2 
 .data.USBD_HID_OtherSpeedCfgDesc
                0x200000f0       0x22 CMakeFiles/test02-mouse-cmake.elf.dir/Middlewares/ST/STM32_USB_Device_Library/Class/HID/Src/usbd_hid.c.obj
 *fill*         0x20000112        0x2 
 .data.FS_Desc  0x20000114       0x1c CMakeFiles/test02-mouse-cmake.elf.dir/USB_DEVICE/App/usbd_desc.c.obj
                0x20000114                FS_Desc
 .data.USBD_FS_DeviceDesc
                0x20000130       0x12 CMakeFiles/test02-mouse-cmake.elf.dir/USB_DEVICE/App/usbd_desc.c.obj
                0x20000130                USBD_FS_DeviceDesc
 *fill*         0x20000142        0x2 
 .data.USBD_LangIDDesc
                0x20000144        0x4 CMakeFiles/test02-mouse-cmake.elf.dir/USB_DEVICE/App/usbd_desc.c.obj
                0x20000144                USBD_LangIDDesc
 .data.USBD_StringSerial
                0x20000148       0x1a CMakeFiles/test02-mouse-cmake.elf.dir/USB_DEVICE/App/usbd_desc.c.obj
                0x20000148                USBD_StringSerial
 *fill*         0x20000162        0x6 
 .data.impure_data
                0x20000168      0x428 c:/progra~2/gnuarm~1/102020~1/bin/../lib/gcc/arm-none-eabi/10.2.1/../../../../arm-none-eabi/lib/thumb/v7-m/nofp\libc.a(lib_a-impure.o)
 .data.__atexit_recursive_mutex
                0x20000590        0x4 c:/progra~2/gnuarm~1/102020~1/bin/../lib/gcc/arm-none-eabi/10.2.1/../../../../arm-none-eabi/lib/thumb/v7-m/nofp\libc.a(lib_a-__call_atexit.o)
                0x20000590                __atexit_recursive_mutex
 *(.RamFunc)
 *(.RamFunc*)
                0x20000594                . = ALIGN (0x4)
                0x20000594                _edata = .

.igot.plt       0x20000594        0x0 load address 0x08004574
 .igot.plt      0x20000594        0x0 c:/progra~2/gnuarm~1/102020~1/bin/../lib/gcc/arm-none-eabi/10.2.1/thumb/v7-m/nofp/crtbegin.o
                0x20000594                . = ALIGN (0x4)

.bss            0x20000594      0x7ec load address 0x08004574
                0x20000594                _sbss = .
                0x20000594                __bss_start__ = _sbss
 *(.bss)
 .bss           0x20000594       0x1c c:/progra~2/gnuarm~1/102020~1/bin/../lib/gcc/arm-none-eabi/10.2.1/thumb/v7-m/nofp/crtbegin.o
 *(.bss*)
 .bss.uwTick    0x200005b0        0x4 CMakeFiles/test02-mouse-cmake.elf.dir/Drivers/STM32F1xx_HAL_Driver/Src/stm32f1xx_hal.c.obj
                0x200005b0                uwTick
 .bss.cfgidx.0  0x200005b4        0x1 CMakeFiles/test02-mouse-cmake.elf.dir/Middlewares/ST/STM32_USB_Device_Library/Core/Src/usbd_ctlreq.c.obj
 *fill*         0x200005b5        0x3 
 .bss.hUsbDeviceFS
                0x200005b8      0x2c4 CMakeFiles/test02-mouse-cmake.elf.dir/USB_DEVICE/App/usb_device.c.obj
                0x200005b8                hUsbDeviceFS
 .bss.USBD_StrDesc
                0x2000087c      0x200 CMakeFiles/test02-mouse-cmake.elf.dir/USB_DEVICE/App/usbd_desc.c.obj
                0x2000087c                USBD_StrDesc
 .bss.hpcd_USB_FS
                0x20000a7c      0x2ec CMakeFiles/test02-mouse-cmake.elf.dir/USB_DEVICE/Target/usbd_conf.c.obj
                0x20000a7c                hpcd_USB_FS
 .bss.mem.0     0x20000d68       0x14 CMakeFiles/test02-mouse-cmake.elf.dir/USB_DEVICE/Target/usbd_conf.c.obj
 .bss.__lock___atexit_recursive_mutex
                0x20000d7c        0x1 c:/progra~2/gnuarm~1/102020~1/bin/../lib/gcc/arm-none-eabi/10.2.1/../../../../arm-none-eabi/lib/thumb/v7-m/nofp\libc.a(lib_a-lock.o)
                0x20000d7c                __lock___atexit_recursive_mutex
 *(COMMON)
                0x20000d80                . = ALIGN (0x4)
 *fill*         0x20000d7d        0x3 
                0x20000d80                _ebss = .
                0x20000d80                __bss_end__ = _ebss

._user_heap_stack
                0x20000d80      0x600 load address 0x08004574
                0x20000d80                . = ALIGN (0x8)
                [!provide]                PROVIDE (end = .)
                0x20000d80                PROVIDE (_end = .)
                0x20000f80                . = (. + _Min_Heap_Size)
 *fill*         0x20000d80      0x200 
                0x20001380                . = (. + _Min_Stack_Size)
 *fill*         0x20000f80      0x400 
                0x20001380                . = ALIGN (0x8)

/DISCARD/
 libc.a(*)
 libm.a(*)
 libgcc.a(*)

.ARM.attributes
                0x00000000       0x29
 *(.ARM.attributes)
 .ARM.attributes
                0x00000000       0x1d c:/progra~2/gnuarm~1/102020~1/bin/../lib/gcc/arm-none-eabi/10.2.1/thumb/v7-m/nofp/crti.o
 .ARM.attributes
                0x0000001d       0x2d c:/progra~2/gnuarm~1/102020~1/bin/../lib/gcc/arm-none-eabi/10.2.1/thumb/v7-m/nofp/crtbegin.o
 .ARM.attributes
                0x0000004a       0x2d CMakeFiles/test02-mouse-cmake.elf.dir/Core/Src/gpio.c.obj
 .ARM.attributes
                0x00000077       0x2d CMakeFiles/test02-mouse-cmake.elf.dir/Core/Src/main.c.obj
 .ARM.attributes
                0x000000a4       0x2d CMakeFiles/test02-mouse-cmake.elf.dir/Core/Src/stm32f1xx_hal_msp.c.obj
 .ARM.attributes
                0x000000d1       0x2d CMakeFiles/test02-mouse-cmake.elf.dir/Core/Src/stm32f1xx_it.c.obj
 .ARM.attributes
                0x000000fe       0x2d CMakeFiles/test02-mouse-cmake.elf.dir/Core/Src/system_stm32f1xx.c.obj
 .ARM.attributes
                0x0000012b       0x21 CMakeFiles/test02-mouse-cmake.elf.dir/Core/Startup/startup_stm32f103zetx.s.obj
 .ARM.attributes
                0x0000014c       0x2d CMakeFiles/test02-mouse-cmake.elf.dir/Drivers/STM32F1xx_HAL_Driver/Src/stm32f1xx_hal.c.obj
 .ARM.attributes
                0x00000179       0x2d CMakeFiles/test02-mouse-cmake.elf.dir/Drivers/STM32F1xx_HAL_Driver/Src/stm32f1xx_hal_cortex.c.obj
 .ARM.attributes
                0x000001a6       0x2d CMakeFiles/test02-mouse-cmake.elf.dir/Drivers/STM32F1xx_HAL_Driver/Src/stm32f1xx_hal_gpio.c.obj
 .ARM.attributes
                0x000001d3       0x2d CMakeFiles/test02-mouse-cmake.elf.dir/Drivers/STM32F1xx_HAL_Driver/Src/stm32f1xx_hal_pcd.c.obj
 .ARM.attributes
                0x00000200       0x2d CMakeFiles/test02-mouse-cmake.elf.dir/Drivers/STM32F1xx_HAL_Driver/Src/stm32f1xx_hal_pcd_ex.c.obj
 .ARM.attributes
                0x0000022d       0x2d CMakeFiles/test02-mouse-cmake.elf.dir/Drivers/STM32F1xx_HAL_Driver/Src/stm32f1xx_hal_rcc.c.obj
 .ARM.attributes
                0x0000025a       0x2d CMakeFiles/test02-mouse-cmake.elf.dir/Drivers/STM32F1xx_HAL_Driver/Src/stm32f1xx_hal_rcc_ex.c.obj
 .ARM.attributes
                0x00000287       0x2d CMakeFiles/test02-mouse-cmake.elf.dir/Drivers/STM32F1xx_HAL_Driver/Src/stm32f1xx_ll_usb.c.obj
 .ARM.attributes
                0x000002b4       0x2d CMakeFiles/test02-mouse-cmake.elf.dir/Middlewares/ST/STM32_USB_Device_Library/Class/HID/Src/usbd_hid.c.obj
 .ARM.attributes
                0x000002e1       0x2d CMakeFiles/test02-mouse-cmake.elf.dir/Middlewares/ST/STM32_USB_Device_Library/Core/Src/usbd_core.c.obj
 .ARM.attributes
                0x0000030e       0x2d CMakeFiles/test02-mouse-cmake.elf.dir/Middlewares/ST/STM32_USB_Device_Library/Core/Src/usbd_ctlreq.c.obj
 .ARM.attributes
                0x0000033b       0x2d CMakeFiles/test02-mouse-cmake.elf.dir/Middlewares/ST/STM32_USB_Device_Library/Core/Src/usbd_ioreq.c.obj
 .ARM.attributes
                0x00000368       0x2d CMakeFiles/test02-mouse-cmake.elf.dir/USB_DEVICE/App/usb_device.c.obj
 .ARM.attributes
                0x00000395       0x2d CMakeFiles/test02-mouse-cmake.elf.dir/USB_DEVICE/App/usbd_desc.c.obj
 .ARM.attributes
                0x000003c2       0x2d CMakeFiles/test02-mouse-cmake.elf.dir/USB_DEVICE/Target/usbd_conf.c.obj
 .ARM.attributes
                0x000003ef       0x2d c:/progra~2/gnuarm~1/102020~1/bin/../lib/gcc/arm-none-eabi/10.2.1/../../../../arm-none-eabi/lib/thumb/v7-m/nofp\libc.a(lib_a-impure.o)
 .ARM.attributes
                0x0000041c       0x2d c:/progra~2/gnuarm~1/102020~1/bin/../lib/gcc/arm-none-eabi/10.2.1/../../../../arm-none-eabi/lib/thumb/v7-m/nofp\libc.a(lib_a-init.o)
 .ARM.attributes
                0x00000449       0x2d c:/progra~2/gnuarm~1/102020~1/bin/../lib/gcc/arm-none-eabi/10.2.1/../../../../arm-none-eabi/lib/thumb/v7-m/nofp\libc.a(lib_a-memset.o)
 .ARM.attributes
                0x00000476       0x2d c:/progra~2/gnuarm~1/102020~1/bin/../lib/gcc/arm-none-eabi/10.2.1/../../../../arm-none-eabi/lib/thumb/v7-m/nofp\libc.a(lib_a-__call_atexit.o)
 .ARM.attributes
                0x000004a3       0x2d c:/progra~2/gnuarm~1/102020~1/bin/../lib/gcc/arm-none-eabi/10.2.1/../../../../arm-none-eabi/lib/thumb/v7-m/nofp\libc.a(lib_a-atexit.o)
 .ARM.attributes
                0x000004d0       0x2d c:/progra~2/gnuarm~1/102020~1/bin/../lib/gcc/arm-none-eabi/10.2.1/../../../../arm-none-eabi/lib/thumb/v7-m/nofp\libc.a(lib_a-fini.o)
 .ARM.attributes
                0x000004fd       0x2d c:/progra~2/gnuarm~1/102020~1/bin/../lib/gcc/arm-none-eabi/10.2.1/../../../../arm-none-eabi/lib/thumb/v7-m/nofp\libc.a(lib_a-lock.o)
 .ARM.attributes
                0x0000052a       0x2d c:/progra~2/gnuarm~1/102020~1/bin/../lib/gcc/arm-none-eabi/10.2.1/../../../../arm-none-eabi/lib/thumb/v7-m/nofp\libc.a(lib_a-__atexit.o)
 .ARM.attributes
                0x00000557       0x1d c:/progra~2/gnuarm~1/102020~1/bin/../lib/gcc/arm-none-eabi/10.2.1/thumb/v7-m/nofp/crtn.o
OUTPUT(test02-mouse-cmake.elf elf32-littlearm)
LOAD linker stubs
LOAD c:/progra~2/gnuarm~1/102020~1/bin/../lib/gcc/arm-none-eabi/10.2.1/../../../../arm-none-eabi/lib/thumb/v7-m/nofp\libc.a
LOAD c:/progra~2/gnuarm~1/102020~1/bin/../lib/gcc/arm-none-eabi/10.2.1/../../../../arm-none-eabi/lib/thumb/v7-m/nofp\libm.a
LOAD c:/progra~2/gnuarm~1/102020~1/bin/../lib/gcc/arm-none-eabi/10.2.1/thumb/v7-m/nofp\libgcc.a

.debug_info     0x00000000     0xd75a
 .debug_info    0x00000000      0x591 CMakeFiles/test02-mouse-cmake.elf.dir/Core/Src/gpio.c.obj
 .debug_info    0x00000591      0x3c7 CMakeFiles/test02-mouse-cmake.elf.dir/Core/Src/main.c.obj
 .debug_info    0x00000958      0x211 CMakeFiles/test02-mouse-cmake.elf.dir/Core/Src/stm32f1xx_hal_msp.c.obj
 .debug_info    0x00000b69      0x789 CMakeFiles/test02-mouse-cmake.elf.dir/Core/Src/stm32f1xx_it.c.obj
 .debug_info    0x000012f2      0x248 CMakeFiles/test02-mouse-cmake.elf.dir/Core/Src/system_stm32f1xx.c.obj
 .debug_info    0x0000153a       0x22 CMakeFiles/test02-mouse-cmake.elf.dir/Core/Startup/startup_stm32f103zetx.s.obj
 .debug_info    0x0000155c      0x80e CMakeFiles/test02-mouse-cmake.elf.dir/Drivers/STM32F1xx_HAL_Driver/Src/stm32f1xx_hal.c.obj
 .debug_info    0x00001d6a      0xdf0 CMakeFiles/test02-mouse-cmake.elf.dir/Drivers/STM32F1xx_HAL_Driver/Src/stm32f1xx_hal_cortex.c.obj
 .debug_info    0x00002b5a      0x66f CMakeFiles/test02-mouse-cmake.elf.dir/Drivers/STM32F1xx_HAL_Driver/Src/stm32f1xx_hal_gpio.c.obj
 .debug_info    0x000031c9     0x1b27 CMakeFiles/test02-mouse-cmake.elf.dir/Drivers/STM32F1xx_HAL_Driver/Src/stm32f1xx_hal_pcd.c.obj
 .debug_info    0x00004cf0      0x737 CMakeFiles/test02-mouse-cmake.elf.dir/Drivers/STM32F1xx_HAL_Driver/Src/stm32f1xx_hal_pcd_ex.c.obj
 .debug_info    0x00005427      0xa36 CMakeFiles/test02-mouse-cmake.elf.dir/Drivers/STM32F1xx_HAL_Driver/Src/stm32f1xx_hal_rcc.c.obj
 .debug_info    0x00005e5d      0x47e CMakeFiles/test02-mouse-cmake.elf.dir/Drivers/STM32F1xx_HAL_Driver/Src/stm32f1xx_hal_rcc_ex.c.obj
 .debug_info    0x000062db     0x1cb2 CMakeFiles/test02-mouse-cmake.elf.dir/Drivers/STM32F1xx_HAL_Driver/Src/stm32f1xx_ll_usb.c.obj
 .debug_info    0x00007f8d      0xabe CMakeFiles/test02-mouse-cmake.elf.dir/Middlewares/ST/STM32_USB_Device_Library/Class/HID/Src/usbd_hid.c.obj
 .debug_info    0x00008a4b      0xd74 CMakeFiles/test02-mouse-cmake.elf.dir/Middlewares/ST/STM32_USB_Device_Library/Core/Src/usbd_core.c.obj
 .debug_info    0x000097bf     0x1078 CMakeFiles/test02-mouse-cmake.elf.dir/Middlewares/ST/STM32_USB_Device_Library/Core/Src/usbd_ctlreq.c.obj
 .debug_info    0x0000a837      0x7e9 CMakeFiles/test02-mouse-cmake.elf.dir/Middlewares/ST/STM32_USB_Device_Library/Core/Src/usbd_ioreq.c.obj
 .debug_info    0x0000b020      0x5c7 CMakeFiles/test02-mouse-cmake.elf.dir/USB_DEVICE/App/usb_device.c.obj
 .debug_info    0x0000b5e7      0x5eb CMakeFiles/test02-mouse-cmake.elf.dir/USB_DEVICE/App/usbd_desc.c.obj
 .debug_info    0x0000bbd2     0x1b88 CMakeFiles/test02-mouse-cmake.elf.dir/USB_DEVICE/Target/usbd_conf.c.obj

.debug_abbrev   0x00000000     0x27bd
 .debug_abbrev  0x00000000      0x158 CMakeFiles/test02-mouse-cmake.elf.dir/Core/Src/gpio.c.obj
 .debug_abbrev  0x00000158      0x182 CMakeFiles/test02-mouse-cmake.elf.dir/Core/Src/main.c.obj
 .debug_abbrev  0x000002da       0xe5 CMakeFiles/test02-mouse-cmake.elf.dir/Core/Src/stm32f1xx_hal_msp.c.obj
 .debug_abbrev  0x000003bf      0x1ad CMakeFiles/test02-mouse-cmake.elf.dir/Core/Src/stm32f1xx_it.c.obj
 .debug_abbrev  0x0000056c      0x13e CMakeFiles/test02-mouse-cmake.elf.dir/Core/Src/system_stm32f1xx.c.obj
 .debug_abbrev  0x000006aa       0x12 CMakeFiles/test02-mouse-cmake.elf.dir/Core/Startup/startup_stm32f103zetx.s.obj
 .debug_abbrev  0x000006bc      0x1f4 CMakeFiles/test02-mouse-cmake.elf.dir/Drivers/STM32F1xx_HAL_Driver/Src/stm32f1xx_hal.c.obj
 .debug_abbrev  0x000008b0      0x341 CMakeFiles/test02-mouse-cmake.elf.dir/Drivers/STM32F1xx_HAL_Driver/Src/stm32f1xx_hal_cortex.c.obj
 .debug_abbrev  0x00000bf1      0x1e6 CMakeFiles/test02-mouse-cmake.elf.dir/Drivers/STM32F1xx_HAL_Driver/Src/stm32f1xx_hal_gpio.c.obj
 .debug_abbrev  0x00000dd7      0x2bd CMakeFiles/test02-mouse-cmake.elf.dir/Drivers/STM32F1xx_HAL_Driver/Src/stm32f1xx_hal_pcd.c.obj
 .debug_abbrev  0x00001094      0x193 CMakeFiles/test02-mouse-cmake.elf.dir/Drivers/STM32F1xx_HAL_Driver/Src/stm32f1xx_hal_pcd_ex.c.obj
 .debug_abbrev  0x00001227      0x27a CMakeFiles/test02-mouse-cmake.elf.dir/Drivers/STM32F1xx_HAL_Driver/Src/stm32f1xx_hal_rcc.c.obj
 .debug_abbrev  0x000014a1      0x1d2 CMakeFiles/test02-mouse-cmake.elf.dir/Drivers/STM32F1xx_HAL_Driver/Src/stm32f1xx_hal_rcc_ex.c.obj
 .debug_abbrev  0x00001673      0x21f CMakeFiles/test02-mouse-cmake.elf.dir/Drivers/STM32F1xx_HAL_Driver/Src/stm32f1xx_ll_usb.c.obj
 .debug_abbrev  0x00001892      0x245 CMakeFiles/test02-mouse-cmake.elf.dir/Middlewares/ST/STM32_USB_Device_Library/Class/HID/Src/usbd_hid.c.obj
 .debug_abbrev  0x00001ad7      0x24c CMakeFiles/test02-mouse-cmake.elf.dir/Middlewares/ST/STM32_USB_Device_Library/Core/Src/usbd_core.c.obj
 .debug_abbrev  0x00001d23      0x2bf CMakeFiles/test02-mouse-cmake.elf.dir/Middlewares/ST/STM32_USB_Device_Library/Core/Src/usbd_ctlreq.c.obj
 .debug_abbrev  0x00001fe2      0x17d CMakeFiles/test02-mouse-cmake.elf.dir/Middlewares/ST/STM32_USB_Device_Library/Core/Src/usbd_ioreq.c.obj
 .debug_abbrev  0x0000215f      0x186 CMakeFiles/test02-mouse-cmake.elf.dir/USB_DEVICE/App/usb_device.c.obj
 .debug_abbrev  0x000022e5      0x1fe CMakeFiles/test02-mouse-cmake.elf.dir/USB_DEVICE/App/usbd_desc.c.obj
 .debug_abbrev  0x000024e3      0x2da CMakeFiles/test02-mouse-cmake.elf.dir/USB_DEVICE/Target/usbd_conf.c.obj

.debug_aranges  0x00000000      0x9b0
 .debug_aranges
                0x00000000       0x20 CMakeFiles/test02-mouse-cmake.elf.dir/Core/Src/gpio.c.obj
 .debug_aranges
                0x00000020       0x30 CMakeFiles/test02-mouse-cmake.elf.dir/Core/Src/main.c.obj
 .debug_aranges
                0x00000050       0x20 CMakeFiles/test02-mouse-cmake.elf.dir/Core/Src/stm32f1xx_hal_msp.c.obj
 .debug_aranges
                0x00000070       0x78 CMakeFiles/test02-mouse-cmake.elf.dir/Core/Src/stm32f1xx_it.c.obj
 .debug_aranges
                0x000000e8       0x28 CMakeFiles/test02-mouse-cmake.elf.dir/Core/Src/system_stm32f1xx.c.obj
 .debug_aranges
                0x00000110       0x28 CMakeFiles/test02-mouse-cmake.elf.dir/Core/Startup/startup_stm32f103zetx.s.obj
 .debug_aranges
                0x00000138       0xe0 CMakeFiles/test02-mouse-cmake.elf.dir/Drivers/STM32F1xx_HAL_Driver/Src/stm32f1xx_hal.c.obj
 .debug_aranges
                0x00000218       0x90 CMakeFiles/test02-mouse-cmake.elf.dir/Drivers/STM32F1xx_HAL_Driver/Src/stm32f1xx_hal_cortex.c.obj
 .debug_aranges
                0x000002a8       0x58 CMakeFiles/test02-mouse-cmake.elf.dir/Drivers/STM32F1xx_HAL_Driver/Src/stm32f1xx_hal_gpio.c.obj
 .debug_aranges
                0x00000300      0x138 CMakeFiles/test02-mouse-cmake.elf.dir/Drivers/STM32F1xx_HAL_Driver/Src/stm32f1xx_hal_pcd.c.obj
 .debug_aranges
                0x00000438       0x38 CMakeFiles/test02-mouse-cmake.elf.dir/Drivers/STM32F1xx_HAL_Driver/Src/stm32f1xx_hal_pcd_ex.c.obj
 .debug_aranges
                0x00000470       0x90 CMakeFiles/test02-mouse-cmake.elf.dir/Drivers/STM32F1xx_HAL_Driver/Src/stm32f1xx_hal_rcc.c.obj
 .debug_aranges
                0x00000500       0x30 CMakeFiles/test02-mouse-cmake.elf.dir/Drivers/STM32F1xx_HAL_Driver/Src/stm32f1xx_hal_rcc_ex.c.obj
 .debug_aranges
                0x00000530       0xf0 CMakeFiles/test02-mouse-cmake.elf.dir/Drivers/STM32F1xx_HAL_Driver/Src/stm32f1xx_ll_usb.c.obj
 .debug_aranges
                0x00000620       0x68 CMakeFiles/test02-mouse-cmake.elf.dir/Middlewares/ST/STM32_USB_Device_Library/Class/HID/Src/usbd_hid.c.obj
 .debug_aranges
                0x00000688       0xb8 CMakeFiles/test02-mouse-cmake.elf.dir/Middlewares/ST/STM32_USB_Device_Library/Core/Src/usbd_core.c.obj
 .debug_aranges
                0x00000740       0x88 CMakeFiles/test02-mouse-cmake.elf.dir/Middlewares/ST/STM32_USB_Device_Library/Core/Src/usbd_ctlreq.c.obj
 .debug_aranges
                0x000007c8       0x50 CMakeFiles/test02-mouse-cmake.elf.dir/Middlewares/ST/STM32_USB_Device_Library/Core/Src/usbd_ioreq.c.obj
 .debug_aranges
                0x00000818       0x20 CMakeFiles/test02-mouse-cmake.elf.dir/USB_DEVICE/App/usb_device.c.obj
 .debug_aranges
                0x00000838       0x60 CMakeFiles/test02-mouse-cmake.elf.dir/USB_DEVICE/App/usbd_desc.c.obj
 .debug_aranges
                0x00000898      0x118 CMakeFiles/test02-mouse-cmake.elf.dir/USB_DEVICE/Target/usbd_conf.c.obj

.debug_ranges   0x00000000      0xca0
 .debug_ranges  0x00000000       0x10 CMakeFiles/test02-mouse-cmake.elf.dir/Core/Src/gpio.c.obj
 .debug_ranges  0x00000010       0x20 CMakeFiles/test02-mouse-cmake.elf.dir/Core/Src/main.c.obj
 .debug_ranges  0x00000030       0x10 CMakeFiles/test02-mouse-cmake.elf.dir/Core/Src/stm32f1xx_hal_msp.c.obj
 .debug_ranges  0x00000040       0x68 CMakeFiles/test02-mouse-cmake.elf.dir/Core/Src/stm32f1xx_it.c.obj
 .debug_ranges  0x000000a8       0x18 CMakeFiles/test02-mouse-cmake.elf.dir/Core/Src/system_stm32f1xx.c.obj
 .debug_ranges  0x000000c0       0x20 CMakeFiles/test02-mouse-cmake.elf.dir/Core/Startup/startup_stm32f103zetx.s.obj
 .debug_ranges  0x000000e0       0xd0 CMakeFiles/test02-mouse-cmake.elf.dir/Drivers/STM32F1xx_HAL_Driver/Src/stm32f1xx_hal.c.obj
 .debug_ranges  0x000001b0       0xe0 CMakeFiles/test02-mouse-cmake.elf.dir/Drivers/STM32F1xx_HAL_Driver/Src/stm32f1xx_hal_cortex.c.obj
 .debug_ranges  0x00000290       0x48 CMakeFiles/test02-mouse-cmake.elf.dir/Drivers/STM32F1xx_HAL_Driver/Src/stm32f1xx_hal_gpio.c.obj
 .debug_ranges  0x000002d8      0x208 CMakeFiles/test02-mouse-cmake.elf.dir/Drivers/STM32F1xx_HAL_Driver/Src/stm32f1xx_hal_pcd.c.obj
 .debug_ranges  0x000004e0       0x28 CMakeFiles/test02-mouse-cmake.elf.dir/Drivers/STM32F1xx_HAL_Driver/Src/stm32f1xx_hal_pcd_ex.c.obj
 .debug_ranges  0x00000508       0xa0 CMakeFiles/test02-mouse-cmake.elf.dir/Drivers/STM32F1xx_HAL_Driver/Src/stm32f1xx_hal_rcc.c.obj
 .debug_ranges  0x000005a8       0x38 CMakeFiles/test02-mouse-cmake.elf.dir/Drivers/STM32F1xx_HAL_Driver/Src/stm32f1xx_hal_rcc_ex.c.obj
 .debug_ranges  0x000005e0      0x3a0 CMakeFiles/test02-mouse-cmake.elf.dir/Drivers/STM32F1xx_HAL_Driver/Src/stm32f1xx_ll_usb.c.obj
 .debug_ranges  0x00000980       0x58 CMakeFiles/test02-mouse-cmake.elf.dir/Middlewares/ST/STM32_USB_Device_Library/Class/HID/Src/usbd_hid.c.obj
 .debug_ranges  0x000009d8       0xa8 CMakeFiles/test02-mouse-cmake.elf.dir/Middlewares/ST/STM32_USB_Device_Library/Core/Src/usbd_core.c.obj
 .debug_ranges  0x00000a80       0x78 CMakeFiles/test02-mouse-cmake.elf.dir/Middlewares/ST/STM32_USB_Device_Library/Core/Src/usbd_ctlreq.c.obj
 .debug_ranges  0x00000af8       0x40 CMakeFiles/test02-mouse-cmake.elf.dir/Middlewares/ST/STM32_USB_Device_Library/Core/Src/usbd_ioreq.c.obj
 .debug_ranges  0x00000b38       0x10 CMakeFiles/test02-mouse-cmake.elf.dir/USB_DEVICE/App/usb_device.c.obj
 .debug_ranges  0x00000b48       0x50 CMakeFiles/test02-mouse-cmake.elf.dir/USB_DEVICE/App/usbd_desc.c.obj
 .debug_ranges  0x00000b98      0x108 CMakeFiles/test02-mouse-cmake.elf.dir/USB_DEVICE/Target/usbd_conf.c.obj

.debug_line     0x00000000     0x9283
 .debug_line    0x00000000      0x28e CMakeFiles/test02-mouse-cmake.elf.dir/Core/Src/gpio.c.obj
 .debug_line    0x0000028e      0x3b3 CMakeFiles/test02-mouse-cmake.elf.dir/Core/Src/main.c.obj
 .debug_line    0x00000641      0x197 CMakeFiles/test02-mouse-cmake.elf.dir/Core/Src/stm32f1xx_hal_msp.c.obj
 .debug_line    0x000007d8      0x380 CMakeFiles/test02-mouse-cmake.elf.dir/Core/Src/stm32f1xx_it.c.obj
 .debug_line    0x00000b58      0x260 CMakeFiles/test02-mouse-cmake.elf.dir/Core/Src/system_stm32f1xx.c.obj
 .debug_line    0x00000db8       0xb4 CMakeFiles/test02-mouse-cmake.elf.dir/Core/Startup/startup_stm32f103zetx.s.obj
 .debug_line    0x00000e6c      0x5a8 CMakeFiles/test02-mouse-cmake.elf.dir/Drivers/STM32F1xx_HAL_Driver/Src/stm32f1xx_hal.c.obj
 .debug_line    0x00001414      0x683 CMakeFiles/test02-mouse-cmake.elf.dir/Drivers/STM32F1xx_HAL_Driver/Src/stm32f1xx_hal_cortex.c.obj
 .debug_line    0x00001a97      0x641 CMakeFiles/test02-mouse-cmake.elf.dir/Drivers/STM32F1xx_HAL_Driver/Src/stm32f1xx_hal_gpio.c.obj
 .debug_line    0x000020d8     0x1907 CMakeFiles/test02-mouse-cmake.elf.dir/Drivers/STM32F1xx_HAL_Driver/Src/stm32f1xx_hal_pcd.c.obj
 .debug_line    0x000039df      0x2dd CMakeFiles/test02-mouse-cmake.elf.dir/Drivers/STM32F1xx_HAL_Driver/Src/stm32f1xx_hal_pcd_ex.c.obj
 .debug_line    0x00003cbc      0xc76 CMakeFiles/test02-mouse-cmake.elf.dir/Drivers/STM32F1xx_HAL_Driver/Src/stm32f1xx_hal_rcc.c.obj
 .debug_line    0x00004932      0x51e CMakeFiles/test02-mouse-cmake.elf.dir/Drivers/STM32F1xx_HAL_Driver/Src/stm32f1xx_hal_rcc_ex.c.obj
 .debug_line    0x00004e50     0x1ae6 CMakeFiles/test02-mouse-cmake.elf.dir/Drivers/STM32F1xx_HAL_Driver/Src/stm32f1xx_ll_usb.c.obj
 .debug_line    0x00006936      0x5a6 CMakeFiles/test02-mouse-cmake.elf.dir/Middlewares/ST/STM32_USB_Device_Library/Class/HID/Src/usbd_hid.c.obj
 .debug_line    0x00006edc      0x747 CMakeFiles/test02-mouse-cmake.elf.dir/Middlewares/ST/STM32_USB_Device_Library/Core/Src/usbd_core.c.obj
 .debug_line    0x00007623      0xb2c CMakeFiles/test02-mouse-cmake.elf.dir/Middlewares/ST/STM32_USB_Device_Library/Core/Src/usbd_ctlreq.c.obj
 .debug_line    0x0000814f      0x2be CMakeFiles/test02-mouse-cmake.elf.dir/Middlewares/ST/STM32_USB_Device_Library/Core/Src/usbd_ioreq.c.obj
 .debug_line    0x0000840d      0x286 CMakeFiles/test02-mouse-cmake.elf.dir/USB_DEVICE/App/usb_device.c.obj
 .debug_line    0x00008693      0x393 CMakeFiles/test02-mouse-cmake.elf.dir/USB_DEVICE/App/usbd_desc.c.obj
 .debug_line    0x00008a26      0x85d CMakeFiles/test02-mouse-cmake.elf.dir/USB_DEVICE/Target/usbd_conf.c.obj

.debug_str      0x00000000     0x3068
 .debug_str     0x00000000      0x664 CMakeFiles/test02-mouse-cmake.elf.dir/Core/Src/gpio.c.obj
                                0x6b5 (size before relaxing)
 .debug_str     0x00000664      0x2af CMakeFiles/test02-mouse-cmake.elf.dir/Core/Src/main.c.obj
                                0x471 (size before relaxing)
 .debug_str     0x00000913       0x87 CMakeFiles/test02-mouse-cmake.elf.dir/Core/Src/stm32f1xx_hal_msp.c.obj
                                0x276 (size before relaxing)
 .debug_str     0x0000099a      0x49b CMakeFiles/test02-mouse-cmake.elf.dir/Core/Src/stm32f1xx_it.c.obj
                                0x69d (size before relaxing)
 .debug_str     0x00000e35       0xab CMakeFiles/test02-mouse-cmake.elf.dir/Core/Src/system_stm32f1xx.c.obj
                                0x2ab (size before relaxing)
 .debug_str     0x00000ee0       0x63 CMakeFiles/test02-mouse-cmake.elf.dir/Core/Startup/startup_stm32f103zetx.s.obj
                                 0xa7 (size before relaxing)
 .debug_str     0x00000f43      0x33b CMakeFiles/test02-mouse-cmake.elf.dir/Drivers/STM32F1xx_HAL_Driver/Src/stm32f1xx_hal.c.obj
                                0x95f (size before relaxing)
 .debug_str     0x0000127e      0x3b7 CMakeFiles/test02-mouse-cmake.elf.dir/Drivers/STM32F1xx_HAL_Driver/Src/stm32f1xx_hal_cortex.c.obj
                                0xa0e (size before relaxing)
 .debug_str     0x00001635      0x12b CMakeFiles/test02-mouse-cmake.elf.dir/Drivers/STM32F1xx_HAL_Driver/Src/stm32f1xx_hal_gpio.c.obj
                                0x457 (size before relaxing)
 .debug_str     0x00001760      0x58e CMakeFiles/test02-mouse-cmake.elf.dir/Drivers/STM32F1xx_HAL_Driver/Src/stm32f1xx_hal_pcd.c.obj
                                0xb25 (size before relaxing)
 .debug_str     0x00001cee      0x19d CMakeFiles/test02-mouse-cmake.elf.dir/Drivers/STM32F1xx_HAL_Driver/Src/stm32f1xx_hal_pcd_ex.c.obj
                                0x71f (size before relaxing)
 .debug_str     0x00001e8b      0x221 CMakeFiles/test02-mouse-cmake.elf.dir/Drivers/STM32F1xx_HAL_Driver/Src/stm32f1xx_hal_rcc.c.obj
                                0x682 (size before relaxing)
 .debug_str     0x000020ac       0xcc CMakeFiles/test02-mouse-cmake.elf.dir/Drivers/STM32F1xx_HAL_Driver/Src/stm32f1xx_hal_rcc_ex.c.obj
                                0x468 (size before relaxing)
 .debug_str     0x00002178      0x166 CMakeFiles/test02-mouse-cmake.elf.dir/Drivers/STM32F1xx_HAL_Driver/Src/stm32f1xx_ll_usb.c.obj
                                0x752 (size before relaxing)
 .debug_str     0x000022de      0x628 CMakeFiles/test02-mouse-cmake.elf.dir/Middlewares/ST/STM32_USB_Device_Library/Class/HID/Src/usbd_hid.c.obj
                                0x873 (size before relaxing)
 .debug_str     0x00002906      0x2d1 CMakeFiles/test02-mouse-cmake.elf.dir/Middlewares/ST/STM32_USB_Device_Library/Core/Src/usbd_core.c.obj
                                0x888 (size before relaxing)
 .debug_str     0x00002bd7      0x148 CMakeFiles/test02-mouse-cmake.elf.dir/Middlewares/ST/STM32_USB_Device_Library/Core/Src/usbd_ctlreq.c.obj
                                0x7a2 (size before relaxing)
 .debug_str     0x00002d1f       0xa6 CMakeFiles/test02-mouse-cmake.elf.dir/Middlewares/ST/STM32_USB_Device_Library/Core/Src/usbd_ioreq.c.obj
                                0x6cf (size before relaxing)
 .debug_str     0x00002dc5       0x61 CMakeFiles/test02-mouse-cmake.elf.dir/USB_DEVICE/App/usb_device.c.obj
                                0x629 (size before relaxing)
 .debug_str     0x00002e26      0x19d CMakeFiles/test02-mouse-cmake.elf.dir/USB_DEVICE/App/usbd_desc.c.obj
                                0x4a8 (size before relaxing)
 .debug_str     0x00002fc3       0xa5 CMakeFiles/test02-mouse-cmake.elf.dir/USB_DEVICE/Target/usbd_conf.c.obj
                               0x12d7 (size before relaxing)

.comment        0x00000000       0x4d
 .comment       0x00000000       0x4d CMakeFiles/test02-mouse-cmake.elf.dir/Core/Src/gpio.c.obj
                                 0x4e (size before relaxing)
 .comment       0x0000004d       0x4e CMakeFiles/test02-mouse-cmake.elf.dir/Core/Src/main.c.obj
 .comment       0x0000004d       0x4e CMakeFiles/test02-mouse-cmake.elf.dir/Core/Src/stm32f1xx_hal_msp.c.obj
 .comment       0x0000004d       0x4e CMakeFiles/test02-mouse-cmake.elf.dir/Core/Src/stm32f1xx_it.c.obj
 .comment       0x0000004d       0x4e CMakeFiles/test02-mouse-cmake.elf.dir/Core/Src/system_stm32f1xx.c.obj
 .comment       0x0000004d       0x4e CMakeFiles/test02-mouse-cmake.elf.dir/Drivers/STM32F1xx_HAL_Driver/Src/stm32f1xx_hal.c.obj
 .comment       0x0000004d       0x4e CMakeFiles/test02-mouse-cmake.elf.dir/Drivers/STM32F1xx_HAL_Driver/Src/stm32f1xx_hal_cortex.c.obj
 .comment       0x0000004d       0x4e CMakeFiles/test02-mouse-cmake.elf.dir/Drivers/STM32F1xx_HAL_Driver/Src/stm32f1xx_hal_gpio.c.obj
 .comment       0x0000004d       0x4e CMakeFiles/test02-mouse-cmake.elf.dir/Drivers/STM32F1xx_HAL_Driver/Src/stm32f1xx_hal_pcd.c.obj
 .comment       0x0000004d       0x4e CMakeFiles/test02-mouse-cmake.elf.dir/Drivers/STM32F1xx_HAL_Driver/Src/stm32f1xx_hal_pcd_ex.c.obj
 .comment       0x0000004d       0x4e CMakeFiles/test02-mouse-cmake.elf.dir/Drivers/STM32F1xx_HAL_Driver/Src/stm32f1xx_hal_rcc.c.obj
 .comment       0x0000004d       0x4e CMakeFiles/test02-mouse-cmake.elf.dir/Drivers/STM32F1xx_HAL_Driver/Src/stm32f1xx_hal_rcc_ex.c.obj
 .comment       0x0000004d       0x4e CMakeFiles/test02-mouse-cmake.elf.dir/Drivers/STM32F1xx_HAL_Driver/Src/stm32f1xx_ll_usb.c.obj
 .comment       0x0000004d       0x4e CMakeFiles/test02-mouse-cmake.elf.dir/Middlewares/ST/STM32_USB_Device_Library/Class/HID/Src/usbd_hid.c.obj
 .comment       0x0000004d       0x4e CMakeFiles/test02-mouse-cmake.elf.dir/Middlewares/ST/STM32_USB_Device_Library/Core/Src/usbd_core.c.obj
 .comment       0x0000004d       0x4e CMakeFiles/test02-mouse-cmake.elf.dir/Middlewares/ST/STM32_USB_Device_Library/Core/Src/usbd_ctlreq.c.obj
 .comment       0x0000004d       0x4e CMakeFiles/test02-mouse-cmake.elf.dir/Middlewares/ST/STM32_USB_Device_Library/Core/Src/usbd_ioreq.c.obj
 .comment       0x0000004d       0x4e CMakeFiles/test02-mouse-cmake.elf.dir/USB_DEVICE/App/usb_device.c.obj
 .comment       0x0000004d       0x4e CMakeFiles/test02-mouse-cmake.elf.dir/USB_DEVICE/App/usbd_desc.c.obj
 .comment       0x0000004d       0x4e CMakeFiles/test02-mouse-cmake.elf.dir/USB_DEVICE/Target/usbd_conf.c.obj

.debug_frame    0x00000000     0x17d8
 .debug_frame   0x00000000       0x3c CMakeFiles/test02-mouse-cmake.elf.dir/Core/Src/gpio.c.obj
 .debug_frame   0x0000003c       0x58 CMakeFiles/test02-mouse-cmake.elf.dir/Core/Src/main.c.obj
 .debug_frame   0x00000094       0x28 CMakeFiles/test02-mouse-cmake.elf.dir/Core/Src/stm32f1xx_hal_msp.c.obj
 .debug_frame   0x000000bc       0xf0 CMakeFiles/test02-mouse-cmake.elf.dir/Core/Src/stm32f1xx_it.c.obj
 .debug_frame   0x000001ac       0x30 CMakeFiles/test02-mouse-cmake.elf.dir/Core/Src/system_stm32f1xx.c.obj
 .debug_frame   0x000001dc      0x1cc CMakeFiles/test02-mouse-cmake.elf.dir/Drivers/STM32F1xx_HAL_Driver/Src/stm32f1xx_hal.c.obj
 .debug_frame   0x000003a8      0x118 CMakeFiles/test02-mouse-cmake.elf.dir/Drivers/STM32F1xx_HAL_Driver/Src/stm32f1xx_hal_cortex.c.obj
 .debug_frame   0x000004c0       0xe4 CMakeFiles/test02-mouse-cmake.elf.dir/Drivers/STM32F1xx_HAL_Driver/Src/stm32f1xx_hal_gpio.c.obj
 .debug_frame   0x000005a4      0x344 CMakeFiles/test02-mouse-cmake.elf.dir/Drivers/STM32F1xx_HAL_Driver/Src/stm32f1xx_hal_pcd.c.obj
 .debug_frame   0x000008e8       0x50 CMakeFiles/test02-mouse-cmake.elf.dir/Drivers/STM32F1xx_HAL_Driver/Src/stm32f1xx_hal_pcd_ex.c.obj
 .debug_frame   0x00000938      0x190 CMakeFiles/test02-mouse-cmake.elf.dir/Drivers/STM32F1xx_HAL_Driver/Src/stm32f1xx_hal_rcc.c.obj
 .debug_frame   0x00000ac8       0x64 CMakeFiles/test02-mouse-cmake.elf.dir/Drivers/STM32F1xx_HAL_Driver/Src/stm32f1xx_hal_rcc_ex.c.obj
 .debug_frame   0x00000b2c      0x1fc CMakeFiles/test02-mouse-cmake.elf.dir/Drivers/STM32F1xx_HAL_Driver/Src/stm32f1xx_ll_usb.c.obj
 .debug_frame   0x00000d28       0xdc CMakeFiles/test02-mouse-cmake.elf.dir/Middlewares/ST/STM32_USB_Device_Library/Class/HID/Src/usbd_hid.c.obj
 .debug_frame   0x00000e04      0x1c4 CMakeFiles/test02-mouse-cmake.elf.dir/Middlewares/ST/STM32_USB_Device_Library/Core/Src/usbd_core.c.obj
 .debug_frame   0x00000fc8      0x178 CMakeFiles/test02-mouse-cmake.elf.dir/Middlewares/ST/STM32_USB_Device_Library/Core/Src/usbd_ctlreq.c.obj
 .debug_frame   0x00001140       0xb8 CMakeFiles/test02-mouse-cmake.elf.dir/Middlewares/ST/STM32_USB_Device_Library/Core/Src/usbd_ioreq.c.obj
 .debug_frame   0x000011f8       0x28 CMakeFiles/test02-mouse-cmake.elf.dir/USB_DEVICE/App/usb_device.c.obj
 .debug_frame   0x00001220       0xe0 CMakeFiles/test02-mouse-cmake.elf.dir/USB_DEVICE/App/usbd_desc.c.obj
 .debug_frame   0x00001300      0x2ec CMakeFiles/test02-mouse-cmake.elf.dir/USB_DEVICE/Target/usbd_conf.c.obj
 .debug_frame   0x000015ec       0x2c c:/progra~2/gnuarm~1/102020~1/bin/../lib/gcc/arm-none-eabi/10.2.1/../../../../arm-none-eabi/lib/thumb/v7-m/nofp\libc.a(lib_a-init.o)
 .debug_frame   0x00001618       0x2c c:/progra~2/gnuarm~1/102020~1/bin/../lib/gcc/arm-none-eabi/10.2.1/../../../../arm-none-eabi/lib/thumb/v7-m/nofp\libc.a(lib_a-memset.o)
 .debug_frame   0x00001644       0x5c c:/progra~2/gnuarm~1/102020~1/bin/../lib/gcc/arm-none-eabi/10.2.1/../../../../arm-none-eabi/lib/thumb/v7-m/nofp\libc.a(lib_a-__call_atexit.o)
 .debug_frame   0x000016a0       0x20 c:/progra~2/gnuarm~1/102020~1/bin/../lib/gcc/arm-none-eabi/10.2.1/../../../../arm-none-eabi/lib/thumb/v7-m/nofp\libc.a(lib_a-atexit.o)
 .debug_frame   0x000016c0       0x34 c:/progra~2/gnuarm~1/102020~1/bin/../lib/gcc/arm-none-eabi/10.2.1/../../../../arm-none-eabi/lib/thumb/v7-m/nofp\libc.a(lib_a-fini.o)
 .debug_frame   0x000016f4       0xb0 c:/progra~2/gnuarm~1/102020~1/bin/../lib/gcc/arm-none-eabi/10.2.1/../../../../arm-none-eabi/lib/thumb/v7-m/nofp\libc.a(lib_a-lock.o)
 .debug_frame   0x000017a4       0x34 c:/progra~2/gnuarm~1/102020~1/bin/../lib/gcc/arm-none-eabi/10.2.1/../../../../arm-none-eabi/lib/thumb/v7-m/nofp\libc.a(lib_a-__atexit.o)

.debug_loc      0x00000000     0x807a
 .debug_loc     0x00000000       0x15 CMakeFiles/test02-mouse-cmake.elf.dir/Core/Src/stm32f1xx_hal_msp.c.obj
 .debug_loc     0x00000015       0xff CMakeFiles/test02-mouse-cmake.elf.dir/Core/Src/system_stm32f1xx.c.obj
 .debug_loc     0x00000114      0x141 CMakeFiles/test02-mouse-cmake.elf.dir/Drivers/STM32F1xx_HAL_Driver/Src/stm32f1xx_hal.c.obj
 .debug_loc     0x00000255      0x71f CMakeFiles/test02-mouse-cmake.elf.dir/Drivers/STM32F1xx_HAL_Driver/Src/stm32f1xx_hal_cortex.c.obj
 .debug_loc     0x00000974      0x47d CMakeFiles/test02-mouse-cmake.elf.dir/Drivers/STM32F1xx_HAL_Driver/Src/stm32f1xx_hal_gpio.c.obj
 .debug_loc     0x00000df1     0x148f CMakeFiles/test02-mouse-cmake.elf.dir/Drivers/STM32F1xx_HAL_Driver/Src/stm32f1xx_hal_pcd.c.obj
 .debug_loc     0x00002280      0x11a CMakeFiles/test02-mouse-cmake.elf.dir/Drivers/STM32F1xx_HAL_Driver/Src/stm32f1xx_hal_pcd_ex.c.obj
 .debug_loc     0x0000239a      0x63e CMakeFiles/test02-mouse-cmake.elf.dir/Drivers/STM32F1xx_HAL_Driver/Src/stm32f1xx_hal_rcc.c.obj
 .debug_loc     0x000029d8      0x42a CMakeFiles/test02-mouse-cmake.elf.dir/Drivers/STM32F1xx_HAL_Driver/Src/stm32f1xx_hal_rcc_ex.c.obj
 .debug_loc     0x00002e02     0x1c2e CMakeFiles/test02-mouse-cmake.elf.dir/Drivers/STM32F1xx_HAL_Driver/Src/stm32f1xx_ll_usb.c.obj
 .debug_loc     0x00004a30      0x717 CMakeFiles/test02-mouse-cmake.elf.dir/Middlewares/ST/STM32_USB_Device_Library/Class/HID/Src/usbd_hid.c.obj
 .debug_loc     0x00005147      0x96a CMakeFiles/test02-mouse-cmake.elf.dir/Middlewares/ST/STM32_USB_Device_Library/Core/Src/usbd_core.c.obj
 .debug_loc     0x00005ab1     0x1481 CMakeFiles/test02-mouse-cmake.elf.dir/Middlewares/ST/STM32_USB_Device_Library/Core/Src/usbd_ctlreq.c.obj
 .debug_loc     0x00006f32      0x284 CMakeFiles/test02-mouse-cmake.elf.dir/Middlewares/ST/STM32_USB_Device_Library/Core/Src/usbd_ioreq.c.obj
 .debug_loc     0x000071b6      0x38f CMakeFiles/test02-mouse-cmake.elf.dir/USB_DEVICE/App/usbd_desc.c.obj
 .debug_loc     0x00007545      0xb35 CMakeFiles/test02-mouse-cmake.elf.dir/USB_DEVICE/Target/usbd_conf.c.obj
