Archive member included to satisfy reference by file (symbol)

c:/progra~2/gnuarm~1/102020~1/bin/../lib/gcc/arm-none-eabi/10.2.1/../../../../arm-none-eabi/lib/thumb/v7-m/nofp\libg.a(lib_a-errno.o)
                              CMakeFiles/test02-mouse-cmake.elf.dir/Core/Src/syscalls.c.obj (__errno)
c:/progra~2/gnuarm~1/102020~1/bin/../lib/gcc/arm-none-eabi/10.2.1/../../../../arm-none-eabi/lib/thumb/v7-m/nofp\libg.a(lib_a-exit.o)
                              c:/progra~2/gnuarm~1/102020~1/bin/../lib/gcc/arm-none-eabi/10.2.1/../../../../arm-none-eabi/lib/thumb/v7-m/nofp/crt0.o (exit)
c:/progra~2/gnuarm~1/102020~1/bin/../lib/gcc/arm-none-eabi/10.2.1/../../../../arm-none-eabi/lib/thumb/v7-m/nofp\libg.a(lib_a-impure.o)
                              c:/progra~2/gnuarm~1/102020~1/bin/../lib/gcc/arm-none-eabi/10.2.1/../../../../arm-none-eabi/lib/thumb/v7-m/nofp\libg.a(lib_a-exit.o) (_global_impure_ptr)
c:/progra~2/gnuarm~1/102020~1/bin/../lib/gcc/arm-none-eabi/10.2.1/../../../../arm-none-eabi/lib/thumb/v7-m/nofp\libg.a(lib_a-init.o)
                              c:/progra~2/gnuarm~1/102020~1/bin/../lib/gcc/arm-none-eabi/10.2.1/../../../../arm-none-eabi/lib/thumb/v7-m/nofp/crt0.o (__libc_init_array)
c:/progra~2/gnuarm~1/102020~1/bin/../lib/gcc/arm-none-eabi/10.2.1/../../../../arm-none-eabi/lib/thumb/v7-m/nofp\libg.a(lib_a-memset.o)
                              c:/progra~2/gnuarm~1/102020~1/bin/../lib/gcc/arm-none-eabi/10.2.1/../../../../arm-none-eabi/lib/thumb/v7-m/nofp/crt0.o (memset)
c:/progra~2/gnuarm~1/102020~1/bin/../lib/gcc/arm-none-eabi/10.2.1/../../../../arm-none-eabi/lib/thumb/v7-m/nofp\libg.a(lib_a-__call_atexit.o)
                              c:/progra~2/gnuarm~1/102020~1/bin/../lib/gcc/arm-none-eabi/10.2.1/../../../../arm-none-eabi/lib/thumb/v7-m/nofp\libg.a(lib_a-exit.o) (__call_exitprocs)
c:/progra~2/gnuarm~1/102020~1/bin/../lib/gcc/arm-none-eabi/10.2.1/../../../../arm-none-eabi/lib/thumb/v7-m/nofp\libg.a(lib_a-atexit.o)
                              c:/progra~2/gnuarm~1/102020~1/bin/../lib/gcc/arm-none-eabi/10.2.1/../../../../arm-none-eabi/lib/thumb/v7-m/nofp\libg.a(lib_a-__call_atexit.o) (atexit)
c:/progra~2/gnuarm~1/102020~1/bin/../lib/gcc/arm-none-eabi/10.2.1/../../../../arm-none-eabi/lib/thumb/v7-m/nofp\libg.a(lib_a-fini.o)
                              c:/progra~2/gnuarm~1/102020~1/bin/../lib/gcc/arm-none-eabi/10.2.1/../../../../arm-none-eabi/lib/thumb/v7-m/nofp\libg.a(lib_a-__call_atexit.o) (__libc_fini_array)
c:/progra~2/gnuarm~1/102020~1/bin/../lib/gcc/arm-none-eabi/10.2.1/../../../../arm-none-eabi/lib/thumb/v7-m/nofp\libg.a(lib_a-lock.o)
                              c:/progra~2/gnuarm~1/102020~1/bin/../lib/gcc/arm-none-eabi/10.2.1/../../../../arm-none-eabi/lib/thumb/v7-m/nofp\libg.a(lib_a-__call_atexit.o) (__retarget_lock_acquire_recursive)
c:/progra~2/gnuarm~1/102020~1/bin/../lib/gcc/arm-none-eabi/10.2.1/../../../../arm-none-eabi/lib/thumb/v7-m/nofp\libg.a(lib_a-__atexit.o)
                              c:/progra~2/gnuarm~1/102020~1/bin/../lib/gcc/arm-none-eabi/10.2.1/../../../../arm-none-eabi/lib/thumb/v7-m/nofp\libg.a(lib_a-atexit.o) (__register_exitproc)

Discarded input sections

 .text          0x00000000        0x0 c:/progra~2/gnuarm~1/102020~1/bin/../lib/gcc/arm-none-eabi/10.2.1/thumb/v7-m/nofp/crti.o
 .data          0x00000000        0x0 c:/progra~2/gnuarm~1/102020~1/bin/../lib/gcc/arm-none-eabi/10.2.1/thumb/v7-m/nofp/crti.o
 .bss           0x00000000        0x0 c:/progra~2/gnuarm~1/102020~1/bin/../lib/gcc/arm-none-eabi/10.2.1/thumb/v7-m/nofp/crti.o
 .data          0x00000000        0x4 c:/progra~2/gnuarm~1/102020~1/bin/../lib/gcc/arm-none-eabi/10.2.1/thumb/v7-m/nofp/crtbegin.o
 .rodata        0x00000000       0x24 c:/progra~2/gnuarm~1/102020~1/bin/../lib/gcc/arm-none-eabi/10.2.1/thumb/v7-m/nofp/crtbegin.o
 .text          0x00000000       0x7c c:/progra~2/gnuarm~1/102020~1/bin/../lib/gcc/arm-none-eabi/10.2.1/../../../../arm-none-eabi/lib/thumb/v7-m/nofp/crt0.o
 .data          0x00000000        0x0 c:/progra~2/gnuarm~1/102020~1/bin/../lib/gcc/arm-none-eabi/10.2.1/../../../../arm-none-eabi/lib/thumb/v7-m/nofp/crt0.o
 .bss           0x00000000        0x0 c:/progra~2/gnuarm~1/102020~1/bin/../lib/gcc/arm-none-eabi/10.2.1/../../../../arm-none-eabi/lib/thumb/v7-m/nofp/crt0.o
 .ARM.extab     0x00000000        0x0 c:/progra~2/gnuarm~1/102020~1/bin/../lib/gcc/arm-none-eabi/10.2.1/../../../../arm-none-eabi/lib/thumb/v7-m/nofp/crt0.o
 .ARM.exidx     0x00000000       0x10 c:/progra~2/gnuarm~1/102020~1/bin/../lib/gcc/arm-none-eabi/10.2.1/../../../../arm-none-eabi/lib/thumb/v7-m/nofp/crt0.o
 .ARM.attributes
                0x00000000       0x1b c:/progra~2/gnuarm~1/102020~1/bin/../lib/gcc/arm-none-eabi/10.2.1/../../../../arm-none-eabi/lib/thumb/v7-m/nofp/crt0.o
 .text          0x00000000        0x0 CMakeFiles/test02-mouse-cmake.elf.dir/Core/Src/dma.c.obj
 .data          0x00000000        0x0 CMakeFiles/test02-mouse-cmake.elf.dir/Core/Src/dma.c.obj
[...]
Memory Configuration

Name             Origin             Length             Attributes
RAM              0x20000000         0x00010000         xrw
FLASH            0x08000000         0x00080000         xr
*default*        0x00000000         0xffffffff

Linker script and memory map

LOAD c:/progra~2/gnuarm~1/102020~1/bin/../lib/gcc/arm-none-eabi/10.2.1/thumb/v7-m/nofp/crti.o
LOAD c:/progra~2/gnuarm~1/102020~1/bin/../lib/gcc/arm-none-eabi/10.2.1/thumb/v7-m/nofp/crtbegin.o
LOAD c:/progra~2/gnuarm~1/102020~1/bin/../lib/gcc/arm-none-eabi/10.2.1/../../../../arm-none-eabi/lib/thumb/v7-m/nofp/crt0.o
LOAD CMakeFiles/test02-mouse-cmake.elf.dir/Core/Src/dma.c.obj
LOAD CMakeFiles/test02-mouse-cmake.elf.dir/Core/Src/gpio.c.obj
LOAD CMakeFiles/test02-mouse-cmake.elf.dir/Core/Src/main.c.obj
LOAD CMakeFiles/test02-mouse-cmake.elf.dir/Core/Src/stm32f1xx_hal_msp.c.obj
LOAD CMakeFiles/test02-mouse-cmake.elf.dir/Core/Src/stm32f1xx_it.c.obj
LOAD CMakeFiles/test02-mouse-cmake.elf.dir/Core/Src/syscalls.c.obj
LOAD CMakeFiles/test02-mouse-cmake.elf.dir/Core/Src/sysmem.c.obj
LOAD CMakeFiles/test02-mouse-cmake.elf.dir/Core/Src/system_stm32f1xx.c.obj
LOAD CMakeFiles/test02-mouse-cmake.elf.dir/Core/Src/usart.c.obj
LOAD CMakeFiles/test02-mouse-cmake.elf.dir/Core/Startup/startup_stm32f103zetx.s.obj
LOAD CMakeFiles/test02-mouse-cmake.elf.dir/Drivers/STM32F1xx_HAL_Driver/Src/stm32f1xx_hal.c.obj
LOAD CMakeFiles/test02-mouse-cmake.elf.dir/Drivers/STM32F1xx_HAL_Driver/Src/stm32f1xx_hal_cortex.c.obj
LOAD CMakeFiles/test02-mouse-cmake.elf.dir/Drivers/STM32F1xx_HAL_Driver/Src/stm32f1xx_hal_dma.c.obj
LOAD CMakeFiles/test02-mouse-cmake.elf.dir/Drivers/STM32F1xx_HAL_Driver/Src/stm32f1xx_hal_exti.c.obj
LOAD CMakeFiles/test02-mouse-cmake.elf.dir/Drivers/STM32F1xx_HAL_Driver/Src/stm32f1xx_hal_flash.c.obj
LOAD CMakeFiles/test02-mouse-cmake.elf.dir/Drivers/STM32F1xx_HAL_Driver/Src/stm32f1xx_hal_flash_ex.c.obj
LOAD CMakeFiles/test02-mouse-cmake.elf.dir/Drivers/STM32F1xx_HAL_Driver/Src/stm32f1xx_hal_gpio.c.obj
LOAD CMakeFiles/test02-mouse-cmake.elf.dir/Drivers/STM32F1xx_HAL_Driver/Src/stm32f1xx_hal_gpio_ex.c.obj
LOAD CMakeFiles/test02-mouse-cmake.elf.dir/Drivers/STM32F1xx_HAL_Driver/Src/stm32f1xx_hal_pcd.c.obj
LOAD CMakeFiles/test02-mouse-cmake.elf.dir/Drivers/STM32F1xx_HAL_Driver/Src/stm32f1xx_hal_pcd_ex.c.obj
LOAD CMakeFiles/test02-mouse-cmake.elf.dir/Drivers/STM32F1xx_HAL_Driver/Src/stm32f1xx_hal_pwr.c.obj
LOAD CMakeFiles/test02-mouse-cmake.elf.dir/Drivers/STM32F1xx_HAL_Driver/Src/stm32f1xx_hal_rcc.c.obj
LOAD CMakeFiles/test02-mouse-cmake.elf.dir/Drivers/STM32F1xx_HAL_Driver/Src/stm32f1xx_hal_rcc_ex.c.obj
LOAD CMakeFiles/test02-mouse-cmake.elf.dir/Drivers/STM32F1xx_HAL_Driver/Src/stm32f1xx_hal_tim.c.obj
LOAD CMakeFiles/test02-mouse-cmake.elf.dir/Drivers/STM32F1xx_HAL_Driver/Src/stm32f1xx_hal_tim_ex.c.obj
LOAD CMakeFiles/test02-mouse-cmake.elf.dir/Drivers/STM32F1xx_HAL_Driver/Src/stm32f1xx_hal_uart.c.obj
LOAD CMakeFiles/test02-mouse-cmake.elf.dir/Drivers/STM32F1xx_HAL_Driver/Src/stm32f1xx_ll_usb.c.obj
LOAD CMakeFiles/test02-mouse-cmake.elf.dir/Middlewares/ST/STM32_USB_Device_Library/Class/HID/Src/usbd_hid.c.obj
LOAD CMakeFiles/test02-mouse-cmake.elf.dir/Middlewares/ST/STM32_USB_Device_Library/Core/Src/usbd_core.c.obj
LOAD CMakeFiles/test02-mouse-cmake.elf.dir/Middlewares/ST/STM32_USB_Device_Library/Core/Src/usbd_ctlreq.c.obj
LOAD CMakeFiles/test02-mouse-cmake.elf.dir/Middlewares/ST/STM32_USB_Device_Library/Core/Src/usbd_ioreq.c.obj
LOAD CMakeFiles/test02-mouse-cmake.elf.dir/USB_DEVICE/App/usb_device.c.obj
LOAD CMakeFiles/test02-mouse-cmake.elf.dir/USB_DEVICE/App/usbd_desc.c.obj
LOAD CMakeFiles/test02-mouse-cmake.elf.dir/USB_DEVICE/Target/usbd_conf.c.obj
START GROUP
LOAD c:/progra~2/gnuarm~1/102020~1/bin/../lib/gcc/arm-none-eabi/10.2.1/thumb/v7-m/nofp\libgcc.a
LOAD c:/progra~2/gnuarm~1/102020~1/bin/../lib/gcc/arm-none-eabi/10.2.1/../../../../arm-none-eabi/lib/thumb/v7-m/nofp\libg.a
LOAD c:/progra~2/gnuarm~1/102020~1/bin/../lib/gcc/arm-none-eabi/10.2.1/../../../../arm-none-eabi/lib/thumb/v7-m/nofp\libc.a
END GROUP
LOAD c:/progra~2/gnuarm~1/102020~1/bin/../lib/gcc/arm-none-eabi/10.2.1/thumb/v7-m/nofp/crtend.o
LOAD c:/progra~2/gnuarm~1/102020~1/bin/../lib/gcc/arm-none-eabi/10.2.1/thumb/v7-m/nofp/crtn.o
                0x20010000                _estack = (ORIGIN (RAM) + LENGTH (RAM))
                0x00000400                _Min_Heap_Size = 0x400
                0x00000400                _Min_Stack_Size = 0x400

.isr_vector     0x08000000      0x1e4
                0x08000000                . = ALIGN (0x4)
 *(.isr_vector)
 .isr_vector    0x08000000      0x1e4 CMakeFiles/test02-mouse-cmake.elf.dir/Core/Startup/startup_stm32f103zetx.s.obj
                0x08000000                g_pfnVectors
                0x080001e4                . = ALIGN (0x4)

.text           0x080001e4     0x4e28
                0x080001e4                . = ALIGN (0x4)
 *(.text)
 .text          0x080001e4       0x40 c:/progra~2/gnuarm~1/102020~1/bin/../lib/gcc/arm-none-eabi/10.2.1/thumb/v7-m/nofp/crtbegin.o
 *(.text*)
 .text.MX_DMA_Init
                0x08000224       0x44 CMakeFiles/test02-mouse-cmake.elf.dir/Core/Src/dma.c.obj
                0x08000224                MX_DMA_Init
 .text.MX_GPIO_Init
                0x08000268      0x158 CMakeFiles/test02-mouse-cmake.elf.dir/Core/Src/gpio.c.obj
                0x08000268                MX_GPIO_Init
 .text.HAL_GPIO_EXTI_Callback
                0x080003c0      0x1d8 CMakeFiles/test02-mouse-cmake.elf.dir/Core/Src/gpio.c.obj
                0x080003c0                HAL_GPIO_EXTI_Callback
 .text.Error_Handler
                0x08000598        0x4 CMakeFiles/test02-mouse-cmake.elf.dir/Core/Src/main.c.obj
                0x08000598                Error_Handler
 .text.SystemClock_Config
                0x0800059c       0x90 CMakeFiles/test02-mouse-cmake.elf.dir/Core/Src/main.c.obj
                0x0800059c                SystemClock_Config
 .text.main     0x0800062c       0x3c CMakeFiles/test02-mouse-cmake.elf.dir/Core/Src/main.c.obj
                0x0800062c                main
 .text.HAL_MspInit
                0x08000668       0x44 CMakeFiles/test02-mouse-cmake.elf.dir/Core/Src/stm32f1xx_hal_msp.c.obj
                0x08000668                HAL_MspInit
 .text.NMI_Handler
                0x080006ac        0x2 CMakeFiles/test02-mouse-cmake.elf.dir/Core/Src/stm32f1xx_it.c.obj
                0x080006ac                NMI_Handler
 .text.HardFault_Handler
                0x080006ae        0x2 CMakeFiles/test02-mouse-cmake.elf.dir/Core/Src/stm32f1xx_it.c.obj
                0x080006ae                HardFault_Handler
 .text.MemManage_Handler
                0x080006b0        0x2 CMakeFiles/test02-mouse-cmake.elf.dir/Core/Src/stm32f1xx_it.c.obj
                0x080006b0                MemManage_Handler
 .text.BusFault_Handler
                0x080006b2        0x2 CMakeFiles/test02-mouse-cmake.elf.dir/Core/Src/stm32f1xx_it.c.obj
                0x080006b2                BusFault_Handler
 .text.UsageFault_Handler
                0x080006b4        0x2 CMakeFiles/test02-mouse-cmake.elf.dir/Core/Src/stm32f1xx_it.c.obj
                0x080006b4                UsageFault_Handler
 .text.SVC_Handler
                0x080006b6        0x2 CMakeFiles/test02-mouse-cmake.elf.dir/Core/Src/stm32f1xx_it.c.obj
                0x080006b6                SVC_Handler
 .text.DebugMon_Handler
                0x080006b8        0x2 CMakeFiles/test02-mouse-cmake.elf.dir/Core/Src/stm32f1xx_it.c.obj
                0x080006b8                DebugMon_Handler
 .text.PendSV_Handler
                0x080006ba        0x2 CMakeFiles/test02-mouse-cmake.elf.dir/Core/Src/stm32f1xx_it.c.obj
                0x080006ba                PendSV_Handler
 .text.SysTick_Handler
                0x080006bc        0x8 CMakeFiles/test02-mouse-cmake.elf.dir/Core/Src/stm32f1xx_it.c.obj
                0x080006bc                SysTick_Handler
 .text.EXTI0_IRQHandler
                0x080006c4       0x18 CMakeFiles/test02-mouse-cmake.elf.dir/Core/Src/stm32f1xx_it.c.obj
                0x080006c4                EXTI0_IRQHandler
 .text.EXTI1_IRQHandler
                0x080006dc        0xa CMakeFiles/test02-mouse-cmake.elf.dir/Core/Src/stm32f1xx_it.c.obj
                0x080006dc                EXTI1_IRQHandler
 .text.EXTI2_IRQHandler
                0x080006e6        0xa CMakeFiles/test02-mouse-cmake.elf.dir/Core/Src/stm32f1xx_it.c.obj
                0x080006e6                EXTI2_IRQHandler
 .text.EXTI3_IRQHandler
                0x080006f0        0xa CMakeFiles/test02-mouse-cmake.elf.dir/Core/Src/stm32f1xx_it.c.obj
                0x080006f0                EXTI3_IRQHandler
 *fill*         0x080006fa        0x2 
 .text.EXTI4_IRQHandler
                0x080006fc       0x18 CMakeFiles/test02-mouse-cmake.elf.dir/Core/Src/stm32f1xx_it.c.obj
                0x080006fc                EXTI4_IRQHandler
 .text.DMA1_Channel4_IRQHandler
                0x08000714       0x10 CMakeFiles/test02-mouse-cmake.elf.dir/Core/Src/stm32f1xx_it.c.obj
                0x08000714                DMA1_Channel4_IRQHandler
 .text.DMA1_Channel5_IRQHandler
                0x08000724       0x10 CMakeFiles/test02-mouse-cmake.elf.dir/Core/Src/stm32f1xx_it.c.obj
                0x08000724                DMA1_Channel5_IRQHandler
 .text.USB_LP_CAN1_RX0_IRQHandler
                0x08000734       0x10 CMakeFiles/test02-mouse-cmake.elf.dir/Core/Src/stm32f1xx_it.c.obj
                0x08000734                USB_LP_CAN1_RX0_IRQHandler
 .text.EXTI9_5_IRQHandler
                0x08000744       0x16 CMakeFiles/test02-mouse-cmake.elf.dir/Core/Src/stm32f1xx_it.c.obj
                0x08000744                EXTI9_5_IRQHandler
 *fill*         0x0800075a        0x2 
 .text.USART1_IRQHandler
                0x0800075c       0x10 CMakeFiles/test02-mouse-cmake.elf.dir/Core/Src/stm32f1xx_it.c.obj
                0x0800075c                USART1_IRQHandler
 .text.SystemInit
                0x0800076c        0x2 CMakeFiles/test02-mouse-cmake.elf.dir/Core/Src/system_stm32f1xx.c.obj
                0x0800076c                SystemInit
 *fill*         0x0800076e        0x2 
 .text.MX_USART1_UART_Init
                0x08000770       0x34 CMakeFiles/test02-mouse-cmake.elf.dir/Core/Src/usart.c.obj
                0x08000770                MX_USART1_UART_Init
 .text.HAL_UART_MspInit
                0x080007a4       0xf0 CMakeFiles/test02-mouse-cmake.elf.dir/Core/Src/usart.c.obj
                0x080007a4                HAL_UART_MspInit
 .text.Reset_Handler
                0x08000894       0x48 CMakeFiles/test02-mouse-cmake.elf.dir/Core/Startup/startup_stm32f103zetx.s.obj
                0x08000894                Reset_Handler
 .text.Default_Handler
                0x080008dc        0x2 CMakeFiles/test02-mouse-cmake.elf.dir/Core/Startup/startup_stm32f103zetx.s.obj
                0x080008dc                RTC_Alarm_IRQHandler
                0x080008dc                TIM8_TRG_COM_IRQHandler
                0x080008dc                TIM8_CC_IRQHandler
                0x080008dc                TIM1_CC_IRQHandler
                0x080008dc                TIM6_IRQHandler
                0x080008dc                PVD_IRQHandler
                0x080008dc                SDIO_IRQHandler
                0x080008dc                I2C2_EV_IRQHandler
                0x080008dc                ADC1_2_IRQHandler
                0x080008dc                SPI1_IRQHandler
                0x080008dc                TAMPER_IRQHandler
                0x080008dc                TIM8_UP_IRQHandler
                0x080008dc                DMA2_Channel2_IRQHandler
                0x080008dc                USART3_IRQHandler
                0x080008dc                RTC_IRQHandler
                0x080008dc                DMA1_Channel7_IRQHandler
                0x080008dc                CAN1_RX1_IRQHandler
                0x080008dc                UART5_IRQHandler
                0x080008dc                ADC3_IRQHandler
                0x080008dc                TIM4_IRQHandler
                0x080008dc                DMA2_Channel1_IRQHandler
                0x080008dc                I2C1_EV_IRQHandler
                0x080008dc                DMA1_Channel6_IRQHandler
                0x080008dc                UART4_IRQHandler
                0x080008dc                TIM3_IRQHandler
                0x080008dc                RCC_IRQHandler
                0x080008dc                TIM1_TRG_COM_IRQHandler
                0x080008dc                DMA1_Channel1_IRQHandler
                0x080008dc                Default_Handler
                0x080008dc                EXTI15_10_IRQHandler
                0x080008dc                TIM7_IRQHandler
                0x080008dc                TIM5_IRQHandler
                0x080008dc                SPI2_IRQHandler
                0x080008dc                USB_HP_CAN1_TX_IRQHandler
                0x080008dc                DMA1_Channel3_IRQHandler
                0x080008dc                FSMC_IRQHandler
                0x080008dc                TIM1_UP_IRQHandler
                0x080008dc                WWDG_IRQHandler
                0x080008dc                TIM2_IRQHandler
                0x080008dc                TIM1_BRK_IRQHandler
                0x080008dc                DMA2_Channel4_5_IRQHandler
                0x080008dc                USART2_IRQHandler
                0x080008dc                I2C2_ER_IRQHandler
                0x080008dc                DMA1_Channel2_IRQHandler
                0x080008dc                TIM8_BRK_IRQHandler
                0x080008dc                CAN1_SCE_IRQHandler
                0x080008dc                FLASH_IRQHandler
                0x080008dc                SPI3_IRQHandler
                0x080008dc                I2C1_ER_IRQHandler
                0x080008dc                USBWakeUp_IRQHandler
                0x080008dc                DMA2_Channel3_IRQHandler
 *fill*         0x080008de        0x2 
 .text.HAL_InitTick
                0x080008e0       0x4c CMakeFiles/test02-mouse-cmake.elf.dir/Drivers/STM32F1xx_HAL_Driver/Src/stm32f1xx_hal.c.obj
                0x080008e0                HAL_InitTick
 .text.HAL_Init
                0x0800092c       0x24 CMakeFiles/test02-mouse-cmake.elf.dir/Drivers/STM32F1xx_HAL_Driver/Src/stm32f1xx_hal.c.obj
                0x0800092c                HAL_Init
 .text.HAL_IncTick
                0x08000950       0x18 CMakeFiles/test02-mouse-cmake.elf.dir/Drivers/STM32F1xx_HAL_Driver/Src/stm32f1xx_hal.c.obj
                0x08000950                HAL_IncTick
 .text.HAL_GetTick
                0x08000968        0xc CMakeFiles/test02-mouse-cmake.elf.dir/Drivers/STM32F1xx_HAL_Driver/Src/stm32f1xx_hal.c.obj
                0x08000968                HAL_GetTick
 .text.HAL_NVIC_SetPriorityGrouping
                0x08000974       0x24 CMakeFiles/test02-mouse-cmake.elf.dir/Drivers/STM32F1xx_HAL_Driver/Src/stm32f1xx_hal_cortex.c.obj
                0x08000974                HAL_NVIC_SetPriorityGrouping
 .text.HAL_NVIC_SetPriority
                0x08000998       0x70 CMakeFiles/test02-mouse-cmake.elf.dir/Drivers/STM32F1xx_HAL_Driver/Src/stm32f1xx_hal_cortex.c.obj
                0x08000998                HAL_NVIC_SetPriority
 .text.HAL_NVIC_EnableIRQ
                0x08000a08       0x1c CMakeFiles/test02-mouse-cmake.elf.dir/Drivers/STM32F1xx_HAL_Driver/Src/stm32f1xx_hal_cortex.c.obj
                0x08000a08                HAL_NVIC_EnableIRQ
 .text.HAL_SYSTICK_Config
                0x08000a24       0x28 CMakeFiles/test02-mouse-cmake.elf.dir/Drivers/STM32F1xx_HAL_Driver/Src/stm32f1xx_hal_cortex.c.obj
                0x08000a24                HAL_SYSTICK_Config
 .text.DMA_SetConfig
                0x08000a4c       0x2c CMakeFiles/test02-mouse-cmake.elf.dir/Drivers/STM32F1xx_HAL_Driver/Src/stm32f1xx_hal_dma.c.obj
 .text.HAL_DMA_Init
                0x08000a78       0x98 CMakeFiles/test02-mouse-cmake.elf.dir/Drivers/STM32F1xx_HAL_Driver/Src/stm32f1xx_hal_dma.c.obj
                0x08000a78                HAL_DMA_Init
 .text.HAL_DMA_Start_IT
                0x08000b10       0x74 CMakeFiles/test02-mouse-cmake.elf.dir/Drivers/STM32F1xx_HAL_Driver/Src/stm32f1xx_hal_dma.c.obj
                0x08000b10                HAL_DMA_Start_IT
 .text.HAL_DMA_Abort
                0x08000b84       0x44 CMakeFiles/test02-mouse-cmake.elf.dir/Drivers/STM32F1xx_HAL_Driver/Src/stm32f1xx_hal_dma.c.obj
                0x08000b84                HAL_DMA_Abort
 .text.HAL_DMA_Abort_IT
                0x08000bc8      0x168 CMakeFiles/test02-mouse-cmake.elf.dir/Drivers/STM32F1xx_HAL_Driver/Src/stm32f1xx_hal_dma.c.obj
                0x08000bc8                HAL_DMA_Abort_IT
 .text.HAL_DMA_IRQHandler
                0x08000d30      0x2ec CMakeFiles/test02-mouse-cmake.elf.dir/Drivers/STM32F1xx_HAL_Driver/Src/stm32f1xx_hal_dma.c.obj
                0x08000d30                HAL_DMA_IRQHandler
 .text.HAL_GPIO_Init
                0x0800101c      0x240 CMakeFiles/test02-mouse-cmake.elf.dir/Drivers/STM32F1xx_HAL_Driver/Src/stm32f1xx_hal_gpio.c.obj
                0x0800101c                HAL_GPIO_Init
 .text.HAL_GPIO_ReadPin
                0x0800125c        0xe CMakeFiles/test02-mouse-cmake.elf.dir/Drivers/STM32F1xx_HAL_Driver/Src/stm32f1xx_hal_gpio.c.obj
                0x0800125c                HAL_GPIO_ReadPin
 .text.HAL_GPIO_WritePin
                0x0800126a        0xc CMakeFiles/test02-mouse-cmake.elf.dir/Drivers/STM32F1xx_HAL_Driver/Src/stm32f1xx_hal_gpio.c.obj
                0x0800126a                HAL_GPIO_WritePin
 .text.HAL_GPIO_TogglePin
                0x08001276       0x12 CMakeFiles/test02-mouse-cmake.elf.dir/Drivers/STM32F1xx_HAL_Driver/Src/stm32f1xx_hal_gpio.c.obj
                0x08001276                HAL_GPIO_TogglePin
 .text.HAL_GPIO_EXTI_IRQHandler
                0x08001288       0x1c CMakeFiles/test02-mouse-cmake.elf.dir/Drivers/STM32F1xx_HAL_Driver/Src/stm32f1xx_hal_gpio.c.obj
                0x08001288                HAL_GPIO_EXTI_IRQHandler
 .text.HAL_PCD_EP_DB_Receive
                0x080012a4      0x11c CMakeFiles/test02-mouse-cmake.elf.dir/Drivers/STM32F1xx_HAL_Driver/Src/stm32f1xx_hal_pcd.c.obj
 .text.HAL_PCD_Init
                0x080013c0      0x118 CMakeFiles/test02-mouse-cmake.elf.dir/Drivers/STM32F1xx_HAL_Driver/Src/stm32f1xx_hal_pcd.c.obj
                0x080013c0                HAL_PCD_Init
 .text.HAL_PCD_Start
                0x080014d8       0x32 CMakeFiles/test02-mouse-cmake.elf.dir/Drivers/STM32F1xx_HAL_Driver/Src/stm32f1xx_hal_pcd.c.obj
                0x080014d8                HAL_PCD_Start
 .text.HAL_PCD_EP_DB_Transmit
                0x0800150a      0x420 CMakeFiles/test02-mouse-cmake.elf.dir/Drivers/STM32F1xx_HAL_Driver/Src/stm32f1xx_hal_pcd.c.obj
 .text.PCD_EP_ISR_Handler
                0x0800192a      0x438 CMakeFiles/test02-mouse-cmake.elf.dir/Drivers/STM32F1xx_HAL_Driver/Src/stm32f1xx_hal_pcd.c.obj
 .text.HAL_PCD_SetAddress
                0x08001d62       0x28 CMakeFiles/test02-mouse-cmake.elf.dir/Drivers/STM32F1xx_HAL_Driver/Src/stm32f1xx_hal_pcd.c.obj
                0x08001d62                HAL_PCD_SetAddress
 .text.HAL_PCD_IRQHandler
                0x08001d8a      0x1d4 CMakeFiles/test02-mouse-cmake.elf.dir/Drivers/STM32F1xx_HAL_Driver/Src/stm32f1xx_hal_pcd.c.obj
                0x08001d8a                HAL_PCD_IRQHandler
 .text.HAL_PCD_EP_Open
                0x08001f5e       0x84 CMakeFiles/test02-mouse-cmake.elf.dir/Drivers/STM32F1xx_HAL_Driver/Src/stm32f1xx_hal_pcd.c.obj
                0x08001f5e                HAL_PCD_EP_Open
 .text.HAL_PCD_EP_Close
                0x08001fe2       0x64 CMakeFiles/test02-mouse-cmake.elf.dir/Drivers/STM32F1xx_HAL_Driver/Src/stm32f1xx_hal_pcd.c.obj
                0x08001fe2                HAL_PCD_EP_Close
 .text.HAL_PCD_EP_Receive
                0x08002046       0x44 CMakeFiles/test02-mouse-cmake.elf.dir/Drivers/STM32F1xx_HAL_Driver/Src/stm32f1xx_hal_pcd.c.obj
                0x08002046                HAL_PCD_EP_Receive
 .text.HAL_PCD_EP_Transmit
                0x0800208a       0x50 CMakeFiles/test02-mouse-cmake.elf.dir/Drivers/STM32F1xx_HAL_Driver/Src/stm32f1xx_hal_pcd.c.obj
                0x0800208a                HAL_PCD_EP_Transmit
 .text.HAL_PCD_EP_SetStall
                0x080020da       0x78 CMakeFiles/test02-mouse-cmake.elf.dir/Drivers/STM32F1xx_HAL_Driver/Src/stm32f1xx_hal_pcd.c.obj
                0x080020da                HAL_PCD_EP_SetStall
 .text.HAL_PCD_EP_ClrStall
                0x08002152       0x76 CMakeFiles/test02-mouse-cmake.elf.dir/Drivers/STM32F1xx_HAL_Driver/Src/stm32f1xx_hal_pcd.c.obj
                0x08002152                HAL_PCD_EP_ClrStall
 .text.HAL_PCDEx_PMAConfig
                0x080021c8       0x38 CMakeFiles/test02-mouse-cmake.elf.dir/Drivers/STM32F1xx_HAL_Driver/Src/stm32f1xx_hal_pcd_ex.c.obj
                0x080021c8                HAL_PCDEx_PMAConfig
 .text.RCC_Delay
                0x08002200       0x2c CMakeFiles/test02-mouse-cmake.elf.dir/Drivers/STM32F1xx_HAL_Driver/Src/stm32f1xx_hal_rcc.c.obj
 .text.HAL_RCC_OscConfig
                0x0800222c      0x410 CMakeFiles/test02-mouse-cmake.elf.dir/Drivers/STM32F1xx_HAL_Driver/Src/stm32f1xx_hal_rcc.c.obj
                0x0800222c                HAL_RCC_OscConfig
 .text.HAL_RCC_MCOConfig
                0x0800263c       0x50 CMakeFiles/test02-mouse-cmake.elf.dir/Drivers/STM32F1xx_HAL_Driver/Src/stm32f1xx_hal_rcc.c.obj
                0x0800263c                HAL_RCC_MCOConfig
 .text.HAL_RCC_GetSysClockFreq
                0x0800268c       0x6c CMakeFiles/test02-mouse-cmake.elf.dir/Drivers/STM32F1xx_HAL_Driver/Src/stm32f1xx_hal_rcc.c.obj
                0x0800268c                HAL_RCC_GetSysClockFreq
 .text.HAL_RCC_ClockConfig
                0x080026f8      0x16c CMakeFiles/test02-mouse-cmake.elf.dir/Drivers/STM32F1xx_HAL_Driver/Src/stm32f1xx_hal_rcc.c.obj
                0x080026f8                HAL_RCC_ClockConfig
 .text.HAL_RCC_GetHCLKFreq
                0x08002864        0xc CMakeFiles/test02-mouse-cmake.elf.dir/Drivers/STM32F1xx_HAL_Driver/Src/stm32f1xx_hal_rcc.c.obj
                0x08002864                HAL_RCC_GetHCLKFreq
 .text.HAL_RCC_GetPCLK1Freq
                0x08002870       0x20 CMakeFiles/test02-mouse-cmake.elf.dir/Drivers/STM32F1xx_HAL_Driver/Src/stm32f1xx_hal_rcc.c.obj
                0x08002870                HAL_RCC_GetPCLK1Freq
 .text.HAL_RCC_GetPCLK2Freq
                0x08002890       0x20 CMakeFiles/test02-mouse-cmake.elf.dir/Drivers/STM32F1xx_HAL_Driver/Src/stm32f1xx_hal_rcc.c.obj
                0x08002890                HAL_RCC_GetPCLK2Freq
 .text.HAL_RCCEx_PeriphCLKConfig
                0x080028b0      0x118 CMakeFiles/test02-mouse-cmake.elf.dir/Drivers/STM32F1xx_HAL_Driver/Src/stm32f1xx_hal_rcc_ex.c.obj
                0x080028b0                HAL_RCCEx_PeriphCLKConfig
 .text.UART_EndTxTransfer
                0x080029c8       0x12 CMakeFiles/test02-mouse-cmake.elf.dir/Drivers/STM32F1xx_HAL_Driver/Src/stm32f1xx_hal_uart.c.obj
 .text.UART_EndRxTransfer
                0x080029da       0x32 CMakeFiles/test02-mouse-cmake.elf.dir/Drivers/STM32F1xx_HAL_Driver/Src/stm32f1xx_hal_uart.c.obj
 .text.UART_Transmit_IT
                0x08002a0c       0x60 CMakeFiles/test02-mouse-cmake.elf.dir/Drivers/STM32F1xx_HAL_Driver/Src/stm32f1xx_hal_uart.c.obj
 .text.UART_SetConfig
                0x08002a6c       0x94 CMakeFiles/test02-mouse-cmake.elf.dir/Drivers/STM32F1xx_HAL_Driver/Src/stm32f1xx_hal_uart.c.obj
 .text.HAL_UART_Init
                0x08002b00       0x5e CMakeFiles/test02-mouse-cmake.elf.dir/Drivers/STM32F1xx_HAL_Driver/Src/stm32f1xx_hal_uart.c.obj
                0x08002b00                HAL_UART_Init
 *fill*         0x08002b5e        0x2 
 .text.HAL_UART_Transmit_DMA
                0x08002b60       0x8c CMakeFiles/test02-mouse-cmake.elf.dir/Drivers/STM32F1xx_HAL_Driver/Src/stm32f1xx_hal_uart.c.obj
                0x08002b60                HAL_UART_Transmit_DMA
 .text.HAL_UART_TxCpltCallback
                0x08002bec        0x2 CMakeFiles/test02-mouse-cmake.elf.dir/Drivers/STM32F1xx_HAL_Driver/Src/stm32f1xx_hal_uart.c.obj
                0x08002bec                HAL_UART_TxCpltCallback
 .text.UART_DMATransmitCplt
                0x08002bee       0x30 CMakeFiles/test02-mouse-cmake.elf.dir/Drivers/STM32F1xx_HAL_Driver/Src/stm32f1xx_hal_uart.c.obj
 .text.UART_EndTransmit_IT
                0x08002c1e       0x1a CMakeFiles/test02-mouse-cmake.elf.dir/Drivers/STM32F1xx_HAL_Driver/Src/stm32f1xx_hal_uart.c.obj
 .text.HAL_UART_TxHalfCpltCallback
                0x08002c38        0x2 CMakeFiles/test02-mouse-cmake.elf.dir/Drivers/STM32F1xx_HAL_Driver/Src/stm32f1xx_hal_uart.c.obj
                0x08002c38                HAL_UART_TxHalfCpltCallback
 .text.UART_DMATxHalfCplt
                0x08002c3a        0xa CMakeFiles/test02-mouse-cmake.elf.dir/Drivers/STM32F1xx_HAL_Driver/Src/stm32f1xx_hal_uart.c.obj
 .text.HAL_UART_RxCpltCallback
                0x08002c44        0x2 CMakeFiles/test02-mouse-cmake.elf.dir/Drivers/STM32F1xx_HAL_Driver/Src/stm32f1xx_hal_uart.c.obj
                0x08002c44                HAL_UART_RxCpltCallback
 .text.HAL_UART_ErrorCallback
                0x08002c46        0x2 CMakeFiles/test02-mouse-cmake.elf.dir/Drivers/STM32F1xx_HAL_Driver/Src/stm32f1xx_hal_uart.c.obj
                0x08002c46                HAL_UART_ErrorCallback
 .text.UART_DMAError
                0x08002c48       0x58 CMakeFiles/test02-mouse-cmake.elf.dir/Drivers/STM32F1xx_HAL_Driver/Src/stm32f1xx_hal_uart.c.obj
 .text.UART_DMAAbortOnError
                0x08002ca0       0x10 CMakeFiles/test02-mouse-cmake.elf.dir/Drivers/STM32F1xx_HAL_Driver/Src/stm32f1xx_hal_uart.c.obj
 .text.HAL_UARTEx_RxEventCallback
                0x08002cb0        0x2 CMakeFiles/test02-mouse-cmake.elf.dir/Drivers/STM32F1xx_HAL_Driver/Src/stm32f1xx_hal_uart.c.obj
                0x08002cb0                HAL_UARTEx_RxEventCallback
 .text.UART_Receive_IT
                0x08002cb2       0xd4 CMakeFiles/test02-mouse-cmake.elf.dir/Drivers/STM32F1xx_HAL_Driver/Src/stm32f1xx_hal_uart.c.obj
 *fill*         0x08002d86        0x2 
 .text.HAL_UART_IRQHandler
                0x08002d88      0x204 CMakeFiles/test02-mouse-cmake.elf.dir/Drivers/STM32F1xx_HAL_Driver/Src/stm32f1xx_hal_uart.c.obj
                0x08002d88                HAL_UART_IRQHandler
 .text.USB_CoreInit
                0x08002f8c        0xe CMakeFiles/test02-mouse-cmake.elf.dir/Drivers/STM32F1xx_HAL_Driver/Src/stm32f1xx_ll_usb.c.obj
                0x08002f8c                USB_CoreInit
 .text.USB_EnableGlobalInt
                0x08002f9a       0x12 CMakeFiles/test02-mouse-cmake.elf.dir/Drivers/STM32F1xx_HAL_Driver/Src/stm32f1xx_ll_usb.c.obj
                0x08002f9a                USB_EnableGlobalInt
 .text.USB_DisableGlobalInt
                0x08002fac       0x14 CMakeFiles/test02-mouse-cmake.elf.dir/Drivers/STM32F1xx_HAL_Driver/Src/stm32f1xx_ll_usb.c.obj
                0x08002fac                USB_DisableGlobalInt
 .text.USB_SetCurrentMode
                0x08002fc0        0x4 CMakeFiles/test02-mouse-cmake.elf.dir/Drivers/STM32F1xx_HAL_Driver/Src/stm32f1xx_ll_usb.c.obj
                0x08002fc0                USB_SetCurrentMode
 .text.USB_DevInit
                0x08002fc4       0x22 CMakeFiles/test02-mouse-cmake.elf.dir/Drivers/STM32F1xx_HAL_Driver/Src/stm32f1xx_ll_usb.c.obj
                0x08002fc4                USB_DevInit
 .text.USB_ActivateEndpoint
                0x08002fe6      0x378 CMakeFiles/test02-mouse-cmake.elf.dir/Drivers/STM32F1xx_HAL_Driver/Src/stm32f1xx_ll_usb.c.obj
                0x08002fe6                USB_ActivateEndpoint
 .text.USB_DeactivateEndpoint
                0x0800335e      0x1d6 CMakeFiles/test02-mouse-cmake.elf.dir/Drivers/STM32F1xx_HAL_Driver/Src/stm32f1xx_ll_usb.c.obj
                0x0800335e                USB_DeactivateEndpoint
 .text.USB_EPSetStall
                0x08003534       0x4a CMakeFiles/test02-mouse-cmake.elf.dir/Drivers/STM32F1xx_HAL_Driver/Src/stm32f1xx_ll_usb.c.obj
                0x08003534                USB_EPSetStall
 .text.USB_EPClearStall
                0x0800357e       0xa2 CMakeFiles/test02-mouse-cmake.elf.dir/Drivers/STM32F1xx_HAL_Driver/Src/stm32f1xx_ll_usb.c.obj
                0x0800357e                USB_EPClearStall
 .text.USB_SetDevAddress
                0x08003620        0xc CMakeFiles/test02-mouse-cmake.elf.dir/Drivers/STM32F1xx_HAL_Driver/Src/stm32f1xx_ll_usb.c.obj
                0x08003620                USB_SetDevAddress
 .text.USB_DevConnect
                0x0800362c        0x4 CMakeFiles/test02-mouse-cmake.elf.dir/Drivers/STM32F1xx_HAL_Driver/Src/stm32f1xx_ll_usb.c.obj
                0x0800362c                USB_DevConnect
 .text.USB_DevDisconnect
                0x08003630        0x4 CMakeFiles/test02-mouse-cmake.elf.dir/Drivers/STM32F1xx_HAL_Driver/Src/stm32f1xx_ll_usb.c.obj
                0x08003630                USB_DevDisconnect
 .text.USB_ReadInterrupts
                0x08003634        0x8 CMakeFiles/test02-mouse-cmake.elf.dir/Drivers/STM32F1xx_HAL_Driver/Src/stm32f1xx_ll_usb.c.obj
                0x08003634                USB_ReadInterrupts
 .text.USB_EP0_OutStart
                0x0800363c        0x4 CMakeFiles/test02-mouse-cmake.elf.dir/Drivers/STM32F1xx_HAL_Driver/Src/stm32f1xx_ll_usb.c.obj
                0x0800363c                USB_EP0_OutStart
 .text.USB_WritePMA
                0x08003640       0x28 CMakeFiles/test02-mouse-cmake.elf.dir/Drivers/STM32F1xx_HAL_Driver/Src/stm32f1xx_ll_usb.c.obj
                0x08003640                USB_WritePMA
 .text.USB_EPStartXfer
                0x08003668      0x8b2 CMakeFiles/test02-mouse-cmake.elf.dir/Drivers/STM32F1xx_HAL_Driver/Src/stm32f1xx_ll_usb.c.obj
                0x08003668                USB_EPStartXfer
 .text.USB_ReadPMA
                0x08003f1a       0x30 CMakeFiles/test02-mouse-cmake.elf.dir/Drivers/STM32F1xx_HAL_Driver/Src/stm32f1xx_ll_usb.c.obj
                0x08003f1a                USB_ReadPMA
 *fill*         0x08003f4a        0x2 
 .text.USBD_HID_GetFSCfgDesc
                0x08003f4c        0xc CMakeFiles/test02-mouse-cmake.elf.dir/Middlewares/ST/STM32_USB_Device_Library/Class/HID/Src/usbd_hid.c.obj
 .text.USBD_HID_GetHSCfgDesc
                0x08003f58        0xc CMakeFiles/test02-mouse-cmake.elf.dir/Middlewares/ST/STM32_USB_Device_Library/Class/HID/Src/usbd_hid.c.obj
 .text.USBD_HID_GetOtherSpeedCfgDesc
                0x08003f64        0xc CMakeFiles/test02-mouse-cmake.elf.dir/Middlewares/ST/STM32_USB_Device_Library/Class/HID/Src/usbd_hid.c.obj
 .text.USBD_HID_DataIn
                0x08003f70        0xa CMakeFiles/test02-mouse-cmake.elf.dir/Middlewares/ST/STM32_USB_Device_Library/Class/HID/Src/usbd_hid.c.obj
 *fill*         0x08003f7a        0x2 
 .text.USBD_HID_GetDeviceQualifierDesc
                0x08003f7c        0xc CMakeFiles/test02-mouse-cmake.elf.dir/Middlewares/ST/STM32_USB_Device_Library/Class/HID/Src/usbd_hid.c.obj
 .text.USBD_HID_Setup
                0x08003f88      0x114 CMakeFiles/test02-mouse-cmake.elf.dir/Middlewares/ST/STM32_USB_Device_Library/Class/HID/Src/usbd_hid.c.obj
 .text.USBD_HID_DeInit
                0x0800409c       0x22 CMakeFiles/test02-mouse-cmake.elf.dir/Middlewares/ST/STM32_USB_Device_Library/Class/HID/Src/usbd_hid.c.obj
 .text.USBD_HID_Init
                0x080040be       0x2a CMakeFiles/test02-mouse-cmake.elf.dir/Middlewares/ST/STM32_USB_Device_Library/Class/HID/Src/usbd_hid.c.obj
 .text.USBD_HID_SendReport
                0x080040e8       0x28 CMakeFiles/test02-mouse-cmake.elf.dir/Middlewares/ST/STM32_USB_Device_Library/Class/HID/Src/usbd_hid.c.obj
                0x080040e8                USBD_HID_SendReport
 .text.USBD_Init
                0x08004110       0x2e CMakeFiles/test02-mouse-cmake.elf.dir/Middlewares/ST/STM32_USB_Device_Library/Core/Src/usbd_core.c.obj
                0x08004110                USBD_Init
 .text.USBD_RegisterClass
                0x0800413e        0xe CMakeFiles/test02-mouse-cmake.elf.dir/Middlewares/ST/STM32_USB_Device_Library/Core/Src/usbd_core.c.obj
                0x0800413e                USBD_RegisterClass
 .text.USBD_Start
                0x0800414c        0xa CMakeFiles/test02-mouse-cmake.elf.dir/Middlewares/ST/STM32_USB_Device_Library/Core/Src/usbd_core.c.obj
                0x0800414c                USBD_Start
 .text.USBD_SetClassConfig
                0x08004156       0x18 CMakeFiles/test02-mouse-cmake.elf.dir/Middlewares/ST/STM32_USB_Device_Library/Core/Src/usbd_core.c.obj
                0x08004156                USBD_SetClassConfig
 .text.USBD_ClrClassConfig
                0x0800416e        0xe CMakeFiles/test02-mouse-cmake.elf.dir/Middlewares/ST/STM32_USB_Device_Library/Core/Src/usbd_core.c.obj
                0x0800416e                USBD_ClrClassConfig
 .text.USBD_LL_SetupStage
                0x0800417c       0x5a CMakeFiles/test02-mouse-cmake.elf.dir/Middlewares/ST/STM32_USB_Device_Library/Core/Src/usbd_core.c.obj
                0x0800417c                USBD_LL_SetupStage
 .text.USBD_LL_DataOutStage
                0x080041d6       0x8c CMakeFiles/test02-mouse-cmake.elf.dir/Middlewares/ST/STM32_USB_Device_Library/Core/Src/usbd_core.c.obj
                0x080041d6                USBD_LL_DataOutStage
 .text.USBD_LL_DataInStage
                0x08004262       0xd0 CMakeFiles/test02-mouse-cmake.elf.dir/Middlewares/ST/STM32_USB_Device_Library/Core/Src/usbd_core.c.obj
                0x08004262                USBD_LL_DataInStage
 .text.USBD_LL_Reset
                0x08004332       0x50 CMakeFiles/test02-mouse-cmake.elf.dir/Middlewares/ST/STM32_USB_Device_Library/Core/Src/usbd_core.c.obj
                0x08004332                USBD_LL_Reset
 .text.USBD_LL_SetSpeed
                0x08004382        0x6 CMakeFiles/test02-mouse-cmake.elf.dir/Middlewares/ST/STM32_USB_Device_Library/Core/Src/usbd_core.c.obj
                0x08004382                USBD_LL_SetSpeed
 .text.USBD_LL_Suspend
                0x08004388       0x12 CMakeFiles/test02-mouse-cmake.elf.dir/Middlewares/ST/STM32_USB_Device_Library/Core/Src/usbd_core.c.obj
                0x08004388                USBD_LL_Suspend
 .text.USBD_LL_Resume
                0x0800439a       0x16 CMakeFiles/test02-mouse-cmake.elf.dir/Middlewares/ST/STM32_USB_Device_Library/Core/Src/usbd_core.c.obj
                0x0800439a                USBD_LL_Resume
 .text.USBD_LL_SOF
                0x080043b0       0x1c CMakeFiles/test02-mouse-cmake.elf.dir/Middlewares/ST/STM32_USB_Device_Library/Core/Src/usbd_core.c.obj
                0x080043b0                USBD_LL_SOF
 .text.USBD_GetLen
                0x080043cc       0x14 CMakeFiles/test02-mouse-cmake.elf.dir/Middlewares/ST/STM32_USB_Device_Library/Core/Src/usbd_ctlreq.c.obj
 .text.USBD_SetFeature
                0x080043e0       0x14 CMakeFiles/test02-mouse-cmake.elf.dir/Middlewares/ST/STM32_USB_Device_Library/Core/Src/usbd_ctlreq.c.obj
 .text.USBD_ParseSetupRequest
                0x080043f4       0x28 CMakeFiles/test02-mouse-cmake.elf.dir/Middlewares/ST/STM32_USB_Device_Library/Core/Src/usbd_ctlreq.c.obj
                0x080043f4                USBD_ParseSetupRequest
 .text.USBD_CtlError
                0x0800441c       0x14 CMakeFiles/test02-mouse-cmake.elf.dir/Middlewares/ST/STM32_USB_Device_Library/Core/Src/usbd_ctlreq.c.obj
                0x0800441c                USBD_CtlError
 .text.USBD_GetDescriptor
                0x08004430      0x186 CMakeFiles/test02-mouse-cmake.elf.dir/Middlewares/ST/STM32_USB_Device_Library/Core/Src/usbd_ctlreq.c.obj
 .text.USBD_SetAddress
                0x080045b6       0x4e CMakeFiles/test02-mouse-cmake.elf.dir/Middlewares/ST/STM32_USB_Device_Library/Core/Src/usbd_ctlreq.c.obj
 .text.USBD_SetConfig
                0x08004604       0xb0 CMakeFiles/test02-mouse-cmake.elf.dir/Middlewares/ST/STM32_USB_Device_Library/Core/Src/usbd_ctlreq.c.obj
 .text.USBD_GetConfig
                0x080046b4       0x3e CMakeFiles/test02-mouse-cmake.elf.dir/Middlewares/ST/STM32_USB_Device_Library/Core/Src/usbd_ctlreq.c.obj
 .text.USBD_GetStatus
                0x080046f2       0x38 CMakeFiles/test02-mouse-cmake.elf.dir/Middlewares/ST/STM32_USB_Device_Library/Core/Src/usbd_ctlreq.c.obj
 .text.USBD_ClrFeature
                0x0800472a       0x26 CMakeFiles/test02-mouse-cmake.elf.dir/Middlewares/ST/STM32_USB_Device_Library/Core/Src/usbd_ctlreq.c.obj
 .text.USBD_StdDevReq
                0x08004750       0x68 CMakeFiles/test02-mouse-cmake.elf.dir/Middlewares/ST/STM32_USB_Device_Library/Core/Src/usbd_ctlreq.c.obj
                0x08004750                USBD_StdDevReq
 .text.USBD_StdItfReq
                0x080047b8       0x60 CMakeFiles/test02-mouse-cmake.elf.dir/Middlewares/ST/STM32_USB_Device_Library/Core/Src/usbd_ctlreq.c.obj
                0x080047b8                USBD_StdItfReq
 .text.USBD_StdEPReq
                0x08004818      0x1e2 CMakeFiles/test02-mouse-cmake.elf.dir/Middlewares/ST/STM32_USB_Device_Library/Core/Src/usbd_ctlreq.c.obj
                0x08004818                USBD_StdEPReq
 .text.USBD_GetString
                0x080049fa       0x3a CMakeFiles/test02-mouse-cmake.elf.dir/Middlewares/ST/STM32_USB_Device_Library/Core/Src/usbd_ctlreq.c.obj
                0x080049fa                USBD_GetString
 .text.USBD_CtlSendData
                0x08004a34       0x1a CMakeFiles/test02-mouse-cmake.elf.dir/Middlewares/ST/STM32_USB_Device_Library/Core/Src/usbd_ioreq.c.obj
                0x08004a34                USBD_CtlSendData
 .text.USBD_CtlContinueSendData
                0x08004a4e       0x10 CMakeFiles/test02-mouse-cmake.elf.dir/Middlewares/ST/STM32_USB_Device_Library/Core/Src/usbd_ioreq.c.obj
                0x08004a4e                USBD_CtlContinueSendData
 .text.USBD_CtlContinueRx
                0x08004a5e       0x10 CMakeFiles/test02-mouse-cmake.elf.dir/Middlewares/ST/STM32_USB_Device_Library/Core/Src/usbd_ioreq.c.obj
                0x08004a5e                USBD_CtlContinueRx
 .text.USBD_CtlSendStatus
                0x08004a6e       0x16 CMakeFiles/test02-mouse-cmake.elf.dir/Middlewares/ST/STM32_USB_Device_Library/Core/Src/usbd_ioreq.c.obj
                0x08004a6e                USBD_CtlSendStatus
 .text.USBD_CtlReceiveStatus
                0x08004a84       0x16 CMakeFiles/test02-mouse-cmake.elf.dir/Middlewares/ST/STM32_USB_Device_Library/Core/Src/usbd_ioreq.c.obj
                0x08004a84                USBD_CtlReceiveStatus
 *fill*         0x08004a9a        0x2 
 .text.MX_USB_DEVICE_Init
                0x08004a9c       0x40 CMakeFiles/test02-mouse-cmake.elf.dir/USB_DEVICE/App/usb_device.c.obj
                0x08004a9c                MX_USB_DEVICE_Init
 .text.USBD_FS_DeviceDescriptor
                0x08004adc        0xc CMakeFiles/test02-mouse-cmake.elf.dir/USB_DEVICE/App/usbd_desc.c.obj
                0x08004adc                USBD_FS_DeviceDescriptor
 .text.USBD_FS_LangIDStrDescriptor
                0x08004ae8        0xc CMakeFiles/test02-mouse-cmake.elf.dir/USB_DEVICE/App/usbd_desc.c.obj
                0x08004ae8                USBD_FS_LangIDStrDescriptor
 .text.IntToUnicode
                0x08004af4       0x46 CMakeFiles/test02-mouse-cmake.elf.dir/USB_DEVICE/App/usbd_desc.c.obj
 *fill*         0x08004b3a        0x2 
 .text.Get_SerialNum
                0x08004b3c       0x38 CMakeFiles/test02-mouse-cmake.elf.dir/USB_DEVICE/App/usbd_desc.c.obj
 .text.USBD_FS_SerialStrDescriptor
                0x08004b74       0x14 CMakeFiles/test02-mouse-cmake.elf.dir/USB_DEVICE/App/usbd_desc.c.obj
                0x08004b74                USBD_FS_SerialStrDescriptor
 .text.USBD_FS_ProductStrDescriptor
                0x08004b88       0x24 CMakeFiles/test02-mouse-cmake.elf.dir/USB_DEVICE/App/usbd_desc.c.obj
                0x08004b88                USBD_FS_ProductStrDescriptor
 .text.USBD_FS_ManufacturerStrDescriptor
                0x08004bac       0x1c CMakeFiles/test02-mouse-cmake.elf.dir/USB_DEVICE/App/usbd_desc.c.obj
                0x08004bac                USBD_FS_ManufacturerStrDescriptor
 .text.USBD_FS_ConfigStrDescriptor
                0x08004bc8       0x24 CMakeFiles/test02-mouse-cmake.elf.dir/USB_DEVICE/App/usbd_desc.c.obj
                0x08004bc8                USBD_FS_ConfigStrDescriptor
 .text.USBD_FS_InterfaceStrDescriptor
                0x08004bec       0x24 CMakeFiles/test02-mouse-cmake.elf.dir/USB_DEVICE/App/usbd_desc.c.obj
                0x08004bec                USBD_FS_InterfaceStrDescriptor
 .text.USBD_Get_USB_Status
                0x08004c10       0x14 CMakeFiles/test02-mouse-cmake.elf.dir/USB_DEVICE/Target/usbd_conf.c.obj
 .text.HAL_PCD_MspInit
                0x08004c24       0x40 CMakeFiles/test02-mouse-cmake.elf.dir/USB_DEVICE/Target/usbd_conf.c.obj
                0x08004c24                HAL_PCD_MspInit
 .text.HAL_PCD_SetupStageCallback
                0x08004c64       0x10 CMakeFiles/test02-mouse-cmake.elf.dir/USB_DEVICE/Target/usbd_conf.c.obj
                0x08004c64                HAL_PCD_SetupStageCallback
 .text.HAL_PCD_DataOutStageCallback
                0x08004c74       0x18 CMakeFiles/test02-mouse-cmake.elf.dir/USB_DEVICE/Target/usbd_conf.c.obj
                0x08004c74                HAL_PCD_DataOutStageCallback
 .text.HAL_PCD_DataInStageCallback
                0x08004c8c       0x16 CMakeFiles/test02-mouse-cmake.elf.dir/USB_DEVICE/Target/usbd_conf.c.obj
                0x08004c8c                HAL_PCD_DataInStageCallback
 .text.HAL_PCD_SOFCallback
                0x08004ca2        0xc CMakeFiles/test02-mouse-cmake.elf.dir/USB_DEVICE/Target/usbd_conf.c.obj
                0x08004ca2                HAL_PCD_SOFCallback
 .text.HAL_PCD_ResetCallback
                0x08004cae       0x24 CMakeFiles/test02-mouse-cmake.elf.dir/USB_DEVICE/Target/usbd_conf.c.obj
                0x08004cae                HAL_PCD_ResetCallback
 *fill*         0x08004cd2        0x2 
 .text.HAL_PCD_SuspendCallback
                0x08004cd4       0x20 CMakeFiles/test02-mouse-cmake.elf.dir/USB_DEVICE/Target/usbd_conf.c.obj
                0x08004cd4                HAL_PCD_SuspendCallback
 .text.HAL_PCD_ResumeCallback
                0x08004cf4        0xc CMakeFiles/test02-mouse-cmake.elf.dir/USB_DEVICE/Target/usbd_conf.c.obj
                0x08004cf4                HAL_PCD_ResumeCallback
 .text.USBD_LL_Init
                0x08004d00       0x68 CMakeFiles/test02-mouse-cmake.elf.dir/USB_DEVICE/Target/usbd_conf.c.obj
                0x08004d00                USBD_LL_Init
 .text.USBD_LL_Start
                0x08004d68       0x10 CMakeFiles/test02-mouse-cmake.elf.dir/USB_DEVICE/Target/usbd_conf.c.obj
                0x08004d68                USBD_LL_Start
 .text.USBD_LL_OpenEP
                0x08004d78       0x16 CMakeFiles/test02-mouse-cmake.elf.dir/USB_DEVICE/Target/usbd_conf.c.obj
                0x08004d78                USBD_LL_OpenEP
 .text.USBD_LL_CloseEP
                0x08004d8e       0x10 CMakeFiles/test02-mouse-cmake.elf.dir/USB_DEVICE/Target/usbd_conf.c.obj
                0x08004d8e                USBD_LL_CloseEP
 .text.USBD_LL_StallEP
                0x08004d9e       0x10 CMakeFiles/test02-mouse-cmake.elf.dir/USB_DEVICE/Target/usbd_conf.c.obj
                0x08004d9e                USBD_LL_StallEP
 .text.USBD_LL_ClearStallEP
                0x08004dae       0x10 CMakeFiles/test02-mouse-cmake.elf.dir/USB_DEVICE/Target/usbd_conf.c.obj
                0x08004dae                USBD_LL_ClearStallEP
 .text.USBD_LL_IsStallEP
                0x08004dbe       0x2e CMakeFiles/test02-mouse-cmake.elf.dir/USB_DEVICE/Target/usbd_conf.c.obj
                0x08004dbe                USBD_LL_IsStallEP
 .text.USBD_LL_SetUSBAddress
                0x08004dec       0x10 CMakeFiles/test02-mouse-cmake.elf.dir/USB_DEVICE/Target/usbd_conf.c.obj
                0x08004dec                USBD_LL_SetUSBAddress
 .text.USBD_LL_Transmit
                0x08004dfc       0x10 CMakeFiles/test02-mouse-cmake.elf.dir/USB_DEVICE/Target/usbd_conf.c.obj
                0x08004dfc                USBD_LL_Transmit
 .text.USBD_LL_PrepareReceive
                0x08004e0c       0x10 CMakeFiles/test02-mouse-cmake.elf.dir/USB_DEVICE/Target/usbd_conf.c.obj
                0x08004e0c                USBD_LL_PrepareReceive
 .text.USBD_static_malloc
                0x08004e1c        0x8 CMakeFiles/test02-mouse-cmake.elf.dir/USB_DEVICE/Target/usbd_conf.c.obj
                0x08004e1c                USBD_static_malloc
 .text.USBD_static_free
                0x08004e24        0x2 CMakeFiles/test02-mouse-cmake.elf.dir/USB_DEVICE/Target/usbd_conf.c.obj
                0x08004e24                USBD_static_free
 .text.HAL_PCDEx_SetConnectionState
                0x08004e26        0x2 CMakeFiles/test02-mouse-cmake.elf.dir/USB_DEVICE/Target/usbd_conf.c.obj
                0x08004e26                HAL_PCDEx_SetConnectionState
 .text.__libc_init_array
                0x08004e28       0x48 c:/progra~2/gnuarm~1/102020~1/bin/../lib/gcc/arm-none-eabi/10.2.1/../../../../arm-none-eabi/lib/thumb/v7-m/nofp\libg.a(lib_a-init.o)
                0x08004e28                __libc_init_array
 .text.memset   0x08004e70       0xa4 c:/progra~2/gnuarm~1/102020~1/bin/../lib/gcc/arm-none-eabi/10.2.1/../../../../arm-none-eabi/lib/thumb/v7-m/nofp\libg.a(lib_a-memset.o)
                0x08004e70                memset
 .text.startup.register_fini
                0x08004f14       0x14 c:/progra~2/gnuarm~1/102020~1/bin/../lib/gcc/arm-none-eabi/10.2.1/../../../../arm-none-eabi/lib/thumb/v7-m/nofp\libg.a(lib_a-__call_atexit.o)
 .text.atexit   0x08004f28        0xc c:/progra~2/gnuarm~1/102020~1/bin/../lib/gcc/arm-none-eabi/10.2.1/../../../../arm-none-eabi/lib/thumb/v7-m/nofp\libg.a(lib_a-atexit.o)
                0x08004f28                atexit
 .text.__libc_fini_array
                0x08004f34       0x2c c:/progra~2/gnuarm~1/102020~1/bin/../lib/gcc/arm-none-eabi/10.2.1/../../../../arm-none-eabi/lib/thumb/v7-m/nofp\libg.a(lib_a-fini.o)
                0x08004f34                __libc_fini_array
 .text.__retarget_lock_acquire_recursive
                0x08004f60        0x4 c:/progra~2/gnuarm~1/102020~1/bin/../lib/gcc/arm-none-eabi/10.2.1/../../../../arm-none-eabi/lib/thumb/v7-m/nofp\libg.a(lib_a-lock.o)
                0x08004f60                __retarget_lock_acquire_recursive
 .text.__retarget_lock_release_recursive
                0x08004f64        0x4 c:/progra~2/gnuarm~1/102020~1/bin/../lib/gcc/arm-none-eabi/10.2.1/../../../../arm-none-eabi/lib/thumb/v7-m/nofp\libg.a(lib_a-lock.o)
                0x08004f64                __retarget_lock_release_recursive
 .text.__register_exitproc
                0x08004f68       0x8c c:/progra~2/gnuarm~1/102020~1/bin/../lib/gcc/arm-none-eabi/10.2.1/../../../../arm-none-eabi/lib/thumb/v7-m/nofp\libg.a(lib_a-__atexit.o)
                0x08004f68                __register_exitproc
 *(.glue_7)
 .glue_7        0x08004ff4        0x0 linker stubs
 *(.glue_7t)
 .glue_7t       0x08004ff4        0x0 linker stubs
 *(.eh_frame)
 .eh_frame      0x08004ff4        0x0 c:/progra~2/gnuarm~1/102020~1/bin/../lib/gcc/arm-none-eabi/10.2.1/thumb/v7-m/nofp/crtbegin.o
 *(.init)
 .init          0x08004ff4        0x4 c:/progra~2/gnuarm~1/102020~1/bin/../lib/gcc/arm-none-eabi/10.2.1/thumb/v7-m/nofp/crti.o
                0x08004ff4                _init
 .init          0x08004ff8        0x8 c:/progra~2/gnuarm~1/102020~1/bin/../lib/gcc/arm-none-eabi/10.2.1/thumb/v7-m/nofp/crtn.o
 *(.fini)
 .fini          0x08005000        0x4 c:/progra~2/gnuarm~1/102020~1/bin/../lib/gcc/arm-none-eabi/10.2.1/thumb/v7-m/nofp/crti.o
                0x08005000                _fini
 .fini          0x08005004        0x8 c:/progra~2/gnuarm~1/102020~1/bin/../lib/gcc/arm-none-eabi/10.2.1/thumb/v7-m/nofp/crtn.o
                0x0800500c                . = ALIGN (0x4)
                0x0800500c                _etext = .

.vfp11_veneer   0x0800500c        0x0
 .vfp11_veneer  0x0800500c        0x0 linker stubs

.v4_bx          0x0800500c        0x0
 .v4_bx         0x0800500c        0x0 linker stubs

.iplt           0x0800500c        0x0
 .iplt          0x0800500c        0x0 c:/progra~2/gnuarm~1/102020~1/bin/../lib/gcc/arm-none-eabi/10.2.1/thumb/v7-m/nofp/crtbegin.o

.rodata         0x0800500c       0xf8
                0x0800500c                . = ALIGN (0x4)
 *(.rodata)
 *(.rodata*)
 .rodata.HAL_GPIO_EXTI_Callback.str1.4
                0x0800500c       0x79 CMakeFiles/test02-mouse-cmake.elf.dir/Core/Src/gpio.c.obj
 *fill*         0x08005085        0x3 
 .rodata.main.str1.4
                0x08005088        0x8 CMakeFiles/test02-mouse-cmake.elf.dir/Core/Src/main.c.obj
 .rodata.AHBPrescTable
                0x08005090       0x10 CMakeFiles/test02-mouse-cmake.elf.dir/Core/Src/system_stm32f1xx.c.obj
                0x08005090                AHBPrescTable
 .rodata.APBPrescTable
                0x080050a0        0x8 CMakeFiles/test02-mouse-cmake.elf.dir/Core/Src/system_stm32f1xx.c.obj
                0x080050a0                APBPrescTable
 .rodata.HAL_RCC_GetSysClockFreq.str1.4
                0x080050a8       0x11 CMakeFiles/test02-mouse-cmake.elf.dir/Drivers/STM32F1xx_HAL_Driver/Src/stm32f1xx_hal_rcc.c.obj
 *fill*         0x080050b9        0x3 
 .rodata.USBD_FS_ProductStrDescriptor.str1.4
                0x080050bc       0x13 CMakeFiles/test02-mouse-cmake.elf.dir/USB_DEVICE/App/usbd_desc.c.obj
 *fill*         0x080050cf        0x1 
 .rodata.USBD_FS_ManufacturerStrDescriptor.str1.4
                0x080050d0       0x13 CMakeFiles/test02-mouse-cmake.elf.dir/USB_DEVICE/App/usbd_desc.c.obj
 *fill*         0x080050e3        0x1 
 .rodata.USBD_FS_ConfigStrDescriptor.str1.4
                0x080050e4        0xb CMakeFiles/test02-mouse-cmake.elf.dir/USB_DEVICE/App/usbd_desc.c.obj
 *fill*         0x080050ef        0x1 
 .rodata.USBD_FS_InterfaceStrDescriptor.str1.4
                0x080050f0        0xe CMakeFiles/test02-mouse-cmake.elf.dir/USB_DEVICE/App/usbd_desc.c.obj
 *fill*         0x080050fe        0x2 
 .rodata._global_impure_ptr
                0x08005100        0x4 c:/progra~2/gnuarm~1/102020~1/bin/../lib/gcc/arm-none-eabi/10.2.1/../../../../arm-none-eabi/lib/thumb/v7-m/nofp\libg.a(lib_a-impure.o)
                0x08005100                _global_impure_ptr
                0x08005104                . = ALIGN (0x4)

.rel.dyn        0x08005104        0x0
 .rel.iplt      0x08005104        0x0 c:/progra~2/gnuarm~1/102020~1/bin/../lib/gcc/arm-none-eabi/10.2.1/thumb/v7-m/nofp/crtbegin.o

.ARM.extab      0x08005104        0x0
                0x08005104                . = ALIGN (0x4)
 *(.ARM.extab* .gnu.linkonce.armextab.*)
                0x08005104                . = ALIGN (0x4)

.ARM            0x08005104        0x0
                0x08005104                . = ALIGN (0x4)
                0x08005104                __exidx_start = .
 *(.ARM.exidx*)
                0x08005104                __exidx_end = .
                0x08005104                . = ALIGN (0x4)

.preinit_array  0x08005104        0x0
                0x08005104                . = ALIGN (0x4)
                0x08005104                PROVIDE (__preinit_array_start = .)
 *(.preinit_array*)
                0x08005104                PROVIDE (__preinit_array_end = .)
                0x08005104                . = ALIGN (0x4)

.init_array     0x08005104        0x8
                0x08005104                . = ALIGN (0x4)
                0x08005104                PROVIDE (__init_array_start = .)
 *(SORT_BY_NAME(.init_array.*))
 .init_array.00000
                0x08005104        0x4 c:/progra~2/gnuarm~1/102020~1/bin/../lib/gcc/arm-none-eabi/10.2.1/../../../../arm-none-eabi/lib/thumb/v7-m/nofp\libg.a(lib_a-__call_atexit.o)
 *(.init_array*)
 .init_array    0x08005108        0x4 c:/progra~2/gnuarm~1/102020~1/bin/../lib/gcc/arm-none-eabi/10.2.1/thumb/v7-m/nofp/crtbegin.o
                0x0800510c                PROVIDE (__init_array_end = .)
                0x0800510c                . = ALIGN (0x4)

.fini_array     0x0800510c        0x4
                0x0800510c                . = ALIGN (0x4)
                0x0800510c                PROVIDE (__fini_array_start = .)
 *(SORT_BY_NAME(.fini_array.*))
 *(.fini_array*)
 .fini_array    0x0800510c        0x4 c:/progra~2/gnuarm~1/102020~1/bin/../lib/gcc/arm-none-eabi/10.2.1/thumb/v7-m/nofp/crtbegin.o
                0x08005110                PROVIDE (__fini_array_end = .)
                0x08005110                . = ALIGN (0x4)
                0x08005110                _sidata = LOADADDR (.data)

.data           0x20000000      0x594 load address 0x08005110
                0x20000000                . = ALIGN (0x4)
                0x20000000                _sdata = .
 *(.data)
 *(.data*)
 .data.SystemCoreClock
                0x20000000        0x4 CMakeFiles/test02-mouse-cmake.elf.dir/Core/Src/system_stm32f1xx.c.obj
                0x20000000                SystemCoreClock
 .data.uwTickFreq
                0x20000004        0x1 CMakeFiles/test02-mouse-cmake.elf.dir/Drivers/STM32F1xx_HAL_Driver/Src/stm32f1xx_hal.c.obj
                0x20000004                uwTickFreq
 *fill*         0x20000005        0x3 
 .data.uwTickPrio
                0x20000008        0x4 CMakeFiles/test02-mouse-cmake.elf.dir/Drivers/STM32F1xx_HAL_Driver/Src/stm32f1xx_hal.c.obj
                0x20000008                uwTickPrio
 .data.HID_MOUSE_ReportDesc
                0x2000000c       0x4a CMakeFiles/test02-mouse-cmake.elf.dir/Middlewares/ST/STM32_USB_Device_Library/Class/HID/Src/usbd_hid.c.obj
 *fill*         0x20000056        0x2 
 .data.USBD_HID
                0x20000058       0x38 CMakeFiles/test02-mouse-cmake.elf.dir/Middlewares/ST/STM32_USB_Device_Library/Class/HID/Src/usbd_hid.c.obj
                0x20000058                USBD_HID
 .data.USBD_HID_CfgFSDesc
                0x20000090       0x22 CMakeFiles/test02-mouse-cmake.elf.dir/Middlewares/ST/STM32_USB_Device_Library/Class/HID/Src/usbd_hid.c.obj
 *fill*         0x200000b2        0x2 
 .data.USBD_HID_CfgHSDesc
                0x200000b4       0x22 CMakeFiles/test02-mouse-cmake.elf.dir/Middlewares/ST/STM32_USB_Device_Library/Class/HID/Src/usbd_hid.c.obj
 *fill*         0x200000d6        0x2 
 .data.USBD_HID_Desc
                0x200000d8        0x9 CMakeFiles/test02-mouse-cmake.elf.dir/Middlewares/ST/STM32_USB_Device_Library/Class/HID/Src/usbd_hid.c.obj
 *fill*         0x200000e1        0x3 
 .data.USBD_HID_DeviceQualifierDesc
                0x200000e4        0xa CMakeFiles/test02-mouse-cmake.elf.dir/Middlewares/ST/STM32_USB_Device_Library/Class/HID/Src/usbd_hid.c.obj
 *fill*         0x200000ee        0x2 
 .data.USBD_HID_OtherSpeedCfgDesc
                0x200000f0       0x22 CMakeFiles/test02-mouse-cmake.elf.dir/Middlewares/ST/STM32_USB_Device_Library/Class/HID/Src/usbd_hid.c.obj
 *fill*         0x20000112        0x2 
 .data.FS_Desc  0x20000114       0x1c CMakeFiles/test02-mouse-cmake.elf.dir/USB_DEVICE/App/usbd_desc.c.obj
                0x20000114                FS_Desc
 .data.USBD_FS_DeviceDesc
                0x20000130       0x12 CMakeFiles/test02-mouse-cmake.elf.dir/USB_DEVICE/App/usbd_desc.c.obj
                0x20000130                USBD_FS_DeviceDesc
 *fill*         0x20000142        0x2 
 .data.USBD_LangIDDesc
                0x20000144        0x4 CMakeFiles/test02-mouse-cmake.elf.dir/USB_DEVICE/App/usbd_desc.c.obj
                0x20000144                USBD_LangIDDesc
 .data.USBD_StringSerial
                0x20000148       0x1a CMakeFiles/test02-mouse-cmake.elf.dir/USB_DEVICE/App/usbd_desc.c.obj
                0x20000148                USBD_StringSerial
 *fill*         0x20000162        0x6 
 .data.impure_data
                0x20000168      0x428 c:/progra~2/gnuarm~1/102020~1/bin/../lib/gcc/arm-none-eabi/10.2.1/../../../../arm-none-eabi/lib/thumb/v7-m/nofp\libg.a(lib_a-impure.o)
 .data.__atexit_recursive_mutex
                0x20000590        0x4 c:/progra~2/gnuarm~1/102020~1/bin/../lib/gcc/arm-none-eabi/10.2.1/../../../../arm-none-eabi/lib/thumb/v7-m/nofp\libg.a(lib_a-__call_atexit.o)
                0x20000590                __atexit_recursive_mutex
 *(.RamFunc)
 *(.RamFunc*)
                0x20000594                . = ALIGN (0x4)
                0x20000594                _edata = .

.igot.plt       0x20000594        0x0 load address 0x080056a4
 .igot.plt      0x20000594        0x0 c:/progra~2/gnuarm~1/102020~1/bin/../lib/gcc/arm-none-eabi/10.2.1/thumb/v7-m/nofp/crtbegin.o
                0x20000594                . = ALIGN (0x4)

.bss            0x20000594      0x93c load address 0x080056a4
                0x20000594                _sbss = .
                0x20000594                __bss_start__ = _sbss
 *(.bss)
 .bss           0x20000594       0x1c c:/progra~2/gnuarm~1/102020~1/bin/../lib/gcc/arm-none-eabi/10.2.1/thumb/v7-m/nofp/crtbegin.o
 *(.bss*)
 .bss.buf       0x200005b0        0x4 CMakeFiles/test02-mouse-cmake.elf.dir/Core/Src/gpio.c.obj
                0x200005b0                buf
 .bss.debug_buf
                0x200005b4       0x80 CMakeFiles/test02-mouse-cmake.elf.dir/Core/Src/usart.c.obj
                0x200005b4                debug_buf
 .bss.hdma_usart1_rx
                0x20000634       0x44 CMakeFiles/test02-mouse-cmake.elf.dir/Core/Src/usart.c.obj
                0x20000634                hdma_usart1_rx
 .bss.hdma_usart1_tx
                0x20000678       0x44 CMakeFiles/test02-mouse-cmake.elf.dir/Core/Src/usart.c.obj
                0x20000678                hdma_usart1_tx
 .bss.huart1    0x200006bc       0x44 CMakeFiles/test02-mouse-cmake.elf.dir/Core/Src/usart.c.obj
                0x200006bc                huart1
 .bss.uwTick    0x20000700        0x4 CMakeFiles/test02-mouse-cmake.elf.dir/Drivers/STM32F1xx_HAL_Driver/Src/stm32f1xx_hal.c.obj
                0x20000700                uwTick
 .bss.cfgidx.0  0x20000704        0x1 CMakeFiles/test02-mouse-cmake.elf.dir/Middlewares/ST/STM32_USB_Device_Library/Core/Src/usbd_ctlreq.c.obj
 *fill*         0x20000705        0x3 
 .bss.hUsbDeviceFS
                0x20000708      0x2c4 CMakeFiles/test02-mouse-cmake.elf.dir/USB_DEVICE/App/usb_device.c.obj
                0x20000708                hUsbDeviceFS
 .bss.USBD_StrDesc
                0x200009cc      0x200 CMakeFiles/test02-mouse-cmake.elf.dir/USB_DEVICE/App/usbd_desc.c.obj
                0x200009cc                USBD_StrDesc
 .bss.hpcd_USB_FS
                0x20000bcc      0x2ec CMakeFiles/test02-mouse-cmake.elf.dir/USB_DEVICE/Target/usbd_conf.c.obj
                0x20000bcc                hpcd_USB_FS
 .bss.mem.0     0x20000eb8       0x14 CMakeFiles/test02-mouse-cmake.elf.dir/USB_DEVICE/Target/usbd_conf.c.obj
 .bss.__lock___atexit_recursive_mutex
                0x20000ecc        0x1 c:/progra~2/gnuarm~1/102020~1/bin/../lib/gcc/arm-none-eabi/10.2.1/../../../../arm-none-eabi/lib/thumb/v7-m/nofp\libg.a(lib_a-lock.o)
                0x20000ecc                __lock___atexit_recursive_mutex
 *(COMMON)
                0x20000ed0                . = ALIGN (0x4)
 *fill*         0x20000ecd        0x3 
                0x20000ed0                _ebss = .
                0x20000ed0                __bss_end__ = _ebss

._user_heap_stack
                0x20000ed0      0x800 load address 0x080056a4
                0x20000ed0                . = ALIGN (0x8)
                [!provide]                PROVIDE (end = .)
                0x20000ed0                PROVIDE (_end = .)
                0x200012d0                . = (. + _Min_Heap_Size)
 *fill*         0x20000ed0      0x400 
                0x200016d0                . = (. + _Min_Stack_Size)
 *fill*         0x200012d0      0x400 
                0x200016d0                . = ALIGN (0x8)

/DISCARD/
 libc.a(*)
 libm.a(*)
 libgcc.a(*)

.ARM.attributes
                0x00000000       0x29
 *(.ARM.attributes)
 .ARM.attributes
                0x00000000       0x1d c:/progra~2/gnuarm~1/102020~1/bin/../lib/gcc/arm-none-eabi/10.2.1/thumb/v7-m/nofp/crti.o
 .ARM.attributes
                0x0000001d       0x2d c:/progra~2/gnuarm~1/102020~1/bin/../lib/gcc/arm-none-eabi/10.2.1/thumb/v7-m/nofp/crtbegin.o
 .ARM.attributes
                0x0000004a       0x2d CMakeFiles/test02-mouse-cmake.elf.dir/Core/Src/dma.c.obj
 .ARM.attributes
                0x00000077       0x2d CMakeFiles/test02-mouse-cmake.elf.dir/Core/Src/gpio.c.obj
 .ARM.attributes
                0x000000a4       0x2d CMakeFiles/test02-mouse-cmake.elf.dir/Core/Src/main.c.obj
 .ARM.attributes
                0x000000d1       0x2d CMakeFiles/test02-mouse-cmake.elf.dir/Core/Src/stm32f1xx_hal_msp.c.obj
 .ARM.attributes
                0x000000fe       0x2d CMakeFiles/test02-mouse-cmake.elf.dir/Core/Src/stm32f1xx_it.c.obj
 .ARM.attributes
                0x0000012b       0x2d CMakeFiles/test02-mouse-cmake.elf.dir/Core/Src/system_stm32f1xx.c.obj
 .ARM.attributes
                0x00000158       0x2d CMakeFiles/test02-mouse-cmake.elf.dir/Core/Src/usart.c.obj
 .ARM.attributes
                0x00000185       0x21 CMakeFiles/test02-mouse-cmake.elf.dir/Core/Startup/startup_stm32f103zetx.s.obj
 .ARM.attributes
                0x000001a6       0x2d CMakeFiles/test02-mouse-cmake.elf.dir/Drivers/STM32F1xx_HAL_Driver/Src/stm32f1xx_hal.c.obj
 .ARM.attributes
                0x000001d3       0x2d CMakeFiles/test02-mouse-cmake.elf.dir/Drivers/STM32F1xx_HAL_Driver/Src/stm32f1xx_hal_cortex.c.obj
 .ARM.attributes
                0x00000200       0x2d CMakeFiles/test02-mouse-cmake.elf.dir/Drivers/STM32F1xx_HAL_Driver/Src/stm32f1xx_hal_dma.c.obj
 .ARM.attributes
                0x0000022d       0x2d CMakeFiles/test02-mouse-cmake.elf.dir/Drivers/STM32F1xx_HAL_Driver/Src/stm32f1xx_hal_gpio.c.obj
 .ARM.attributes
                0x0000025a       0x2d CMakeFiles/test02-mouse-cmake.elf.dir/Drivers/STM32F1xx_HAL_Driver/Src/stm32f1xx_hal_pcd.c.obj
 .ARM.attributes
                0x00000287       0x2d CMakeFiles/test02-mouse-cmake.elf.dir/Drivers/STM32F1xx_HAL_Driver/Src/stm32f1xx_hal_pcd_ex.c.obj
 .ARM.attributes
                0x000002b4       0x2d CMakeFiles/test02-mouse-cmake.elf.dir/Drivers/STM32F1xx_HAL_Driver/Src/stm32f1xx_hal_rcc.c.obj
 .ARM.attributes
                0x000002e1       0x2d CMakeFiles/test02-mouse-cmake.elf.dir/Drivers/STM32F1xx_HAL_Driver/Src/stm32f1xx_hal_rcc_ex.c.obj
 .ARM.attributes
                0x0000030e       0x2d CMakeFiles/test02-mouse-cmake.elf.dir/Drivers/STM32F1xx_HAL_Driver/Src/stm32f1xx_hal_uart.c.obj
 .ARM.attributes
                0x0000033b       0x2d CMakeFiles/test02-mouse-cmake.elf.dir/Drivers/STM32F1xx_HAL_Driver/Src/stm32f1xx_ll_usb.c.obj
 .ARM.attributes
                0x00000368       0x2d CMakeFiles/test02-mouse-cmake.elf.dir/Middlewares/ST/STM32_USB_Device_Library/Class/HID/Src/usbd_hid.c.obj
 .ARM.attributes
                0x00000395       0x2d CMakeFiles/test02-mouse-cmake.elf.dir/Middlewares/ST/STM32_USB_Device_Library/Core/Src/usbd_core.c.obj
 .ARM.attributes
                0x000003c2       0x2d CMakeFiles/test02-mouse-cmake.elf.dir/Middlewares/ST/STM32_USB_Device_Library/Core/Src/usbd_ctlreq.c.obj
 .ARM.attributes
                0x000003ef       0x2d CMakeFiles/test02-mouse-cmake.elf.dir/Middlewares/ST/STM32_USB_Device_Library/Core/Src/usbd_ioreq.c.obj
 .ARM.attributes
                0x0000041c       0x2d CMakeFiles/test02-mouse-cmake.elf.dir/USB_DEVICE/App/usb_device.c.obj
 .ARM.attributes
                0x00000449       0x2d CMakeFiles/test02-mouse-cmake.elf.dir/USB_DEVICE/App/usbd_desc.c.obj
 .ARM.attributes
                0x00000476       0x2d CMakeFiles/test02-mouse-cmake.elf.dir/USB_DEVICE/Target/usbd_conf.c.obj
 .ARM.attributes
                0x000004a3       0x2d c:/progra~2/gnuarm~1/102020~1/bin/../lib/gcc/arm-none-eabi/10.2.1/../../../../arm-none-eabi/lib/thumb/v7-m/nofp\libg.a(lib_a-impure.o)
 .ARM.attributes
                0x000004d0       0x2d c:/progra~2/gnuarm~1/102020~1/bin/../lib/gcc/arm-none-eabi/10.2.1/../../../../arm-none-eabi/lib/thumb/v7-m/nofp\libg.a(lib_a-init.o)
 .ARM.attributes
                0x000004fd       0x2d c:/progra~2/gnuarm~1/102020~1/bin/../lib/gcc/arm-none-eabi/10.2.1/../../../../arm-none-eabi/lib/thumb/v7-m/nofp\libg.a(lib_a-memset.o)
 .ARM.attributes
                0x0000052a       0x2d c:/progra~2/gnuarm~1/102020~1/bin/../lib/gcc/arm-none-eabi/10.2.1/../../../../arm-none-eabi/lib/thumb/v7-m/nofp\libg.a(lib_a-__call_atexit.o)
 .ARM.attributes
                0x00000557       0x2d c:/progra~2/gnuarm~1/102020~1/bin/../lib/gcc/arm-none-eabi/10.2.1/../../../../arm-none-eabi/lib/thumb/v7-m/nofp\libg.a(lib_a-atexit.o)
 .ARM.attributes
                0x00000584       0x2d c:/progra~2/gnuarm~1/102020~1/bin/../lib/gcc/arm-none-eabi/10.2.1/../../../../arm-none-eabi/lib/thumb/v7-m/nofp\libg.a(lib_a-fini.o)
 .ARM.attributes
                0x000005b1       0x2d c:/progra~2/gnuarm~1/102020~1/bin/../lib/gcc/arm-none-eabi/10.2.1/../../../../arm-none-eabi/lib/thumb/v7-m/nofp\libg.a(lib_a-lock.o)
 .ARM.attributes
                0x000005de       0x2d c:/progra~2/gnuarm~1/102020~1/bin/../lib/gcc/arm-none-eabi/10.2.1/../../../../arm-none-eabi/lib/thumb/v7-m/nofp\libg.a(lib_a-__atexit.o)
 .ARM.attributes
                0x0000060b       0x1d c:/progra~2/gnuarm~1/102020~1/bin/../lib/gcc/arm-none-eabi/10.2.1/thumb/v7-m/nofp/crtn.o
OUTPUT(test02-mouse-cmake.elf elf32-littlearm)
LOAD linker stubs
LOAD c:/progra~2/gnuarm~1/102020~1/bin/../lib/gcc/arm-none-eabi/10.2.1/../../../../arm-none-eabi/lib/thumb/v7-m/nofp\libc.a
LOAD c:/progra~2/gnuarm~1/102020~1/bin/../lib/gcc/arm-none-eabi/10.2.1/../../../../arm-none-eabi/lib/thumb/v7-m/nofp\libm.a
LOAD c:/progra~2/gnuarm~1/102020~1/bin/../lib/gcc/arm-none-eabi/10.2.1/thumb/v7-m/nofp\libgcc.a

.debug_info     0x00000000    0x12256
 .debug_info    0x00000000      0x38a CMakeFiles/test02-mouse-cmake.elf.dir/Core/Src/dma.c.obj
 .debug_info    0x0000038a     0x1228 CMakeFiles/test02-mouse-cmake.elf.dir/Core/Src/gpio.c.obj
 .debug_info    0x000015b2      0x930 CMakeFiles/test02-mouse-cmake.elf.dir/Core/Src/main.c.obj
 .debug_info    0x00001ee2      0x211 CMakeFiles/test02-mouse-cmake.elf.dir/Core/Src/stm32f1xx_hal_msp.c.obj
 .debug_info    0x000020f3      0xd22 CMakeFiles/test02-mouse-cmake.elf.dir/Core/Src/stm32f1xx_it.c.obj
 .debug_info    0x00002e15      0x248 CMakeFiles/test02-mouse-cmake.elf.dir/Core/Src/system_stm32f1xx.c.obj
 .debug_info    0x0000305d      0xb08 CMakeFiles/test02-mouse-cmake.elf.dir/Core/Src/usart.c.obj
 .debug_info    0x00003b65       0x22 CMakeFiles/test02-mouse-cmake.elf.dir/Core/Startup/startup_stm32f103zetx.s.obj
 .debug_info    0x00003b87      0x80e CMakeFiles/test02-mouse-cmake.elf.dir/Drivers/STM32F1xx_HAL_Driver/Src/stm32f1xx_hal.c.obj
 .debug_info    0x00004395      0xdf0 CMakeFiles/test02-mouse-cmake.elf.dir/Drivers/STM32F1xx_HAL_Driver/Src/stm32f1xx_hal_cortex.c.obj
 .debug_info    0x00005185      0x846 CMakeFiles/test02-mouse-cmake.elf.dir/Drivers/STM32F1xx_HAL_Driver/Src/stm32f1xx_hal_dma.c.obj
 .debug_info    0x000059cb      0x66f CMakeFiles/test02-mouse-cmake.elf.dir/Drivers/STM32F1xx_HAL_Driver/Src/stm32f1xx_hal_gpio.c.obj
 .debug_info    0x0000603a     0x1b27 CMakeFiles/test02-mouse-cmake.elf.dir/Drivers/STM32F1xx_HAL_Driver/Src/stm32f1xx_hal_pcd.c.obj
 .debug_info    0x00007b61      0x737 CMakeFiles/test02-mouse-cmake.elf.dir/Drivers/STM32F1xx_HAL_Driver/Src/stm32f1xx_hal_pcd_ex.c.obj
 .debug_info    0x00008298      0xa36 CMakeFiles/test02-mouse-cmake.elf.dir/Drivers/STM32F1xx_HAL_Driver/Src/stm32f1xx_hal_rcc.c.obj
 .debug_info    0x00008cce      0x47e CMakeFiles/test02-mouse-cmake.elf.dir/Drivers/STM32F1xx_HAL_Driver/Src/stm32f1xx_hal_rcc_ex.c.obj
 .debug_info    0x0000914c     0x1c8b CMakeFiles/test02-mouse-cmake.elf.dir/Drivers/STM32F1xx_HAL_Driver/Src/stm32f1xx_hal_uart.c.obj
 .debug_info    0x0000add7     0x1cb2 CMakeFiles/test02-mouse-cmake.elf.dir/Drivers/STM32F1xx_HAL_Driver/Src/stm32f1xx_ll_usb.c.obj
 .debug_info    0x0000ca89      0xabe CMakeFiles/test02-mouse-cmake.elf.dir/Middlewares/ST/STM32_USB_Device_Library/Class/HID/Src/usbd_hid.c.obj
 .debug_info    0x0000d547      0xd74 CMakeFiles/test02-mouse-cmake.elf.dir/Middlewares/ST/STM32_USB_Device_Library/Core/Src/usbd_core.c.obj
 .debug_info    0x0000e2bb     0x1078 CMakeFiles/test02-mouse-cmake.elf.dir/Middlewares/ST/STM32_USB_Device_Library/Core/Src/usbd_ctlreq.c.obj
 .debug_info    0x0000f333      0x7e9 CMakeFiles/test02-mouse-cmake.elf.dir/Middlewares/ST/STM32_USB_Device_Library/Core/Src/usbd_ioreq.c.obj
 .debug_info    0x0000fb1c      0x5c7 CMakeFiles/test02-mouse-cmake.elf.dir/USB_DEVICE/App/usb_device.c.obj
 .debug_info    0x000100e3      0x5eb CMakeFiles/test02-mouse-cmake.elf.dir/USB_DEVICE/App/usbd_desc.c.obj
 .debug_info    0x000106ce     0x1b88 CMakeFiles/test02-mouse-cmake.elf.dir/USB_DEVICE/Target/usbd_conf.c.obj

.debug_abbrev   0x00000000     0x30d9
 .debug_abbrev  0x00000000      0x114 CMakeFiles/test02-mouse-cmake.elf.dir/Core/Src/dma.c.obj
 .debug_abbrev  0x00000114      0x227 CMakeFiles/test02-mouse-cmake.elf.dir/Core/Src/gpio.c.obj
 .debug_abbrev  0x0000033b      0x218 CMakeFiles/test02-mouse-cmake.elf.dir/Core/Src/main.c.obj
 .debug_abbrev  0x00000553       0xe5 CMakeFiles/test02-mouse-cmake.elf.dir/Core/Src/stm32f1xx_hal_msp.c.obj
 .debug_abbrev  0x00000638      0x1ea CMakeFiles/test02-mouse-cmake.elf.dir/Core/Src/stm32f1xx_it.c.obj
 .debug_abbrev  0x00000822      0x13e CMakeFiles/test02-mouse-cmake.elf.dir/Core/Src/system_stm32f1xx.c.obj
 .debug_abbrev  0x00000960      0x1ef CMakeFiles/test02-mouse-cmake.elf.dir/Core/Src/usart.c.obj
 .debug_abbrev  0x00000b4f       0x12 CMakeFiles/test02-mouse-cmake.elf.dir/Core/Startup/startup_stm32f103zetx.s.obj
 .debug_abbrev  0x00000b61      0x1f4 CMakeFiles/test02-mouse-cmake.elf.dir/Drivers/STM32F1xx_HAL_Driver/Src/stm32f1xx_hal.c.obj
 .debug_abbrev  0x00000d55      0x341 CMakeFiles/test02-mouse-cmake.elf.dir/Drivers/STM32F1xx_HAL_Driver/Src/stm32f1xx_hal_cortex.c.obj
 .debug_abbrev  0x00001096      0x223 CMakeFiles/test02-mouse-cmake.elf.dir/Drivers/STM32F1xx_HAL_Driver/Src/stm32f1xx_hal_dma.c.obj
 .debug_abbrev  0x000012b9      0x1e6 CMakeFiles/test02-mouse-cmake.elf.dir/Drivers/STM32F1xx_HAL_Driver/Src/stm32f1xx_hal_gpio.c.obj
 .debug_abbrev  0x0000149f      0x2bd CMakeFiles/test02-mouse-cmake.elf.dir/Drivers/STM32F1xx_HAL_Driver/Src/stm32f1xx_hal_pcd.c.obj
 .debug_abbrev  0x0000175c      0x193 CMakeFiles/test02-mouse-cmake.elf.dir/Drivers/STM32F1xx_HAL_Driver/Src/stm32f1xx_hal_pcd_ex.c.obj
 .debug_abbrev  0x000018ef      0x27a CMakeFiles/test02-mouse-cmake.elf.dir/Drivers/STM32F1xx_HAL_Driver/Src/stm32f1xx_hal_rcc.c.obj
 .debug_abbrev  0x00001b69      0x1d2 CMakeFiles/test02-mouse-cmake.elf.dir/Drivers/STM32F1xx_HAL_Driver/Src/stm32f1xx_hal_rcc_ex.c.obj
 .debug_abbrev  0x00001d3b      0x254 CMakeFiles/test02-mouse-cmake.elf.dir/Drivers/STM32F1xx_HAL_Driver/Src/stm32f1xx_hal_uart.c.obj
 .debug_abbrev  0x00001f8f      0x21f CMakeFiles/test02-mouse-cmake.elf.dir/Drivers/STM32F1xx_HAL_Driver/Src/stm32f1xx_ll_usb.c.obj
 .debug_abbrev  0x000021ae      0x245 CMakeFiles/test02-mouse-cmake.elf.dir/Middlewares/ST/STM32_USB_Device_Library/Class/HID/Src/usbd_hid.c.obj
 .debug_abbrev  0x000023f3      0x24c CMakeFiles/test02-mouse-cmake.elf.dir/Middlewares/ST/STM32_USB_Device_Library/Core/Src/usbd_core.c.obj
 .debug_abbrev  0x0000263f      0x2bf CMakeFiles/test02-mouse-cmake.elf.dir/Middlewares/ST/STM32_USB_Device_Library/Core/Src/usbd_ctlreq.c.obj
 .debug_abbrev  0x000028fe      0x17d CMakeFiles/test02-mouse-cmake.elf.dir/Middlewares/ST/STM32_USB_Device_Library/Core/Src/usbd_ioreq.c.obj
 .debug_abbrev  0x00002a7b      0x186 CMakeFiles/test02-mouse-cmake.elf.dir/USB_DEVICE/App/usb_device.c.obj
 .debug_abbrev  0x00002c01      0x1fe CMakeFiles/test02-mouse-cmake.elf.dir/USB_DEVICE/App/usbd_desc.c.obj
 .debug_abbrev  0x00002dff      0x2da CMakeFiles/test02-mouse-cmake.elf.dir/USB_DEVICE/Target/usbd_conf.c.obj

.debug_aranges  0x00000000      0xcc0
 .debug_aranges
                0x00000000       0x20 CMakeFiles/test02-mouse-cmake.elf.dir/Core/Src/dma.c.obj
 .debug_aranges
                0x00000020       0x28 CMakeFiles/test02-mouse-cmake.elf.dir/Core/Src/gpio.c.obj
 .debug_aranges
                0x00000048       0x30 CMakeFiles/test02-mouse-cmake.elf.dir/Core/Src/main.c.obj
 .debug_aranges
                0x00000078       0x20 CMakeFiles/test02-mouse-cmake.elf.dir/Core/Src/stm32f1xx_hal_msp.c.obj
 .debug_aranges
                0x00000098       0xb0 CMakeFiles/test02-mouse-cmake.elf.dir/Core/Src/stm32f1xx_it.c.obj
 .debug_aranges
                0x00000148       0x28 CMakeFiles/test02-mouse-cmake.elf.dir/Core/Src/system_stm32f1xx.c.obj
 .debug_aranges
                0x00000170       0x30 CMakeFiles/test02-mouse-cmake.elf.dir/Core/Src/usart.c.obj
 .debug_aranges
                0x000001a0       0x28 CMakeFiles/test02-mouse-cmake.elf.dir/Core/Startup/startup_stm32f103zetx.s.obj
 .debug_aranges
                0x000001c8       0xe0 CMakeFiles/test02-mouse-cmake.elf.dir/Drivers/STM32F1xx_HAL_Driver/Src/stm32f1xx_hal.c.obj
 .debug_aranges
                0x000002a8       0x90 CMakeFiles/test02-mouse-cmake.elf.dir/Drivers/STM32F1xx_HAL_Driver/Src/stm32f1xx_hal_cortex.c.obj
 .debug_aranges
                0x00000338       0x80 CMakeFiles/test02-mouse-cmake.elf.dir/Drivers/STM32F1xx_HAL_Driver/Src/stm32f1xx_hal_dma.c.obj
 .debug_aranges
                0x000003b8       0x58 CMakeFiles/test02-mouse-cmake.elf.dir/Drivers/STM32F1xx_HAL_Driver/Src/stm32f1xx_hal_gpio.c.obj
 .debug_aranges
                0x00000410      0x138 CMakeFiles/test02-mouse-cmake.elf.dir/Drivers/STM32F1xx_HAL_Driver/Src/stm32f1xx_hal_pcd.c.obj
 .debug_aranges
                0x00000548       0x38 CMakeFiles/test02-mouse-cmake.elf.dir/Drivers/STM32F1xx_HAL_Driver/Src/stm32f1xx_hal_pcd_ex.c.obj
 .debug_aranges
                0x00000580       0x90 CMakeFiles/test02-mouse-cmake.elf.dir/Drivers/STM32F1xx_HAL_Driver/Src/stm32f1xx_hal_rcc.c.obj
 .debug_aranges
                0x00000610       0x30 CMakeFiles/test02-mouse-cmake.elf.dir/Drivers/STM32F1xx_HAL_Driver/Src/stm32f1xx_hal_rcc_ex.c.obj
 .debug_aranges
                0x00000640      0x200 CMakeFiles/test02-mouse-cmake.elf.dir/Drivers/STM32F1xx_HAL_Driver/Src/stm32f1xx_hal_uart.c.obj
 .debug_aranges
                0x00000840       0xf0 CMakeFiles/test02-mouse-cmake.elf.dir/Drivers/STM32F1xx_HAL_Driver/Src/stm32f1xx_ll_usb.c.obj
 .debug_aranges
                0x00000930       0x68 CMakeFiles/test02-mouse-cmake.elf.dir/Middlewares/ST/STM32_USB_Device_Library/Class/HID/Src/usbd_hid.c.obj
 .debug_aranges
                0x00000998       0xb8 CMakeFiles/test02-mouse-cmake.elf.dir/Middlewares/ST/STM32_USB_Device_Library/Core/Src/usbd_core.c.obj
 .debug_aranges
                0x00000a50       0x88 CMakeFiles/test02-mouse-cmake.elf.dir/Middlewares/ST/STM32_USB_Device_Library/Core/Src/usbd_ctlreq.c.obj
 .debug_aranges
                0x00000ad8       0x50 CMakeFiles/test02-mouse-cmake.elf.dir/Middlewares/ST/STM32_USB_Device_Library/Core/Src/usbd_ioreq.c.obj
 .debug_aranges
                0x00000b28       0x20 CMakeFiles/test02-mouse-cmake.elf.dir/USB_DEVICE/App/usb_device.c.obj
 .debug_aranges
                0x00000b48       0x60 CMakeFiles/test02-mouse-cmake.elf.dir/USB_DEVICE/App/usbd_desc.c.obj
 .debug_aranges
                0x00000ba8      0x118 CMakeFiles/test02-mouse-cmake.elf.dir/USB_DEVICE/Target/usbd_conf.c.obj

.debug_ranges   0x00000000      0xf70
 .debug_ranges  0x00000000       0x10 CMakeFiles/test02-mouse-cmake.elf.dir/Core/Src/dma.c.obj
 .debug_ranges  0x00000010       0x18 CMakeFiles/test02-mouse-cmake.elf.dir/Core/Src/gpio.c.obj
 .debug_ranges  0x00000028       0x20 CMakeFiles/test02-mouse-cmake.elf.dir/Core/Src/main.c.obj
 .debug_ranges  0x00000048       0x10 CMakeFiles/test02-mouse-cmake.elf.dir/Core/Src/stm32f1xx_hal_msp.c.obj
 .debug_ranges  0x00000058       0xa0 CMakeFiles/test02-mouse-cmake.elf.dir/Core/Src/stm32f1xx_it.c.obj
 .debug_ranges  0x000000f8       0x18 CMakeFiles/test02-mouse-cmake.elf.dir/Core/Src/system_stm32f1xx.c.obj
 .debug_ranges  0x00000110       0x20 CMakeFiles/test02-mouse-cmake.elf.dir/Core/Src/usart.c.obj
 .debug_ranges  0x00000130       0x20 CMakeFiles/test02-mouse-cmake.elf.dir/Core/Startup/startup_stm32f103zetx.s.obj
 .debug_ranges  0x00000150       0xd0 CMakeFiles/test02-mouse-cmake.elf.dir/Drivers/STM32F1xx_HAL_Driver/Src/stm32f1xx_hal.c.obj
 .debug_ranges  0x00000220       0xe0 CMakeFiles/test02-mouse-cmake.elf.dir/Drivers/STM32F1xx_HAL_Driver/Src/stm32f1xx_hal_cortex.c.obj
 .debug_ranges  0x00000300       0x70 CMakeFiles/test02-mouse-cmake.elf.dir/Drivers/STM32F1xx_HAL_Driver/Src/stm32f1xx_hal_dma.c.obj
 .debug_ranges  0x00000370       0x48 CMakeFiles/test02-mouse-cmake.elf.dir/Drivers/STM32F1xx_HAL_Driver/Src/stm32f1xx_hal_gpio.c.obj
 .debug_ranges  0x000003b8      0x208 CMakeFiles/test02-mouse-cmake.elf.dir/Drivers/STM32F1xx_HAL_Driver/Src/stm32f1xx_hal_pcd.c.obj
 .debug_ranges  0x000005c0       0x28 CMakeFiles/test02-mouse-cmake.elf.dir/Drivers/STM32F1xx_HAL_Driver/Src/stm32f1xx_hal_pcd_ex.c.obj
 .debug_ranges  0x000005e8       0xa0 CMakeFiles/test02-mouse-cmake.elf.dir/Drivers/STM32F1xx_HAL_Driver/Src/stm32f1xx_hal_rcc.c.obj
 .debug_ranges  0x00000688       0x38 CMakeFiles/test02-mouse-cmake.elf.dir/Drivers/STM32F1xx_HAL_Driver/Src/stm32f1xx_hal_rcc_ex.c.obj
 .debug_ranges  0x000006c0      0x1f0 CMakeFiles/test02-mouse-cmake.elf.dir/Drivers/STM32F1xx_HAL_Driver/Src/stm32f1xx_hal_uart.c.obj
 .debug_ranges  0x000008b0      0x3a0 CMakeFiles/test02-mouse-cmake.elf.dir/Drivers/STM32F1xx_HAL_Driver/Src/stm32f1xx_ll_usb.c.obj
 .debug_ranges  0x00000c50       0x58 CMakeFiles/test02-mouse-cmake.elf.dir/Middlewares/ST/STM32_USB_Device_Library/Class/HID/Src/usbd_hid.c.obj
 .debug_ranges  0x00000ca8       0xa8 CMakeFiles/test02-mouse-cmake.elf.dir/Middlewares/ST/STM32_USB_Device_Library/Core/Src/usbd_core.c.obj
 .debug_ranges  0x00000d50       0x78 CMakeFiles/test02-mouse-cmake.elf.dir/Middlewares/ST/STM32_USB_Device_Library/Core/Src/usbd_ctlreq.c.obj
 .debug_ranges  0x00000dc8       0x40 CMakeFiles/test02-mouse-cmake.elf.dir/Middlewares/ST/STM32_USB_Device_Library/Core/Src/usbd_ioreq.c.obj
 .debug_ranges  0x00000e08       0x10 CMakeFiles/test02-mouse-cmake.elf.dir/USB_DEVICE/App/usb_device.c.obj
 .debug_ranges  0x00000e18       0x50 CMakeFiles/test02-mouse-cmake.elf.dir/USB_DEVICE/App/usbd_desc.c.obj
 .debug_ranges  0x00000e68      0x108 CMakeFiles/test02-mouse-cmake.elf.dir/USB_DEVICE/Target/usbd_conf.c.obj

.debug_line     0x00000000     0xcb97
 .debug_line    0x00000000      0x1eb CMakeFiles/test02-mouse-cmake.elf.dir/Core/Src/dma.c.obj
 .debug_line    0x000001eb      0x5b0 CMakeFiles/test02-mouse-cmake.elf.dir/Core/Src/gpio.c.obj
 .debug_line    0x0000079b      0x470 CMakeFiles/test02-mouse-cmake.elf.dir/Core/Src/main.c.obj
 .debug_line    0x00000c0b      0x197 CMakeFiles/test02-mouse-cmake.elf.dir/Core/Src/stm32f1xx_hal_msp.c.obj
 .debug_line    0x00000da2      0x460 CMakeFiles/test02-mouse-cmake.elf.dir/Core/Src/stm32f1xx_it.c.obj
 .debug_line    0x00001202      0x260 CMakeFiles/test02-mouse-cmake.elf.dir/Core/Src/system_stm32f1xx.c.obj
 .debug_line    0x00001462      0x430 CMakeFiles/test02-mouse-cmake.elf.dir/Core/Src/usart.c.obj
 .debug_line    0x00001892       0xb4 CMakeFiles/test02-mouse-cmake.elf.dir/Core/Startup/startup_stm32f103zetx.s.obj
 .debug_line    0x00001946      0x5a8 CMakeFiles/test02-mouse-cmake.elf.dir/Drivers/STM32F1xx_HAL_Driver/Src/stm32f1xx_hal.c.obj
 .debug_line    0x00001eee      0x683 CMakeFiles/test02-mouse-cmake.elf.dir/Drivers/STM32F1xx_HAL_Driver/Src/stm32f1xx_hal_cortex.c.obj
 .debug_line    0x00002571      0xd35 CMakeFiles/test02-mouse-cmake.elf.dir/Drivers/STM32F1xx_HAL_Driver/Src/stm32f1xx_hal_dma.c.obj
 .debug_line    0x000032a6      0x641 CMakeFiles/test02-mouse-cmake.elf.dir/Drivers/STM32F1xx_HAL_Driver/Src/stm32f1xx_hal_gpio.c.obj
 .debug_line    0x000038e7     0x1907 CMakeFiles/test02-mouse-cmake.elf.dir/Drivers/STM32F1xx_HAL_Driver/Src/stm32f1xx_hal_pcd.c.obj
 .debug_line    0x000051ee      0x2dd CMakeFiles/test02-mouse-cmake.elf.dir/Drivers/STM32F1xx_HAL_Driver/Src/stm32f1xx_hal_pcd_ex.c.obj
 .debug_line    0x000054cb      0xc76 CMakeFiles/test02-mouse-cmake.elf.dir/Drivers/STM32F1xx_HAL_Driver/Src/stm32f1xx_hal_rcc.c.obj
 .debug_line    0x00006141      0x51e CMakeFiles/test02-mouse-cmake.elf.dir/Drivers/STM32F1xx_HAL_Driver/Src/stm32f1xx_hal_rcc_ex.c.obj
 .debug_line    0x0000665f     0x2105 CMakeFiles/test02-mouse-cmake.elf.dir/Drivers/STM32F1xx_HAL_Driver/Src/stm32f1xx_hal_uart.c.obj
 .debug_line    0x00008764     0x1ae6 CMakeFiles/test02-mouse-cmake.elf.dir/Drivers/STM32F1xx_HAL_Driver/Src/stm32f1xx_ll_usb.c.obj
 .debug_line    0x0000a24a      0x5a6 CMakeFiles/test02-mouse-cmake.elf.dir/Middlewares/ST/STM32_USB_Device_Library/Class/HID/Src/usbd_hid.c.obj
 .debug_line    0x0000a7f0      0x747 CMakeFiles/test02-mouse-cmake.elf.dir/Middlewares/ST/STM32_USB_Device_Library/Core/Src/usbd_core.c.obj
 .debug_line    0x0000af37      0xb2c CMakeFiles/test02-mouse-cmake.elf.dir/Middlewares/ST/STM32_USB_Device_Library/Core/Src/usbd_ctlreq.c.obj
 .debug_line    0x0000ba63      0x2be CMakeFiles/test02-mouse-cmake.elf.dir/Middlewares/ST/STM32_USB_Device_Library/Core/Src/usbd_ioreq.c.obj
 .debug_line    0x0000bd21      0x286 CMakeFiles/test02-mouse-cmake.elf.dir/USB_DEVICE/App/usb_device.c.obj
 .debug_line    0x0000bfa7      0x393 CMakeFiles/test02-mouse-cmake.elf.dir/USB_DEVICE/App/usbd_desc.c.obj
 .debug_line    0x0000c33a      0x85d CMakeFiles/test02-mouse-cmake.elf.dir/USB_DEVICE/Target/usbd_conf.c.obj

.debug_str      0x00000000     0x3d9d
 .debug_str     0x00000000      0x5df CMakeFiles/test02-mouse-cmake.elf.dir/Core/Src/dma.c.obj
                                0x61c (size before relaxing)
 .debug_str     0x000005df      0x7ec CMakeFiles/test02-mouse-cmake.elf.dir/Core/Src/gpio.c.obj
                                0xe6e (size before relaxing)
 .debug_str     0x00000dcb      0x2d5 CMakeFiles/test02-mouse-cmake.elf.dir/Core/Src/main.c.obj
                                0x89d (size before relaxing)
 .debug_str     0x000010a0       0x87 CMakeFiles/test02-mouse-cmake.elf.dir/Core/Src/stm32f1xx_hal_msp.c.obj
                                0x277 (size before relaxing)
 .debug_str     0x00001127      0x510 CMakeFiles/test02-mouse-cmake.elf.dir/Core/Src/stm32f1xx_it.c.obj
                                0xad5 (size before relaxing)
 .debug_str     0x00001637       0xab CMakeFiles/test02-mouse-cmake.elf.dir/Core/Src/system_stm32f1xx.c.obj
                                0x2ac (size before relaxing)
 .debug_str     0x000016e2       0xbe CMakeFiles/test02-mouse-cmake.elf.dir/Core/Src/usart.c.obj
                                0xb2e (size before relaxing)
 .debug_str     0x000017a0       0x63 CMakeFiles/test02-mouse-cmake.elf.dir/Core/Startup/startup_stm32f103zetx.s.obj
                                 0xa5 (size before relaxing)
 .debug_str     0x00001803      0x33b CMakeFiles/test02-mouse-cmake.elf.dir/Drivers/STM32F1xx_HAL_Driver/Src/stm32f1xx_hal.c.obj
                                0x960 (size before relaxing)
 .debug_str     0x00001b3e      0x3a3 CMakeFiles/test02-mouse-cmake.elf.dir/Drivers/STM32F1xx_HAL_Driver/Src/stm32f1xx_hal_cortex.c.obj
                                0xa0f (size before relaxing)
 .debug_str     0x00001ee1      0x242 CMakeFiles/test02-mouse-cmake.elf.dir/Drivers/STM32F1xx_HAL_Driver/Src/stm32f1xx_hal_dma.c.obj
                                0x655 (size before relaxing)
 .debug_str     0x00002123       0xe5 CMakeFiles/test02-mouse-cmake.elf.dir/Drivers/STM32F1xx_HAL_Driver/Src/stm32f1xx_hal_gpio.c.obj
                                0x458 (size before relaxing)
 .debug_str     0x00002208      0x58e CMakeFiles/test02-mouse-cmake.elf.dir/Drivers/STM32F1xx_HAL_Driver/Src/stm32f1xx_hal_pcd.c.obj
                                0xb26 (size before relaxing)
 .debug_str     0x00002796      0x19d CMakeFiles/test02-mouse-cmake.elf.dir/Drivers/STM32F1xx_HAL_Driver/Src/stm32f1xx_hal_pcd_ex.c.obj
                                0x720 (size before relaxing)
 .debug_str     0x00002933      0x20f CMakeFiles/test02-mouse-cmake.elf.dir/Drivers/STM32F1xx_HAL_Driver/Src/stm32f1xx_hal_rcc.c.obj
                                0x683 (size before relaxing)
 .debug_str     0x00002b42       0xcc CMakeFiles/test02-mouse-cmake.elf.dir/Drivers/STM32F1xx_HAL_Driver/Src/stm32f1xx_hal_rcc_ex.c.obj
                                0x469 (size before relaxing)
 .debug_str     0x00002c0e      0x5ee CMakeFiles/test02-mouse-cmake.elf.dir/Drivers/STM32F1xx_HAL_Driver/Src/stm32f1xx_hal_uart.c.obj
                                0xce6 (size before relaxing)
 .debug_str     0x000031fc      0x15a CMakeFiles/test02-mouse-cmake.elf.dir/Drivers/STM32F1xx_HAL_Driver/Src/stm32f1xx_ll_usb.c.obj
                                0x753 (size before relaxing)
 .debug_str     0x00003356      0x2f2 CMakeFiles/test02-mouse-cmake.elf.dir/Middlewares/ST/STM32_USB_Device_Library/Class/HID/Src/usbd_hid.c.obj
                                0x874 (size before relaxing)
 .debug_str     0x00003648      0x2d1 CMakeFiles/test02-mouse-cmake.elf.dir/Middlewares/ST/STM32_USB_Device_Library/Core/Src/usbd_core.c.obj
                                0x889 (size before relaxing)
 .debug_str     0x00003919      0x148 CMakeFiles/test02-mouse-cmake.elf.dir/Middlewares/ST/STM32_USB_Device_Library/Core/Src/usbd_ctlreq.c.obj
                                0x7a3 (size before relaxing)
 .debug_str     0x00003a61       0xa6 CMakeFiles/test02-mouse-cmake.elf.dir/Middlewares/ST/STM32_USB_Device_Library/Core/Src/usbd_ioreq.c.obj
                                0x6d0 (size before relaxing)
 .debug_str     0x00003b07       0x54 CMakeFiles/test02-mouse-cmake.elf.dir/USB_DEVICE/App/usb_device.c.obj
                                0x62a (size before relaxing)
 .debug_str     0x00003b5b      0x19d CMakeFiles/test02-mouse-cmake.elf.dir/USB_DEVICE/App/usbd_desc.c.obj
                                0x4a9 (size before relaxing)
 .debug_str     0x00003cf8       0xa5 CMakeFiles/test02-mouse-cmake.elf.dir/USB_DEVICE/Target/usbd_conf.c.obj
                               0x12d8 (size before relaxing)

.comment        0x00000000       0x4d
 .comment       0x00000000       0x4d CMakeFiles/test02-mouse-cmake.elf.dir/Core/Src/dma.c.obj
                                 0x4e (size before relaxing)
 .comment       0x0000004d       0x4e CMakeFiles/test02-mouse-cmake.elf.dir/Core/Src/gpio.c.obj
 .comment       0x0000004d       0x4e CMakeFiles/test02-mouse-cmake.elf.dir/Core/Src/main.c.obj
 .comment       0x0000004d       0x4e CMakeFiles/test02-mouse-cmake.elf.dir/Core/Src/stm32f1xx_hal_msp.c.obj
 .comment       0x0000004d       0x4e CMakeFiles/test02-mouse-cmake.elf.dir/Core/Src/stm32f1xx_it.c.obj
 .comment       0x0000004d       0x4e CMakeFiles/test02-mouse-cmake.elf.dir/Core/Src/system_stm32f1xx.c.obj
 .comment       0x0000004d       0x4e CMakeFiles/test02-mouse-cmake.elf.dir/Core/Src/usart.c.obj
 .comment       0x0000004d       0x4e CMakeFiles/test02-mouse-cmake.elf.dir/Drivers/STM32F1xx_HAL_Driver/Src/stm32f1xx_hal.c.obj
 .comment       0x0000004d       0x4e CMakeFiles/test02-mouse-cmake.elf.dir/Drivers/STM32F1xx_HAL_Driver/Src/stm32f1xx_hal_cortex.c.obj
 .comment       0x0000004d       0x4e CMakeFiles/test02-mouse-cmake.elf.dir/Drivers/STM32F1xx_HAL_Driver/Src/stm32f1xx_hal_dma.c.obj
 .comment       0x0000004d       0x4e CMakeFiles/test02-mouse-cmake.elf.dir/Drivers/STM32F1xx_HAL_Driver/Src/stm32f1xx_hal_gpio.c.obj
 .comment       0x0000004d       0x4e CMakeFiles/test02-mouse-cmake.elf.dir/Drivers/STM32F1xx_HAL_Driver/Src/stm32f1xx_hal_pcd.c.obj
 .comment       0x0000004d       0x4e CMakeFiles/test02-mouse-cmake.elf.dir/Drivers/STM32F1xx_HAL_Driver/Src/stm32f1xx_hal_pcd_ex.c.obj
 .comment       0x0000004d       0x4e CMakeFiles/test02-mouse-cmake.elf.dir/Drivers/STM32F1xx_HAL_Driver/Src/stm32f1xx_hal_rcc.c.obj
 .comment       0x0000004d       0x4e CMakeFiles/test02-mouse-cmake.elf.dir/Drivers/STM32F1xx_HAL_Driver/Src/stm32f1xx_hal_rcc_ex.c.obj
 .comment       0x0000004d       0x4e CMakeFiles/test02-mouse-cmake.elf.dir/Drivers/STM32F1xx_HAL_Driver/Src/stm32f1xx_hal_uart.c.obj
 .comment       0x0000004d       0x4e CMakeFiles/test02-mouse-cmake.elf.dir/Drivers/STM32F1xx_HAL_Driver/Src/stm32f1xx_ll_usb.c.obj
 .comment       0x0000004d       0x4e CMakeFiles/test02-mouse-cmake.elf.dir/Middlewares/ST/STM32_USB_Device_Library/Class/HID/Src/usbd_hid.c.obj
 .comment       0x0000004d       0x4e CMakeFiles/test02-mouse-cmake.elf.dir/Middlewares/ST/STM32_USB_Device_Library/Core/Src/usbd_core.c.obj
 .comment       0x0000004d       0x4e CMakeFiles/test02-mouse-cmake.elf.dir/Middlewares/ST/STM32_USB_Device_Library/Core/Src/usbd_ctlreq.c.obj
 .comment       0x0000004d       0x4e CMakeFiles/test02-mouse-cmake.elf.dir/Middlewares/ST/STM32_USB_Device_Library/Core/Src/usbd_ioreq.c.obj
 .comment       0x0000004d       0x4e CMakeFiles/test02-mouse-cmake.elf.dir/USB_DEVICE/App/usb_device.c.obj
 .comment       0x0000004d       0x4e CMakeFiles/test02-mouse-cmake.elf.dir/USB_DEVICE/App/usbd_desc.c.obj
 .comment       0x0000004d       0x4e CMakeFiles/test02-mouse-cmake.elf.dir/USB_DEVICE/Target/usbd_conf.c.obj

.debug_frame    0x00000000     0x202c
 .debug_frame   0x00000000       0x2c CMakeFiles/test02-mouse-cmake.elf.dir/Core/Src/dma.c.obj
 .debug_frame   0x0000002c       0x54 CMakeFiles/test02-mouse-cmake.elf.dir/Core/Src/gpio.c.obj
 .debug_frame   0x00000080       0x58 CMakeFiles/test02-mouse-cmake.elf.dir/Core/Src/main.c.obj
 .debug_frame   0x000000d8       0x28 CMakeFiles/test02-mouse-cmake.elf.dir/Core/Src/stm32f1xx_hal_msp.c.obj
 .debug_frame   0x00000100      0x198 CMakeFiles/test02-mouse-cmake.elf.dir/Core/Src/stm32f1xx_it.c.obj
 .debug_frame   0x00000298       0x30 CMakeFiles/test02-mouse-cmake.elf.dir/Core/Src/system_stm32f1xx.c.obj
 .debug_frame   0x000002c8       0x64 CMakeFiles/test02-mouse-cmake.elf.dir/Core/Src/usart.c.obj
 .debug_frame   0x0000032c      0x1cc CMakeFiles/test02-mouse-cmake.elf.dir/Drivers/STM32F1xx_HAL_Driver/Src/stm32f1xx_hal.c.obj
 .debug_frame   0x000004f8      0x118 CMakeFiles/test02-mouse-cmake.elf.dir/Drivers/STM32F1xx_HAL_Driver/Src/stm32f1xx_hal_cortex.c.obj
 .debug_frame   0x00000610      0x140 CMakeFiles/test02-mouse-cmake.elf.dir/Drivers/STM32F1xx_HAL_Driver/Src/stm32f1xx_hal_dma.c.obj
 .debug_frame   0x00000750       0xe4 CMakeFiles/test02-mouse-cmake.elf.dir/Drivers/STM32F1xx_HAL_Driver/Src/stm32f1xx_hal_gpio.c.obj
 .debug_frame   0x00000834      0x344 CMakeFiles/test02-mouse-cmake.elf.dir/Drivers/STM32F1xx_HAL_Driver/Src/stm32f1xx_hal_pcd.c.obj
 .debug_frame   0x00000b78       0x50 CMakeFiles/test02-mouse-cmake.elf.dir/Drivers/STM32F1xx_HAL_Driver/Src/stm32f1xx_hal_pcd_ex.c.obj
 .debug_frame   0x00000bc8      0x190 CMakeFiles/test02-mouse-cmake.elf.dir/Drivers/STM32F1xx_HAL_Driver/Src/stm32f1xx_hal_rcc.c.obj
 .debug_frame   0x00000d58       0x64 CMakeFiles/test02-mouse-cmake.elf.dir/Drivers/STM32F1xx_HAL_Driver/Src/stm32f1xx_hal_rcc_ex.c.obj
 .debug_frame   0x00000dbc      0x5c4 CMakeFiles/test02-mouse-cmake.elf.dir/Drivers/STM32F1xx_HAL_Driver/Src/stm32f1xx_hal_uart.c.obj
 .debug_frame   0x00001380      0x1fc CMakeFiles/test02-mouse-cmake.elf.dir/Drivers/STM32F1xx_HAL_Driver/Src/stm32f1xx_ll_usb.c.obj
 .debug_frame   0x0000157c       0xdc CMakeFiles/test02-mouse-cmake.elf.dir/Middlewares/ST/STM32_USB_Device_Library/Class/HID/Src/usbd_hid.c.obj
 .debug_frame   0x00001658      0x1c4 CMakeFiles/test02-mouse-cmake.elf.dir/Middlewares/ST/STM32_USB_Device_Library/Core/Src/usbd_core.c.obj
 .debug_frame   0x0000181c      0x178 CMakeFiles/test02-mouse-cmake.elf.dir/Middlewares/ST/STM32_USB_Device_Library/Core/Src/usbd_ctlreq.c.obj
 .debug_frame   0x00001994       0xb8 CMakeFiles/test02-mouse-cmake.elf.dir/Middlewares/ST/STM32_USB_Device_Library/Core/Src/usbd_ioreq.c.obj
 .debug_frame   0x00001a4c       0x28 CMakeFiles/test02-mouse-cmake.elf.dir/USB_DEVICE/App/usb_device.c.obj
 .debug_frame   0x00001a74       0xe0 CMakeFiles/test02-mouse-cmake.elf.dir/USB_DEVICE/App/usbd_desc.c.obj
 .debug_frame   0x00001b54      0x2ec CMakeFiles/test02-mouse-cmake.elf.dir/USB_DEVICE/Target/usbd_conf.c.obj
 .debug_frame   0x00001e40       0x2c c:/progra~2/gnuarm~1/102020~1/bin/../lib/gcc/arm-none-eabi/10.2.1/../../../../arm-none-eabi/lib/thumb/v7-m/nofp\libg.a(lib_a-init.o)
 .debug_frame   0x00001e6c       0x2c c:/progra~2/gnuarm~1/102020~1/bin/../lib/gcc/arm-none-eabi/10.2.1/../../../../arm-none-eabi/lib/thumb/v7-m/nofp\libg.a(lib_a-memset.o)
 .debug_frame   0x00001e98       0x5c c:/progra~2/gnuarm~1/102020~1/bin/../lib/gcc/arm-none-eabi/10.2.1/../../../../arm-none-eabi/lib/thumb/v7-m/nofp\libg.a(lib_a-__call_atexit.o)
 .debug_frame   0x00001ef4       0x20 c:/progra~2/gnuarm~1/102020~1/bin/../lib/gcc/arm-none-eabi/10.2.1/../../../../arm-none-eabi/lib/thumb/v7-m/nofp\libg.a(lib_a-atexit.o)
 .debug_frame   0x00001f14       0x34 c:/progra~2/gnuarm~1/102020~1/bin/../lib/gcc/arm-none-eabi/10.2.1/../../../../arm-none-eabi/lib/thumb/v7-m/nofp\libg.a(lib_a-fini.o)
 .debug_frame   0x00001f48       0xb0 c:/progra~2/gnuarm~1/102020~1/bin/../lib/gcc/arm-none-eabi/10.2.1/../../../../arm-none-eabi/lib/thumb/v7-m/nofp\libg.a(lib_a-lock.o)
 .debug_frame   0x00001ff8       0x34 c:/progra~2/gnuarm~1/102020~1/bin/../lib/gcc/arm-none-eabi/10.2.1/../../../../arm-none-eabi/lib/thumb/v7-m/nofp\libg.a(lib_a-__atexit.o)

.debug_loc      0x00000000     0xaabe
 .debug_loc     0x00000000      0x1aa CMakeFiles/test02-mouse-cmake.elf.dir/Core/Src/gpio.c.obj
 .debug_loc     0x000001aa       0x24 CMakeFiles/test02-mouse-cmake.elf.dir/Core/Src/main.c.obj
 .debug_loc     0x000001ce       0x15 CMakeFiles/test02-mouse-cmake.elf.dir/Core/Src/stm32f1xx_hal_msp.c.obj
 .debug_loc     0x000001e3       0xff CMakeFiles/test02-mouse-cmake.elf.dir/Core/Src/system_stm32f1xx.c.obj
 .debug_loc     0x000002e2       0x71 CMakeFiles/test02-mouse-cmake.elf.dir/Core/Src/usart.c.obj
 .debug_loc     0x00000353      0x141 CMakeFiles/test02-mouse-cmake.elf.dir/Drivers/STM32F1xx_HAL_Driver/Src/stm32f1xx_hal.c.obj
 .debug_loc     0x00000494      0x71f CMakeFiles/test02-mouse-cmake.elf.dir/Drivers/STM32F1xx_HAL_Driver/Src/stm32f1xx_hal_cortex.c.obj
 .debug_loc     0x00000bb3      0x7ce CMakeFiles/test02-mouse-cmake.elf.dir/Drivers/STM32F1xx_HAL_Driver/Src/stm32f1xx_hal_dma.c.obj
 .debug_loc     0x00001381      0x47d CMakeFiles/test02-mouse-cmake.elf.dir/Drivers/STM32F1xx_HAL_Driver/Src/stm32f1xx_hal_gpio.c.obj
 .debug_loc     0x000017fe     0x148f CMakeFiles/test02-mouse-cmake.elf.dir/Drivers/STM32F1xx_HAL_Driver/Src/stm32f1xx_hal_pcd.c.obj
 .debug_loc     0x00002c8d      0x11a CMakeFiles/test02-mouse-cmake.elf.dir/Drivers/STM32F1xx_HAL_Driver/Src/stm32f1xx_hal_pcd_ex.c.obj
 .debug_loc     0x00002da7      0x63e CMakeFiles/test02-mouse-cmake.elf.dir/Drivers/STM32F1xx_HAL_Driver/Src/stm32f1xx_hal_rcc.c.obj
 .debug_loc     0x000033e5      0x42a CMakeFiles/test02-mouse-cmake.elf.dir/Drivers/STM32F1xx_HAL_Driver/Src/stm32f1xx_hal_rcc_ex.c.obj