Archive member included to satisfy reference by file (symbol)

c:/progra~2/gnuarm~1/102020~1/bin/../lib/gcc/arm-none-eabi/10.2.1/../../../../arm-none-eabi/lib/thumb/v7-m/nofp\libg.a(lib_a-errno.o)
                              CMakeFiles/test02-mouse-cmake.elf.dir/Core/Src/syscalls.c.obj (__errno)
c:/progra~2/gnuarm~1/102020~1/bin/../lib/gcc/arm-none-eabi/10.2.1/../../../../arm-none-eabi/lib/thumb/v7-m/nofp\libg.a(lib_a-exit.o)
                              c:/progra~2/gnuarm~1/102020~1/bin/../lib/gcc/arm-none-eabi/10.2.1/../../../../arm-none-eabi/lib/thumb/v7-m/nofp/crt0.o (exit)
c:/progra~2/gnuarm~1/102020~1/bin/../lib/gcc/arm-none-eabi/10.2.1/../../../../arm-none-eabi/lib/thumb/v7-m/nofp\libg.a(lib_a-impure.o)
                              c:/progra~2/gnuarm~1/102020~1/bin/../lib/gcc/arm-none-eabi/10.2.1/../../../../arm-none-eabi/lib/thumb/v7-m/nofp\libg.a(lib_a-exit.o) (_global_impure_ptr)
c:/progra~2/gnuarm~1/102020~1/bin/../lib/gcc/arm-none-eabi/10.2.1/../../../../arm-none-eabi/lib/thumb/v7-m/nofp\libg.a(lib_a-init.o)
                              c:/progra~2/gnuarm~1/102020~1/bin/../lib/gcc/arm-none-eabi/10.2.1/../../../../arm-none-eabi/lib/thumb/v7-m/nofp/crt0.o (__libc_init_array)
c:/progra~2/gnuarm~1/102020~1/bin/../lib/gcc/arm-none-eabi/10.2.1/../../../../arm-none-eabi/lib/thumb/v7-m/nofp\libg.a(lib_a-memset.o)
                              c:/progra~2/gnuarm~1/102020~1/bin/../lib/gcc/arm-none-eabi/10.2.1/../../../../arm-none-eabi/lib/thumb/v7-m/nofp/crt0.o (memset)
c:/progra~2/gnuarm~1/102020~1/bin/../lib/gcc/arm-none-eabi/10.2.1/../../../../arm-none-eabi/lib/thumb/v7-m/nofp\libg.a(lib_a-__call_atexit.o)
                              c:/progra~2/gnuarm~1/102020~1/bin/../lib/gcc/arm-none-eabi/10.2.1/../../../../arm-none-eabi/lib/thumb/v7-m/nofp\libg.a(lib_a-exit.o) (__call_exitprocs)
c:/progra~2/gnuarm~1/102020~1/bin/../lib/gcc/arm-none-eabi/10.2.1/../../../../arm-none-eabi/lib/thumb/v7-m/nofp\libg.a(lib_a-atexit.o)
                              c:/progra~2/gnuarm~1/102020~1/bin/../lib/gcc/arm-none-eabi/10.2.1/../../../../arm-none-eabi/lib/thumb/v7-m/nofp\libg.a(lib_a-__call_atexit.o) (atexit)
c:/progra~2/gnuarm~1/102020~1/bin/../lib/gcc/arm-none-eabi/10.2.1/../../../../arm-none-eabi/lib/thumb/v7-m/nofp\libg.a(lib_a-fini.o)
                              c:/progra~2/gnuarm~1/102020~1/bin/../lib/gcc/arm-none-eabi/10.2.1/../../../../arm-none-eabi/lib/thumb/v7-m/nofp\libg.a(lib_a-__call_atexit.o) (__libc_fini_array)
c:/progra~2/gnuarm~1/102020~1/bin/../lib/gcc/arm-none-eabi/10.2.1/../../../../arm-none-eabi/lib/thumb/v7-m/nofp\libg.a(lib_a-lock.o)
                              c:/progra~2/gnuarm~1/102020~1/bin/../lib/gcc/arm-none-eabi/10.2.1/../../../../arm-none-eabi/lib/thumb/v7-m/nofp\libg.a(lib_a-__call_atexit.o) (__retarget_lock_acquire_recursive)
c:/progra~2/gnuarm~1/102020~1/bin/../lib/gcc/arm-none-eabi/10.2.1/../../../../arm-none-eabi/lib/thumb/v7-m/nofp\libg.a(lib_a-__atexit.o)
                              c:/progra~2/gnuarm~1/102020~1/bin/../lib/gcc/arm-none-eabi/10.2.1/../../../../arm-none-eabi/lib/thumb/v7-m/nofp\libg.a(lib_a-atexit.o) (__register_exitproc)

Discarded input sections

 .text          0x00000000        0x0 c:/progra~2/gnuarm~1/102020~1/bin/../lib/gcc/arm-none-eabi/10.2.1/thumb/v7-m/nofp/crti.o
 .data          0x00000000        0x0 c:/progra~2/gnuarm~1/102020~1/bin/../lib/gcc/arm-none-eabi/10.2.1/thumb/v7-m/nofp/crti.o
 .bss           0x00000000        0x0 c:/progra~2/gnuarm~1/102020~1/bin/../lib/gcc/arm-none-eabi/10.2.1/thumb/v7-m/nofp/crti.o
 .data          0x00000000        0x4 c:/progra~2/gnuarm~1/102020~1/bin/../lib/gcc/arm-none-eabi/10.2.1/thumb/v7-m/nofp/crtbegin.o
 .rodata        0x00000000       0x24 c:/progra~2/gnuarm~1/102020~1/bin/../lib/gcc/arm-none-eabi/10.2.1/thumb/v7-m/nofp/crtbegin.o
 .text          0x00000000       0x7c c:/progra~2/gnuarm~1/102020~1/bin/../lib/gcc/arm-none-eabi/10.2.1/../../../../arm-none-eabi/lib/thumb/v7-m/nofp/crt0.o
 .data          0x00000000        0x0 c:/progra~2/gnuarm~1/102020~1/bin/../lib/gcc/arm-none-eabi/10.2.1/../../../../arm-none-eabi/lib/thumb/v7-m/nofp/crt0.o
 .bss           0x00000000        0x0 c:/progra~2/gnuarm~1/102020~1/bin/../lib/gcc/arm-none-eabi/10.2.1/../../../../arm-none-eabi/lib/thumb/v7-m/nofp/crt0.o
 .ARM.extab     0x00000000        0x0 c:/progra~2/gnuarm~1/102020~1/bin/../lib/gcc/arm-none-eabi/10.2.1/../../../../arm-none-eabi/lib/thumb/v7-m/nofp/crt0.o
 .ARM.exidx     0x00000000       0x10 c:/progra~2/gnuarm~1/102020~1/bin/../lib/gcc/arm-none-eabi/10.2.1/../../../../arm-none-eabi/lib/thumb/v7-m/nofp/crt0.o
 .ARM.attributes
                0x00000000       0x1b c:/progra~2/gnuarm~1/102020~1/bin/../lib/gcc/arm-none-eabi/10.2.1/../../../../arm-none-eabi/lib/thumb/v7-m/nofp/crt0.o
 .text          0x00000000        0x0 CMakeFiles/test02-mouse-cmake.elf.dir/Core/Src/dma.c.obj
 .data          0x00000000        0x0 CMakeFiles/test02-mouse-cmake.elf.dir/Core/Src/dma.c.obj
[...]
Memory Configuration

Name             Origin             Length             Attributes
RAM              0x20000000         0x00010000         xrw
FLASH            0x08000000         0x00080000         xr
*default*        0x00000000         0xffffffff

Linker script and memory map

LOAD c:/progra~2/gnuarm~1/102020~1/bin/../lib/gcc/arm-none-eabi/10.2.1/thumb/v7-m/nofp/crti.o
LOAD c:/progra~2/gnuarm~1/102020~1/bin/../lib/gcc/arm-none-eabi/10.2.1/thumb/v7-m/nofp/crtbegin.o
LOAD c:/progra~2/gnuarm~1/102020~1/bin/../lib/gcc/arm-none-eabi/10.2.1/../../../../arm-none-eabi/lib/thumb/v7-m/nofp/crt0.o
LOAD CMakeFiles/test02-mouse-cmake.elf.dir/Core/Src/dma.c.obj
LOAD CMakeFiles/test02-mouse-cmake.elf.dir/Core/Src/gpio.c.obj
LOAD CMakeFiles/test02-mouse-cmake.elf.dir/Core/Src/main.c.obj
LOAD CMakeFiles/test02-mouse-cmake.elf.dir/Core/Src/stm32f1xx_hal_msp.c.obj
LOAD CMakeFiles/test02-mouse-cmake.elf.dir/Core/Src/stm32f1xx_it.c.obj
LOAD CMakeFiles/test02-mouse-cmake.elf.dir/Core/Src/syscalls.c.obj
LOAD CMakeFiles/test02-mouse-cmake.elf.dir/Core/Src/sysmem.c.obj
LOAD CMakeFiles/test02-mouse-cmake.elf.dir/Core/Src/system_stm32f1xx.c.obj
LOAD CMakeFiles/test02-mouse-cmake.elf.dir/Core/Src/usart.c.obj
LOAD CMakeFiles/test02-mouse-cmake.elf.dir/Core/Startup/startup_stm32f103zetx.s.obj
LOAD CMakeFiles/test02-mouse-cmake.elf.dir/Drivers/STM32F1xx_HAL_Driver/Src/stm32f1xx_hal.c.obj
LOAD CMakeFiles/test02-mouse-cmake.elf.dir/Drivers/STM32F1xx_HAL_Driver/Src/stm32f1xx_hal_cortex.c.obj
LOAD CMakeFiles/test02-mouse-cmake.elf.dir/Drivers/STM32F1xx_HAL_Driver/Src/stm32f1xx_hal_dma.c.obj
LOAD CMakeFiles/test02-mouse-cmake.elf.dir/Drivers/STM32F1xx_HAL_Driver/Src/stm32f1xx_hal_exti.c.obj
LOAD CMakeFiles/test02-mouse-cmake.elf.dir/Drivers/STM32F1xx_HAL_Driver/Src/stm32f1xx_hal_flash.c.obj
LOAD CMakeFiles/test02-mouse-cmake.elf.dir/Drivers/STM32F1xx_HAL_Driver/Src/stm32f1xx_hal_flash_ex.c.obj
LOAD CMakeFiles/test02-mouse-cmake.elf.dir/Drivers/STM32F1xx_HAL_Driver/Src/stm32f1xx_hal_gpio.c.obj
LOAD CMakeFiles/test02-mouse-cmake.elf.dir/Drivers/STM32F1xx_HAL_Driver/Src/stm32f1xx_hal_gpio_ex.c.obj
LOAD CMakeFiles/test02-mouse-cmake.elf.dir/Drivers/STM32F1xx_HAL_Driver/Src/stm32f1xx_hal_pcd.c.obj
LOAD CMakeFiles/test02-mouse-cmake.elf.dir/Drivers/STM32F1xx_HAL_Driver/Src/stm32f1xx_hal_pcd_ex.c.obj
LOAD CMakeFiles/test02-mouse-cmake.elf.dir/Drivers/STM32F1xx_HAL_Driver/Src/stm32f1xx_hal_pwr.c.obj
LOAD CMakeFiles/test02-mouse-cmake.elf.dir/Drivers/STM32F1xx_HAL_Driver/Src/stm32f1xx_hal_rcc.c.obj
LOAD CMakeFiles/test02-mouse-cmake.elf.dir/Drivers/STM32F1xx_HAL_Driver/Src/stm32f1xx_hal_rcc_ex.c.obj
LOAD CMakeFiles/test02-mouse-cmake.elf.dir/Drivers/STM32F1xx_HAL_Driver/Src/stm32f1xx_hal_tim.c.obj
LOAD CMakeFiles/test02-mouse-cmake.elf.dir/Drivers/STM32F1xx_HAL_Driver/Src/stm32f1xx_hal_tim_ex.c.obj
LOAD CMakeFiles/test02-mouse-cmake.elf.dir/Drivers/STM32F1xx_HAL_Driver/Src/stm32f1xx_hal_uart.c.obj
LOAD CMakeFiles/test02-mouse-cmake.elf.dir/Drivers/STM32F1xx_HAL_Driver/Src/stm32f1xx_ll_usb.c.obj
LOAD CMakeFiles/test02-mouse-cmake.elf.dir/Middlewares/ST/STM32_USB_Device_Library/Class/HID/Src/usbd_hid.c.obj
LOAD CMakeFiles/test02-mouse-cmake.elf.dir/Middlewares/ST/STM32_USB_Device_Library/Core/Src/usbd_core.c.obj
LOAD CMakeFiles/test02-mouse-cmake.elf.dir/Middlewares/ST/STM32_USB_Device_Library/Core/Src/usbd_ctlreq.c.obj
LOAD CMakeFiles/test02-mouse-cmake.elf.dir/Middlewares/ST/STM32_USB_Device_Library/Core/Src/usbd_ioreq.c.obj
LOAD CMakeFiles/test02-mouse-cmake.elf.dir/USB_DEVICE/App/usb_device.c.obj
LOAD CMakeFiles/test02-mouse-cmake.elf.dir/USB_DEVICE/App/usbd_desc.c.obj
LOAD CMakeFiles/test02-mouse-cmake.elf.dir/USB_DEVICE/Target/usbd_conf.c.obj
START GROUP
LOAD c:/progra~2/gnuarm~1/102020~1/bin/../lib/gcc/arm-none-eabi/10.2.1/thumb/v7-m/nofp\libgcc.a
LOAD c:/progra~2/gnuarm~1/102020~1/bin/../lib/gcc/arm-none-eabi/10.2.1/../../../../arm-none-eabi/lib/thumb/v7-m/nofp\libg.a
LOAD c:/progra~2/gnuarm~1/102020~1/bin/../lib/gcc/arm-none-eabi/10.2.1/../../../../arm-none-eabi/lib/thumb/v7-m/nofp\libc.a
END GROUP
LOAD c:/progra~2/gnuarm~1/102020~1/bin/../lib/gcc/arm-none-eabi/10.2.1/thumb/v7-m/nofp/crtend.o
LOAD c:/progra~2/gnuarm~1/102020~1/bin/../lib/gcc/arm-none-eabi/10.2.1/thumb/v7-m/nofp/crtn.o
                0x20010000                _estack = (ORIGIN (RAM) + LENGTH (RAM))
                0x00000400                _Min_Heap_Size = 0x400
                0x00000400                _Min_Stack_Size = 0x400

.isr_vector     0x08000000      0x1e4
                0x08000000                . = ALIGN (0x4)
 *(.isr_vector)
 .isr_vector    0x08000000      0x1e4 CMakeFiles/test02-mouse-cmake.elf.dir/Core/Startup/startup_stm32f103zetx.s.obj
                0x08000000                g_pfnVectors
                0x080001e4                . = ALIGN (0x4)

.text           0x080001e4     0x4c3c
                0x080001e4                . = ALIGN (0x4)
 *(.text)
 .text          0x080001e4       0x40 c:/progra~2/gnuarm~1/102020~1/bin/../lib/gcc/arm-none-eabi/10.2.1/thumb/v7-m/nofp/crtbegin.o
 *(.text*)
 .text.MX_DMA_Init
                0x08000224       0x44 CMakeFiles/test02-mouse-cmake.elf.dir/Core/Src/dma.c.obj
                0x08000224                MX_DMA_Init
 .text.MX_GPIO_Init
                0x08000268      0x104 CMakeFiles/test02-mouse-cmake.elf.dir/Core/Src/gpio.c.obj
                0x08000268                MX_GPIO_Init
 .text.HAL_GPIO_EXTI_Callback
                0x0800036c       0x38 CMakeFiles/test02-mouse-cmake.elf.dir/Core/Src/gpio.c.obj
                0x0800036c                HAL_GPIO_EXTI_Callback
 .text.Error_Handler
                0x080003a4        0x4 CMakeFiles/test02-mouse-cmake.elf.dir/Core/Src/main.c.obj
                0x080003a4                Error_Handler
 .text.SystemClock_Config
                0x080003a8       0x90 CMakeFiles/test02-mouse-cmake.elf.dir/Core/Src/main.c.obj
                0x080003a8                SystemClock_Config
 .text.main     0x08000438       0x60 CMakeFiles/test02-mouse-cmake.elf.dir/Core/Src/main.c.obj
                0x08000438                main
 .text.HAL_MspInit
                0x08000498       0x44 CMakeFiles/test02-mouse-cmake.elf.dir/Core/Src/stm32f1xx_hal_msp.c.obj
                0x08000498                HAL_MspInit
 .text.NMI_Handler
                0x080004dc        0x2 CMakeFiles/test02-mouse-cmake.elf.dir/Core/Src/stm32f1xx_it.c.obj
                0x080004dc                NMI_Handler
 .text.HardFault_Handler
                0x080004de        0x2 CMakeFiles/test02-mouse-cmake.elf.dir/Core/Src/stm32f1xx_it.c.obj
                0x080004de                HardFault_Handler
 .text.MemManage_Handler
                0x080004e0        0x2 CMakeFiles/test02-mouse-cmake.elf.dir/Core/Src/stm32f1xx_it.c.obj
                0x080004e0                MemManage_Handler
 .text.BusFault_Handler
                0x080004e2        0x2 CMakeFiles/test02-mouse-cmake.elf.dir/Core/Src/stm32f1xx_it.c.obj
                0x080004e2                BusFault_Handler
 .text.UsageFault_Handler
                0x080004e4        0x2 CMakeFiles/test02-mouse-cmake.elf.dir/Core/Src/stm32f1xx_it.c.obj
                0x080004e4                UsageFault_Handler
 .text.SVC_Handler
                0x080004e6        0x2 CMakeFiles/test02-mouse-cmake.elf.dir/Core/Src/stm32f1xx_it.c.obj
                0x080004e6                SVC_Handler
 .text.DebugMon_Handler
                0x080004e8        0x2 CMakeFiles/test02-mouse-cmake.elf.dir/Core/Src/stm32f1xx_it.c.obj
                0x080004e8                DebugMon_Handler
 .text.PendSV_Handler
                0x080004ea        0x2 CMakeFiles/test02-mouse-cmake.elf.dir/Core/Src/stm32f1xx_it.c.obj
                0x080004ea                PendSV_Handler
 .text.SysTick_Handler
                0x080004ec        0x8 CMakeFiles/test02-mouse-cmake.elf.dir/Core/Src/stm32f1xx_it.c.obj
                0x080004ec                SysTick_Handler
 .text.EXTI0_IRQHandler
                0x080004f4       0x18 CMakeFiles/test02-mouse-cmake.elf.dir/Core/Src/stm32f1xx_it.c.obj
                0x080004f4                EXTI0_IRQHandler
 .text.EXTI4_IRQHandler
                0x0800050c       0x18 CMakeFiles/test02-mouse-cmake.elf.dir/Core/Src/stm32f1xx_it.c.obj
                0x0800050c                EXTI4_IRQHandler
 .text.DMA1_Channel4_IRQHandler
                0x08000524       0x10 CMakeFiles/test02-mouse-cmake.elf.dir/Core/Src/stm32f1xx_it.c.obj
                0x08000524                DMA1_Channel4_IRQHandler
 .text.DMA1_Channel5_IRQHandler
                0x08000534       0x10 CMakeFiles/test02-mouse-cmake.elf.dir/Core/Src/stm32f1xx_it.c.obj
                0x08000534                DMA1_Channel5_IRQHandler
 .text.USB_LP_CAN1_RX0_IRQHandler
                0x08000544       0x10 CMakeFiles/test02-mouse-cmake.elf.dir/Core/Src/stm32f1xx_it.c.obj
                0x08000544                USB_LP_CAN1_RX0_IRQHandler
 .text.USART1_IRQHandler
                0x08000554       0x10 CMakeFiles/test02-mouse-cmake.elf.dir/Core/Src/stm32f1xx_it.c.obj
                0x08000554                USART1_IRQHandler
 .text.SystemInit
                0x08000564        0x2 CMakeFiles/test02-mouse-cmake.elf.dir/Core/Src/system_stm32f1xx.c.obj
                0x08000564                SystemInit
 *fill*         0x08000566        0x2 
 .text.MX_USART1_UART_Init
                0x08000568       0x34 CMakeFiles/test02-mouse-cmake.elf.dir/Core/Src/usart.c.obj
                0x08000568                MX_USART1_UART_Init
 .text.HAL_UART_MspInit
                0x0800059c       0xf0 CMakeFiles/test02-mouse-cmake.elf.dir/Core/Src/usart.c.obj
                0x0800059c                HAL_UART_MspInit
 .text.Reset_Handler
                0x0800068c       0x48 CMakeFiles/test02-mouse-cmake.elf.dir/Core/Startup/startup_stm32f103zetx.s.obj
                0x0800068c                Reset_Handler
 .text.Default_Handler
                0x080006d4        0x2 CMakeFiles/test02-mouse-cmake.elf.dir/Core/Startup/startup_stm32f103zetx.s.obj
                0x080006d4                RTC_Alarm_IRQHandler
                0x080006d4                EXTI2_IRQHandler
                0x080006d4                TIM8_TRG_COM_IRQHandler
                0x080006d4                TIM8_CC_IRQHandler
                0x080006d4                TIM1_CC_IRQHandler
                0x080006d4                TIM6_IRQHandler
                0x080006d4                PVD_IRQHandler
                0x080006d4                SDIO_IRQHandler
                0x080006d4                EXTI3_IRQHandler
                0x080006d4                I2C2_EV_IRQHandler
                0x080006d4                ADC1_2_IRQHandler
                0x080006d4                SPI1_IRQHandler
                0x080006d4                TAMPER_IRQHandler
                0x080006d4                TIM8_UP_IRQHandler
                0x080006d4                DMA2_Channel2_IRQHandler
                0x080006d4                USART3_IRQHandler
                0x080006d4                RTC_IRQHandler
                0x080006d4                DMA1_Channel7_IRQHandler
                0x080006d4                CAN1_RX1_IRQHandler
                0x080006d4                UART5_IRQHandler
                0x080006d4                ADC3_IRQHandler
                0x080006d4                TIM4_IRQHandler
                0x080006d4                DMA2_Channel1_IRQHandler
                0x080006d4                I2C1_EV_IRQHandler
                0x080006d4                DMA1_Channel6_IRQHandler
                0x080006d4                UART4_IRQHandler
                0x080006d4                TIM3_IRQHandler
                0x080006d4                RCC_IRQHandler
                0x080006d4                TIM1_TRG_COM_IRQHandler
                0x080006d4                DMA1_Channel1_IRQHandler
                0x080006d4                Default_Handler
                0x080006d4                EXTI15_10_IRQHandler
                0x080006d4                TIM7_IRQHandler
                0x080006d4                TIM5_IRQHandler
                0x080006d4                EXTI9_5_IRQHandler
                0x080006d4                SPI2_IRQHandler
                0x080006d4                USB_HP_CAN1_TX_IRQHandler
                0x080006d4                DMA1_Channel3_IRQHandler
                0x080006d4                FSMC_IRQHandler
                0x080006d4                TIM1_UP_IRQHandler
                0x080006d4                WWDG_IRQHandler
                0x080006d4                TIM2_IRQHandler
                0x080006d4                TIM1_BRK_IRQHandler
                0x080006d4                EXTI1_IRQHandler
                0x080006d4                DMA2_Channel4_5_IRQHandler
                0x080006d4                USART2_IRQHandler
                0x080006d4                I2C2_ER_IRQHandler
                0x080006d4                DMA1_Channel2_IRQHandler
                0x080006d4                TIM8_BRK_IRQHandler
                0x080006d4                CAN1_SCE_IRQHandler
                0x080006d4                FLASH_IRQHandler
                0x080006d4                SPI3_IRQHandler
                0x080006d4                I2C1_ER_IRQHandler
                0x080006d4                USBWakeUp_IRQHandler
                0x080006d4                DMA2_Channel3_IRQHandler
 *fill*         0x080006d6        0x2 
 .text.HAL_InitTick
                0x080006d8       0x4c CMakeFiles/test02-mouse-cmake.elf.dir/Drivers/STM32F1xx_HAL_Driver/Src/stm32f1xx_hal.c.obj
                0x080006d8                HAL_InitTick
 .text.HAL_Init
                0x08000724       0x24 CMakeFiles/test02-mouse-cmake.elf.dir/Drivers/STM32F1xx_HAL_Driver/Src/stm32f1xx_hal.c.obj
                0x08000724                HAL_Init
 .text.HAL_IncTick
                0x08000748       0x18 CMakeFiles/test02-mouse-cmake.elf.dir/Drivers/STM32F1xx_HAL_Driver/Src/stm32f1xx_hal.c.obj
                0x08000748                HAL_IncTick
 .text.HAL_GetTick
                0x08000760        0xc CMakeFiles/test02-mouse-cmake.elf.dir/Drivers/STM32F1xx_HAL_Driver/Src/stm32f1xx_hal.c.obj
                0x08000760                HAL_GetTick
 .text.HAL_Delay
                0x0800076c       0x28 CMakeFiles/test02-mouse-cmake.elf.dir/Drivers/STM32F1xx_HAL_Driver/Src/stm32f1xx_hal.c.obj
                0x0800076c                HAL_Delay
 .text.HAL_NVIC_SetPriorityGrouping
                0x08000794       0x24 CMakeFiles/test02-mouse-cmake.elf.dir/Drivers/STM32F1xx_HAL_Driver/Src/stm32f1xx_hal_cortex.c.obj
                0x08000794                HAL_NVIC_SetPriorityGrouping
 .text.HAL_NVIC_SetPriority
                0x080007b8       0x70 CMakeFiles/test02-mouse-cmake.elf.dir/Drivers/STM32F1xx_HAL_Driver/Src/stm32f1xx_hal_cortex.c.obj
                0x080007b8                HAL_NVIC_SetPriority
 .text.HAL_NVIC_EnableIRQ
                0x08000828       0x1c CMakeFiles/test02-mouse-cmake.elf.dir/Drivers/STM32F1xx_HAL_Driver/Src/stm32f1xx_hal_cortex.c.obj
                0x08000828                HAL_NVIC_EnableIRQ
 .text.HAL_SYSTICK_Config
                0x08000844       0x28 CMakeFiles/test02-mouse-cmake.elf.dir/Drivers/STM32F1xx_HAL_Driver/Src/stm32f1xx_hal_cortex.c.obj
                0x08000844                HAL_SYSTICK_Config
 .text.DMA_SetConfig
                0x0800086c       0x2c CMakeFiles/test02-mouse-cmake.elf.dir/Drivers/STM32F1xx_HAL_Driver/Src/stm32f1xx_hal_dma.c.obj
 .text.HAL_DMA_Init
                0x08000898       0x98 CMakeFiles/test02-mouse-cmake.elf.dir/Drivers/STM32F1xx_HAL_Driver/Src/stm32f1xx_hal_dma.c.obj
                0x08000898                HAL_DMA_Init
 .text.HAL_DMA_Start_IT
                0x08000930       0x74 CMakeFiles/test02-mouse-cmake.elf.dir/Drivers/STM32F1xx_HAL_Driver/Src/stm32f1xx_hal_dma.c.obj
                0x08000930                HAL_DMA_Start_IT
 .text.HAL_DMA_Abort
                0x080009a4       0x44 CMakeFiles/test02-mouse-cmake.elf.dir/Drivers/STM32F1xx_HAL_Driver/Src/stm32f1xx_hal_dma.c.obj
                0x080009a4                HAL_DMA_Abort
 .text.HAL_DMA_Abort_IT
                0x080009e8      0x168 CMakeFiles/test02-mouse-cmake.elf.dir/Drivers/STM32F1xx_HAL_Driver/Src/stm32f1xx_hal_dma.c.obj
                0x080009e8                HAL_DMA_Abort_IT
 .text.HAL_DMA_IRQHandler
                0x08000b50      0x2ec CMakeFiles/test02-mouse-cmake.elf.dir/Drivers/STM32F1xx_HAL_Driver/Src/stm32f1xx_hal_dma.c.obj
                0x08000b50                HAL_DMA_IRQHandler
 .text.HAL_GPIO_Init
                0x08000e3c      0x240 CMakeFiles/test02-mouse-cmake.elf.dir/Drivers/STM32F1xx_HAL_Driver/Src/stm32f1xx_hal_gpio.c.obj
                0x08000e3c                HAL_GPIO_Init
 .text.HAL_GPIO_WritePin
                0x0800107c        0xc CMakeFiles/test02-mouse-cmake.elf.dir/Drivers/STM32F1xx_HAL_Driver/Src/stm32f1xx_hal_gpio.c.obj
                0x0800107c                HAL_GPIO_WritePin
 .text.HAL_GPIO_TogglePin
                0x08001088       0x12 CMakeFiles/test02-mouse-cmake.elf.dir/Drivers/STM32F1xx_HAL_Driver/Src/stm32f1xx_hal_gpio.c.obj
                0x08001088                HAL_GPIO_TogglePin
 *fill*         0x0800109a        0x2 
 .text.HAL_GPIO_EXTI_IRQHandler
                0x0800109c       0x1c CMakeFiles/test02-mouse-cmake.elf.dir/Drivers/STM32F1xx_HAL_Driver/Src/stm32f1xx_hal_gpio.c.obj
                0x0800109c                HAL_GPIO_EXTI_IRQHandler
 .text.HAL_PCD_EP_DB_Receive
                0x080010b8      0x11c CMakeFiles/test02-mouse-cmake.elf.dir/Drivers/STM32F1xx_HAL_Driver/Src/stm32f1xx_hal_pcd.c.obj
 .text.HAL_PCD_Init
                0x080011d4      0x118 CMakeFiles/test02-mouse-cmake.elf.dir/Drivers/STM32F1xx_HAL_Driver/Src/stm32f1xx_hal_pcd.c.obj
                0x080011d4                HAL_PCD_Init
 .text.HAL_PCD_Start
                0x080012ec       0x32 CMakeFiles/test02-mouse-cmake.elf.dir/Drivers/STM32F1xx_HAL_Driver/Src/stm32f1xx_hal_pcd.c.obj
                0x080012ec                HAL_PCD_Start
 .text.HAL_PCD_EP_DB_Transmit
                0x0800131e      0x420 CMakeFiles/test02-mouse-cmake.elf.dir/Drivers/STM32F1xx_HAL_Driver/Src/stm32f1xx_hal_pcd.c.obj
 .text.PCD_EP_ISR_Handler
                0x0800173e      0x438 CMakeFiles/test02-mouse-cmake.elf.dir/Drivers/STM32F1xx_HAL_Driver/Src/stm32f1xx_hal_pcd.c.obj
 .text.HAL_PCD_SetAddress
                0x08001b76       0x28 CMakeFiles/test02-mouse-cmake.elf.dir/Drivers/STM32F1xx_HAL_Driver/Src/stm32f1xx_hal_pcd.c.obj
                0x08001b76                HAL_PCD_SetAddress
 .text.HAL_PCD_IRQHandler
                0x08001b9e      0x1d4 CMakeFiles/test02-mouse-cmake.elf.dir/Drivers/STM32F1xx_HAL_Driver/Src/stm32f1xx_hal_pcd.c.obj
                0x08001b9e                HAL_PCD_IRQHandler
 .text.HAL_PCD_EP_Open
                0x08001d72       0x84 CMakeFiles/test02-mouse-cmake.elf.dir/Drivers/STM32F1xx_HAL_Driver/Src/stm32f1xx_hal_pcd.c.obj
                0x08001d72                HAL_PCD_EP_Open
 .text.HAL_PCD_EP_Close
                0x08001df6       0x64 CMakeFiles/test02-mouse-cmake.elf.dir/Drivers/STM32F1xx_HAL_Driver/Src/stm32f1xx_hal_pcd.c.obj
                0x08001df6                HAL_PCD_EP_Close
 .text.HAL_PCD_EP_Receive
                0x08001e5a       0x44 CMakeFiles/test02-mouse-cmake.elf.dir/Drivers/STM32F1xx_HAL_Driver/Src/stm32f1xx_hal_pcd.c.obj
                0x08001e5a                HAL_PCD_EP_Receive
 .text.HAL_PCD_EP_Transmit
                0x08001e9e       0x50 CMakeFiles/test02-mouse-cmake.elf.dir/Drivers/STM32F1xx_HAL_Driver/Src/stm32f1xx_hal_pcd.c.obj
                0x08001e9e                HAL_PCD_EP_Transmit
 .text.HAL_PCD_EP_SetStall
                0x08001eee       0x78 CMakeFiles/test02-mouse-cmake.elf.dir/Drivers/STM32F1xx_HAL_Driver/Src/stm32f1xx_hal_pcd.c.obj
                0x08001eee                HAL_PCD_EP_SetStall
 .text.HAL_PCD_EP_ClrStall
                0x08001f66       0x76 CMakeFiles/test02-mouse-cmake.elf.dir/Drivers/STM32F1xx_HAL_Driver/Src/stm32f1xx_hal_pcd.c.obj
                0x08001f66                HAL_PCD_EP_ClrStall
 .text.HAL_PCDEx_PMAConfig
                0x08001fdc       0x38 CMakeFiles/test02-mouse-cmake.elf.dir/Drivers/STM32F1xx_HAL_Driver/Src/stm32f1xx_hal_pcd_ex.c.obj
                0x08001fdc                HAL_PCDEx_PMAConfig
 .text.RCC_Delay
                0x08002014       0x2c CMakeFiles/test02-mouse-cmake.elf.dir/Drivers/STM32F1xx_HAL_Driver/Src/stm32f1xx_hal_rcc.c.obj
 .text.HAL_RCC_OscConfig
                0x08002040      0x410 CMakeFiles/test02-mouse-cmake.elf.dir/Drivers/STM32F1xx_HAL_Driver/Src/stm32f1xx_hal_rcc.c.obj
                0x08002040                HAL_RCC_OscConfig
 .text.HAL_RCC_MCOConfig
                0x08002450       0x50 CMakeFiles/test02-mouse-cmake.elf.dir/Drivers/STM32F1xx_HAL_Driver/Src/stm32f1xx_hal_rcc.c.obj
                0x08002450                HAL_RCC_MCOConfig
 .text.HAL_RCC_GetSysClockFreq
                0x080024a0       0x6c CMakeFiles/test02-mouse-cmake.elf.dir/Drivers/STM32F1xx_HAL_Driver/Src/stm32f1xx_hal_rcc.c.obj
                0x080024a0                HAL_RCC_GetSysClockFreq
 .text.HAL_RCC_ClockConfig
                0x0800250c      0x16c CMakeFiles/test02-mouse-cmake.elf.dir/Drivers/STM32F1xx_HAL_Driver/Src/stm32f1xx_hal_rcc.c.obj
                0x0800250c                HAL_RCC_ClockConfig
 .text.HAL_RCC_GetHCLKFreq
                0x08002678        0xc CMakeFiles/test02-mouse-cmake.elf.dir/Drivers/STM32F1xx_HAL_Driver/Src/stm32f1xx_hal_rcc.c.obj
                0x08002678                HAL_RCC_GetHCLKFreq
 .text.HAL_RCC_GetPCLK1Freq
                0x08002684       0x20 CMakeFiles/test02-mouse-cmake.elf.dir/Drivers/STM32F1xx_HAL_Driver/Src/stm32f1xx_hal_rcc.c.obj
                0x08002684                HAL_RCC_GetPCLK1Freq
 .text.HAL_RCC_GetPCLK2Freq
                0x080026a4       0x20 CMakeFiles/test02-mouse-cmake.elf.dir/Drivers/STM32F1xx_HAL_Driver/Src/stm32f1xx_hal_rcc.c.obj
                0x080026a4                HAL_RCC_GetPCLK2Freq
 .text.HAL_RCCEx_PeriphCLKConfig
                0x080026c4      0x118 CMakeFiles/test02-mouse-cmake.elf.dir/Drivers/STM32F1xx_HAL_Driver/Src/stm32f1xx_hal_rcc_ex.c.obj
                0x080026c4                HAL_RCCEx_PeriphCLKConfig
 .text.UART_EndTxTransfer
                0x080027dc       0x12 CMakeFiles/test02-mouse-cmake.elf.dir/Drivers/STM32F1xx_HAL_Driver/Src/stm32f1xx_hal_uart.c.obj
 .text.UART_EndRxTransfer
                0x080027ee       0x32 CMakeFiles/test02-mouse-cmake.elf.dir/Drivers/STM32F1xx_HAL_Driver/Src/stm32f1xx_hal_uart.c.obj
 .text.UART_Transmit_IT
                0x08002820       0x60 CMakeFiles/test02-mouse-cmake.elf.dir/Drivers/STM32F1xx_HAL_Driver/Src/stm32f1xx_hal_uart.c.obj
 .text.UART_SetConfig
                0x08002880       0x94 CMakeFiles/test02-mouse-cmake.elf.dir/Drivers/STM32F1xx_HAL_Driver/Src/stm32f1xx_hal_uart.c.obj
 .text.HAL_UART_Init
                0x08002914       0x5e CMakeFiles/test02-mouse-cmake.elf.dir/Drivers/STM32F1xx_HAL_Driver/Src/stm32f1xx_hal_uart.c.obj
                0x08002914                HAL_UART_Init
 *fill*         0x08002972        0x2 
 .text.HAL_UART_Transmit_DMA
                0x08002974       0x8c CMakeFiles/test02-mouse-cmake.elf.dir/Drivers/STM32F1xx_HAL_Driver/Src/stm32f1xx_hal_uart.c.obj
                0x08002974                HAL_UART_Transmit_DMA
 .text.HAL_UART_TxCpltCallback
                0x08002a00        0x2 CMakeFiles/test02-mouse-cmake.elf.dir/Drivers/STM32F1xx_HAL_Driver/Src/stm32f1xx_hal_uart.c.obj
                0x08002a00                HAL_UART_TxCpltCallback
 .text.UART_DMATransmitCplt
                0x08002a02       0x30 CMakeFiles/test02-mouse-cmake.elf.dir/Drivers/STM32F1xx_HAL_Driver/Src/stm32f1xx_hal_uart.c.obj
 .text.UART_EndTransmit_IT
                0x08002a32       0x1a CMakeFiles/test02-mouse-cmake.elf.dir/Drivers/STM32F1xx_HAL_Driver/Src/stm32f1xx_hal_uart.c.obj
 .text.HAL_UART_TxHalfCpltCallback
                0x08002a4c        0x2 CMakeFiles/test02-mouse-cmake.elf.dir/Drivers/STM32F1xx_HAL_Driver/Src/stm32f1xx_hal_uart.c.obj
                0x08002a4c                HAL_UART_TxHalfCpltCallback
 .text.UART_DMATxHalfCplt
                0x08002a4e        0xa CMakeFiles/test02-mouse-cmake.elf.dir/Drivers/STM32F1xx_HAL_Driver/Src/stm32f1xx_hal_uart.c.obj
 .text.HAL_UART_RxCpltCallback
                0x08002a58        0x2 CMakeFiles/test02-mouse-cmake.elf.dir/Drivers/STM32F1xx_HAL_Driver/Src/stm32f1xx_hal_uart.c.obj
                0x08002a58                HAL_UART_RxCpltCallback
 .text.HAL_UART_ErrorCallback
                0x08002a5a        0x2 CMakeFiles/test02-mouse-cmake.elf.dir/Drivers/STM32F1xx_HAL_Driver/Src/stm32f1xx_hal_uart.c.obj
                0x08002a5a                HAL_UART_ErrorCallback
 .text.UART_DMAError
                0x08002a5c       0x58 CMakeFiles/test02-mouse-cmake.elf.dir/Drivers/STM32F1xx_HAL_Driver/Src/stm32f1xx_hal_uart.c.obj
 .text.UART_DMAAbortOnError
                0x08002ab4       0x10 CMakeFiles/test02-mouse-cmake.elf.dir/Drivers/STM32F1xx_HAL_Driver/Src/stm32f1xx_hal_uart.c.obj
 .text.HAL_UARTEx_RxEventCallback
                0x08002ac4        0x2 CMakeFiles/test02-mouse-cmake.elf.dir/Drivers/STM32F1xx_HAL_Driver/Src/stm32f1xx_hal_uart.c.obj
                0x08002ac4                HAL_UARTEx_RxEventCallback
 .text.UART_Receive_IT
                0x08002ac6       0xd4 CMakeFiles/test02-mouse-cmake.elf.dir/Drivers/STM32F1xx_HAL_Driver/Src/stm32f1xx_hal_uart.c.obj
 *fill*         0x08002b9a        0x2 
 .text.HAL_UART_IRQHandler
                0x08002b9c      0x204 CMakeFiles/test02-mouse-cmake.elf.dir/Drivers/STM32F1xx_HAL_Driver/Src/stm32f1xx_hal_uart.c.obj
                0x08002b9c                HAL_UART_IRQHandler
 .text.USB_CoreInit
                0x08002da0        0xe CMakeFiles/test02-mouse-cmake.elf.dir/Drivers/STM32F1xx_HAL_Driver/Src/stm32f1xx_ll_usb.c.obj
                0x08002da0                USB_CoreInit
 .text.USB_EnableGlobalInt
                0x08002dae       0x12 CMakeFiles/test02-mouse-cmake.elf.dir/Drivers/STM32F1xx_HAL_Driver/Src/stm32f1xx_ll_usb.c.obj
                0x08002dae                USB_EnableGlobalInt
 .text.USB_DisableGlobalInt
                0x08002dc0       0x14 CMakeFiles/test02-mouse-cmake.elf.dir/Drivers/STM32F1xx_HAL_Driver/Src/stm32f1xx_ll_usb.c.obj
                0x08002dc0                USB_DisableGlobalInt
 .text.USB_SetCurrentMode
                0x08002dd4        0x4 CMakeFiles/test02-mouse-cmake.elf.dir/Drivers/STM32F1xx_HAL_Driver/Src/stm32f1xx_ll_usb.c.obj
                0x08002dd4                USB_SetCurrentMode
 .text.USB_DevInit
                0x08002dd8       0x22 CMakeFiles/test02-mouse-cmake.elf.dir/Drivers/STM32F1xx_HAL_Driver/Src/stm32f1xx_ll_usb.c.obj
                0x08002dd8                USB_DevInit
 .text.USB_ActivateEndpoint
                0x08002dfa      0x378 CMakeFiles/test02-mouse-cmake.elf.dir/Drivers/STM32F1xx_HAL_Driver/Src/stm32f1xx_ll_usb.c.obj
                0x08002dfa                USB_ActivateEndpoint
 .text.USB_DeactivateEndpoint
                0x08003172      0x1d6 CMakeFiles/test02-mouse-cmake.elf.dir/Drivers/STM32F1xx_HAL_Driver/Src/stm32f1xx_ll_usb.c.obj
                0x08003172                USB_DeactivateEndpoint
 .text.USB_EPSetStall
                0x08003348       0x4a CMakeFiles/test02-mouse-cmake.elf.dir/Drivers/STM32F1xx_HAL_Driver/Src/stm32f1xx_ll_usb.c.obj
                0x08003348                USB_EPSetStall
 .text.USB_EPClearStall
                0x08003392       0xa2 CMakeFiles/test02-mouse-cmake.elf.dir/Drivers/STM32F1xx_HAL_Driver/Src/stm32f1xx_ll_usb.c.obj
                0x08003392                USB_EPClearStall
 .text.USB_SetDevAddress
                0x08003434        0xc CMakeFiles/test02-mouse-cmake.elf.dir/Drivers/STM32F1xx_HAL_Driver/Src/stm32f1xx_ll_usb.c.obj
                0x08003434                USB_SetDevAddress
 .text.USB_DevConnect
                0x08003440        0x4 CMakeFiles/test02-mouse-cmake.elf.dir/Drivers/STM32F1xx_HAL_Driver/Src/stm32f1xx_ll_usb.c.obj
                0x08003440                USB_DevConnect
 .text.USB_DevDisconnect
                0x08003444        0x4 CMakeFiles/test02-mouse-cmake.elf.dir/Drivers/STM32F1xx_HAL_Driver/Src/stm32f1xx_ll_usb.c.obj
                0x08003444                USB_DevDisconnect
 .text.USB_ReadInterrupts
                0x08003448        0x8 CMakeFiles/test02-mouse-cmake.elf.dir/Drivers/STM32F1xx_HAL_Driver/Src/stm32f1xx_ll_usb.c.obj
                0x08003448                USB_ReadInterrupts
 .text.USB_EP0_OutStart
                0x08003450        0x4 CMakeFiles/test02-mouse-cmake.elf.dir/Drivers/STM32F1xx_HAL_Driver/Src/stm32f1xx_ll_usb.c.obj
                0x08003450                USB_EP0_OutStart
 .text.USB_WritePMA
                0x08003454       0x28 CMakeFiles/test02-mouse-cmake.elf.dir/Drivers/STM32F1xx_HAL_Driver/Src/stm32f1xx_ll_usb.c.obj
                0x08003454                USB_WritePMA
 .text.USB_EPStartXfer
                0x0800347c      0x8b2 CMakeFiles/test02-mouse-cmake.elf.dir/Drivers/STM32F1xx_HAL_Driver/Src/stm32f1xx_ll_usb.c.obj
                0x0800347c                USB_EPStartXfer
 .text.USB_ReadPMA
                0x08003d2e       0x30 CMakeFiles/test02-mouse-cmake.elf.dir/Drivers/STM32F1xx_HAL_Driver/Src/stm32f1xx_ll_usb.c.obj
                0x08003d2e                USB_ReadPMA
 *fill*         0x08003d5e        0x2 
 .text.USBD_HID_GetFSCfgDesc
                0x08003d60        0xc CMakeFiles/test02-mouse-cmake.elf.dir/Middlewares/ST/STM32_USB_Device_Library/Class/HID/Src/usbd_hid.c.obj
 .text.USBD_HID_GetHSCfgDesc
                0x08003d6c        0xc CMakeFiles/test02-mouse-cmake.elf.dir/Middlewares/ST/STM32_USB_Device_Library/Class/HID/Src/usbd_hid.c.obj
 .text.USBD_HID_GetOtherSpeedCfgDesc
                0x08003d78        0xc CMakeFiles/test02-mouse-cmake.elf.dir/Middlewares/ST/STM32_USB_Device_Library/Class/HID/Src/usbd_hid.c.obj
 .text.USBD_HID_DataIn
                0x08003d84        0xa CMakeFiles/test02-mouse-cmake.elf.dir/Middlewares/ST/STM32_USB_Device_Library/Class/HID/Src/usbd_hid.c.obj
 *fill*         0x08003d8e        0x2 
 .text.USBD_HID_GetDeviceQualifierDesc
                0x08003d90        0xc CMakeFiles/test02-mouse-cmake.elf.dir/Middlewares/ST/STM32_USB_Device_Library/Class/HID/Src/usbd_hid.c.obj
 .text.USBD_HID_Setup
                0x08003d9c      0x114 CMakeFiles/test02-mouse-cmake.elf.dir/Middlewares/ST/STM32_USB_Device_Library/Class/HID/Src/usbd_hid.c.obj
 .text.USBD_HID_DeInit
                0x08003eb0       0x22 CMakeFiles/test02-mouse-cmake.elf.dir/Middlewares/ST/STM32_USB_Device_Library/Class/HID/Src/usbd_hid.c.obj
 .text.USBD_HID_Init
                0x08003ed2       0x2a CMakeFiles/test02-mouse-cmake.elf.dir/Middlewares/ST/STM32_USB_Device_Library/Class/HID/Src/usbd_hid.c.obj
 .text.USBD_HID_SendReport
                0x08003efc       0x28 CMakeFiles/test02-mouse-cmake.elf.dir/Middlewares/ST/STM32_USB_Device_Library/Class/HID/Src/usbd_hid.c.obj
                0x08003efc                USBD_HID_SendReport
 .text.USBD_Init
                0x08003f24       0x2e CMakeFiles/test02-mouse-cmake.elf.dir/Middlewares/ST/STM32_USB_Device_Library/Core/Src/usbd_core.c.obj
                0x08003f24                USBD_Init
 .text.USBD_RegisterClass
                0x08003f52        0xe CMakeFiles/test02-mouse-cmake.elf.dir/Middlewares/ST/STM32_USB_Device_Library/Core/Src/usbd_core.c.obj
                0x08003f52                USBD_RegisterClass
 .text.USBD_Start
                0x08003f60        0xa CMakeFiles/test02-mouse-cmake.elf.dir/Middlewares/ST/STM32_USB_Device_Library/Core/Src/usbd_core.c.obj
                0x08003f60                USBD_Start
 .text.USBD_SetClassConfig
                0x08003f6a       0x18 CMakeFiles/test02-mouse-cmake.elf.dir/Middlewares/ST/STM32_USB_Device_Library/Core/Src/usbd_core.c.obj
                0x08003f6a                USBD_SetClassConfig
 .text.USBD_ClrClassConfig
                0x08003f82        0xe CMakeFiles/test02-mouse-cmake.elf.dir/Middlewares/ST/STM32_USB_Device_Library/Core/Src/usbd_core.c.obj
                0x08003f82                USBD_ClrClassConfig
 .text.USBD_LL_SetupStage
                0x08003f90       0x5a CMakeFiles/test02-mouse-cmake.elf.dir/Middlewares/ST/STM32_USB_Device_Library/Core/Src/usbd_core.c.obj
                0x08003f90                USBD_LL_SetupStage
 .text.USBD_LL_DataOutStage
                0x08003fea       0x8c CMakeFiles/test02-mouse-cmake.elf.dir/Middlewares/ST/STM32_USB_Device_Library/Core/Src/usbd_core.c.obj
                0x08003fea                USBD_LL_DataOutStage
 .text.USBD_LL_DataInStage
                0x08004076       0xd0 CMakeFiles/test02-mouse-cmake.elf.dir/Middlewares/ST/STM32_USB_Device_Library/Core/Src/usbd_core.c.obj
                0x08004076                USBD_LL_DataInStage
 .text.USBD_LL_Reset
                0x08004146       0x50 CMakeFiles/test02-mouse-cmake.elf.dir/Middlewares/ST/STM32_USB_Device_Library/Core/Src/usbd_core.c.obj
                0x08004146                USBD_LL_Reset
 .text.USBD_LL_SetSpeed
                0x08004196        0x6 CMakeFiles/test02-mouse-cmake.elf.dir/Middlewares/ST/STM32_USB_Device_Library/Core/Src/usbd_core.c.obj
                0x08004196                USBD_LL_SetSpeed
 .text.USBD_LL_Suspend
                0x0800419c       0x12 CMakeFiles/test02-mouse-cmake.elf.dir/Middlewares/ST/STM32_USB_Device_Library/Core/Src/usbd_core.c.obj
                0x0800419c                USBD_LL_Suspend
 .text.USBD_LL_Resume
                0x080041ae       0x16 CMakeFiles/test02-mouse-cmake.elf.dir/Middlewares/ST/STM32_USB_Device_Library/Core/Src/usbd_core.c.obj
                0x080041ae                USBD_LL_Resume
 .text.USBD_LL_SOF
                0x080041c4       0x1c CMakeFiles/test02-mouse-cmake.elf.dir/Middlewares/ST/STM32_USB_Device_Library/Core/Src/usbd_core.c.obj
                0x080041c4                USBD_LL_SOF
 .text.USBD_GetLen
                0x080041e0       0x14 CMakeFiles/test02-mouse-cmake.elf.dir/Middlewares/ST/STM32_USB_Device_Library/Core/Src/usbd_ctlreq.c.obj
 .text.USBD_SetFeature
                0x080041f4       0x14 CMakeFiles/test02-mouse-cmake.elf.dir/Middlewares/ST/STM32_USB_Device_Library/Core/Src/usbd_ctlreq.c.obj
 .text.USBD_ParseSetupRequest
                0x08004208       0x28 CMakeFiles/test02-mouse-cmake.elf.dir/Middlewares/ST/STM32_USB_Device_Library/Core/Src/usbd_ctlreq.c.obj
                0x08004208                USBD_ParseSetupRequest
 .text.USBD_CtlError
                0x08004230       0x14 CMakeFiles/test02-mouse-cmake.elf.dir/Middlewares/ST/STM32_USB_Device_Library/Core/Src/usbd_ctlreq.c.obj
                0x08004230                USBD_CtlError
 .text.USBD_GetDescriptor
                0x08004244      0x186 CMakeFiles/test02-mouse-cmake.elf.dir/Middlewares/ST/STM32_USB_Device_Library/Core/Src/usbd_ctlreq.c.obj
 .text.USBD_SetAddress
                0x080043ca       0x4e CMakeFiles/test02-mouse-cmake.elf.dir/Middlewares/ST/STM32_USB_Device_Library/Core/Src/usbd_ctlreq.c.obj
 .text.USBD_SetConfig
                0x08004418       0xb0 CMakeFiles/test02-mouse-cmake.elf.dir/Middlewares/ST/STM32_USB_Device_Library/Core/Src/usbd_ctlreq.c.obj
 .text.USBD_GetConfig
                0x080044c8       0x3e CMakeFiles/test02-mouse-cmake.elf.dir/Middlewares/ST/STM32_USB_Device_Library/Core/Src/usbd_ctlreq.c.obj
 .text.USBD_GetStatus
                0x08004506       0x38 CMakeFiles/test02-mouse-cmake.elf.dir/Middlewares/ST/STM32_USB_Device_Library/Core/Src/usbd_ctlreq.c.obj
 .text.USBD_ClrFeature
                0x0800453e       0x26 CMakeFiles/test02-mouse-cmake.elf.dir/Middlewares/ST/STM32_USB_Device_Library/Core/Src/usbd_ctlreq.c.obj
 .text.USBD_StdDevReq
                0x08004564       0x68 CMakeFiles/test02-mouse-cmake.elf.dir/Middlewares/ST/STM32_USB_Device_Library/Core/Src/usbd_ctlreq.c.obj
                0x08004564                USBD_StdDevReq
 .text.USBD_StdItfReq
                0x080045cc       0x60 CMakeFiles/test02-mouse-cmake.elf.dir/Middlewares/ST/STM32_USB_Device_Library/Core/Src/usbd_ctlreq.c.obj
                0x080045cc                USBD_StdItfReq
 .text.USBD_StdEPReq
                0x0800462c      0x1e2 CMakeFiles/test02-mouse-cmake.elf.dir/Middlewares/ST/STM32_USB_Device_Library/Core/Src/usbd_ctlreq.c.obj
                0x0800462c                USBD_StdEPReq
 .text.USBD_GetString
                0x0800480e       0x3a CMakeFiles/test02-mouse-cmake.elf.dir/Middlewares/ST/STM32_USB_Device_Library/Core/Src/usbd_ctlreq.c.obj
                0x0800480e                USBD_GetString
 .text.USBD_CtlSendData
                0x08004848       0x1a CMakeFiles/test02-mouse-cmake.elf.dir/Middlewares/ST/STM32_USB_Device_Library/Core/Src/usbd_ioreq.c.obj
                0x08004848                USBD_CtlSendData
 .text.USBD_CtlContinueSendData
                0x08004862       0x10 CMakeFiles/test02-mouse-cmake.elf.dir/Middlewares/ST/STM32_USB_Device_Library/Core/Src/usbd_ioreq.c.obj
                0x08004862                USBD_CtlContinueSendData
 .text.USBD_CtlContinueRx
                0x08004872       0x10 CMakeFiles/test02-mouse-cmake.elf.dir/Middlewares/ST/STM32_USB_Device_Library/Core/Src/usbd_ioreq.c.obj
                0x08004872                USBD_CtlContinueRx
 .text.USBD_CtlSendStatus
                0x08004882       0x16 CMakeFiles/test02-mouse-cmake.elf.dir/Middlewares/ST/STM32_USB_Device_Library/Core/Src/usbd_ioreq.c.obj
                0x08004882                USBD_CtlSendStatus
 .text.USBD_CtlReceiveStatus
                0x08004898       0x16 CMakeFiles/test02-mouse-cmake.elf.dir/Middlewares/ST/STM32_USB_Device_Library/Core/Src/usbd_ioreq.c.obj
                0x08004898                USBD_CtlReceiveStatus
 *fill*         0x080048ae        0x2 
 .text.MX_USB_DEVICE_Init
                0x080048b0       0x40 CMakeFiles/test02-mouse-cmake.elf.dir/USB_DEVICE/App/usb_device.c.obj
                0x080048b0                MX_USB_DEVICE_Init
 .text.USBD_FS_DeviceDescriptor
                0x080048f0        0xc CMakeFiles/test02-mouse-cmake.elf.dir/USB_DEVICE/App/usbd_desc.c.obj
                0x080048f0                USBD_FS_DeviceDescriptor
 .text.USBD_FS_LangIDStrDescriptor
                0x080048fc        0xc CMakeFiles/test02-mouse-cmake.elf.dir/USB_DEVICE/App/usbd_desc.c.obj
                0x080048fc                USBD_FS_LangIDStrDescriptor
 .text.IntToUnicode
                0x08004908       0x46 CMakeFiles/test02-mouse-cmake.elf.dir/USB_DEVICE/App/usbd_desc.c.obj
 *fill*         0x0800494e        0x2 
 .text.Get_SerialNum
                0x08004950       0x38 CMakeFiles/test02-mouse-cmake.elf.dir/USB_DEVICE/App/usbd_desc.c.obj
 .text.USBD_FS_SerialStrDescriptor
                0x08004988       0x14 CMakeFiles/test02-mouse-cmake.elf.dir/USB_DEVICE/App/usbd_desc.c.obj
                0x08004988                USBD_FS_SerialStrDescriptor
 .text.USBD_FS_ProductStrDescriptor
                0x0800499c       0x24 CMakeFiles/test02-mouse-cmake.elf.dir/USB_DEVICE/App/usbd_desc.c.obj
                0x0800499c                USBD_FS_ProductStrDescriptor
 .text.USBD_FS_ManufacturerStrDescriptor
                0x080049c0       0x1c CMakeFiles/test02-mouse-cmake.elf.dir/USB_DEVICE/App/usbd_desc.c.obj
                0x080049c0                USBD_FS_ManufacturerStrDescriptor
 .text.USBD_FS_ConfigStrDescriptor
                0x080049dc       0x24 CMakeFiles/test02-mouse-cmake.elf.dir/USB_DEVICE/App/usbd_desc.c.obj
                0x080049dc                USBD_FS_ConfigStrDescriptor
 .text.USBD_FS_InterfaceStrDescriptor
                0x08004a00       0x24 CMakeFiles/test02-mouse-cmake.elf.dir/USB_DEVICE/App/usbd_desc.c.obj
                0x08004a00                USBD_FS_InterfaceStrDescriptor
 .text.USBD_Get_USB_Status
                0x08004a24       0x14 CMakeFiles/test02-mouse-cmake.elf.dir/USB_DEVICE/Target/usbd_conf.c.obj
 .text.HAL_PCD_MspInit
                0x08004a38       0x40 CMakeFiles/test02-mouse-cmake.elf.dir/USB_DEVICE/Target/usbd_conf.c.obj
                0x08004a38                HAL_PCD_MspInit
 .text.HAL_PCD_SetupStageCallback
                0x08004a78       0x10 CMakeFiles/test02-mouse-cmake.elf.dir/USB_DEVICE/Target/usbd_conf.c.obj
                0x08004a78                HAL_PCD_SetupStageCallback
 .text.HAL_PCD_DataOutStageCallback
                0x08004a88       0x18 CMakeFiles/test02-mouse-cmake.elf.dir/USB_DEVICE/Target/usbd_conf.c.obj
                0x08004a88                HAL_PCD_DataOutStageCallback
 .text.HAL_PCD_DataInStageCallback
                0x08004aa0       0x16 CMakeFiles/test02-mouse-cmake.elf.dir/USB_DEVICE/Target/usbd_conf.c.obj
                0x08004aa0                HAL_PCD_DataInStageCallback
 .text.HAL_PCD_SOFCallback
                0x08004ab6        0xc CMakeFiles/test02-mouse-cmake.elf.dir/USB_DEVICE/Target/usbd_conf.c.obj
                0x08004ab6                HAL_PCD_SOFCallback
 .text.HAL_PCD_ResetCallback
                0x08004ac2       0x24 CMakeFiles/test02-mouse-cmake.elf.dir/USB_DEVICE/Target/usbd_conf.c.obj
                0x08004ac2                HAL_PCD_ResetCallback
 *fill*         0x08004ae6        0x2 
 .text.HAL_PCD_SuspendCallback
                0x08004ae8       0x20 CMakeFiles/test02-mouse-cmake.elf.dir/USB_DEVICE/Target/usbd_conf.c.obj
                0x08004ae8                HAL_PCD_SuspendCallback
 .text.HAL_PCD_ResumeCallback
                0x08004b08        0xc CMakeFiles/test02-mouse-cmake.elf.dir/USB_DEVICE/Target/usbd_conf.c.obj
                0x08004b08                HAL_PCD_ResumeCallback
 .text.USBD_LL_Init
                0x08004b14       0x68 CMakeFiles/test02-mouse-cmake.elf.dir/USB_DEVICE/Target/usbd_conf.c.obj
                0x08004b14                USBD_LL_Init
 .text.USBD_LL_Start
                0x08004b7c       0x10 CMakeFiles/test02-mouse-cmake.elf.dir/USB_DEVICE/Target/usbd_conf.c.obj
                0x08004b7c                USBD_LL_Start
 .text.USBD_LL_OpenEP
                0x08004b8c       0x16 CMakeFiles/test02-mouse-cmake.elf.dir/USB_DEVICE/Target/usbd_conf.c.obj
                0x08004b8c                USBD_LL_OpenEP
 .text.USBD_LL_CloseEP
                0x08004ba2       0x10 CMakeFiles/test02-mouse-cmake.elf.dir/USB_DEVICE/Target/usbd_conf.c.obj
                0x08004ba2                USBD_LL_CloseEP
 .text.USBD_LL_StallEP
                0x08004bb2       0x10 CMakeFiles/test02-mouse-cmake.elf.dir/USB_DEVICE/Target/usbd_conf.c.obj
                0x08004bb2                USBD_LL_StallEP
 .text.USBD_LL_ClearStallEP
                0x08004bc2       0x10 CMakeFiles/test02-mouse-cmake.elf.dir/USB_DEVICE/Target/usbd_conf.c.obj
                0x08004bc2                USBD_LL_ClearStallEP
 .text.USBD_LL_IsStallEP
                0x08004bd2       0x2e CMakeFiles/test02-mouse-cmake.elf.dir/USB_DEVICE/Target/usbd_conf.c.obj
                0x08004bd2                USBD_LL_IsStallEP
 .text.USBD_LL_SetUSBAddress
                0x08004c00       0x10 CMakeFiles/test02-mouse-cmake.elf.dir/USB_DEVICE/Target/usbd_conf.c.obj
                0x08004c00                USBD_LL_SetUSBAddress
 .text.USBD_LL_Transmit
                0x08004c10       0x10 CMakeFiles/test02-mouse-cmake.elf.dir/USB_DEVICE/Target/usbd_conf.c.obj
                0x08004c10                USBD_LL_Transmit
 .text.USBD_LL_PrepareReceive
                0x08004c20       0x10 CMakeFiles/test02-mouse-cmake.elf.dir/USB_DEVICE/Target/usbd_conf.c.obj
                0x08004c20                USBD_LL_PrepareReceive
 .text.USBD_static_malloc
                0x08004c30        0x8 CMakeFiles/test02-mouse-cmake.elf.dir/USB_DEVICE/Target/usbd_conf.c.obj
                0x08004c30                USBD_static_malloc
 .text.USBD_static_free
                0x08004c38        0x2 CMakeFiles/test02-mouse-cmake.elf.dir/USB_DEVICE/Target/usbd_conf.c.obj
                0x08004c38                USBD_static_free
 .text.HAL_PCDEx_SetConnectionState
                0x08004c3a        0x2 CMakeFiles/test02-mouse-cmake.elf.dir/USB_DEVICE/Target/usbd_conf.c.obj
                0x08004c3a                HAL_PCDEx_SetConnectionState
 .text.__libc_init_array
                0x08004c3c       0x48 c:/progra~2/gnuarm~1/102020~1/bin/../lib/gcc/arm-none-eabi/10.2.1/../../../../arm-none-eabi/lib/thumb/v7-m/nofp\libg.a(lib_a-init.o)
                0x08004c3c                __libc_init_array
 .text.memset   0x08004c84       0xa4 c:/progra~2/gnuarm~1/102020~1/bin/../lib/gcc/arm-none-eabi/10.2.1/../../../../arm-none-eabi/lib/thumb/v7-m/nofp\libg.a(lib_a-memset.o)
                0x08004c84                memset
 .text.startup.register_fini
                0x08004d28       0x14 c:/progra~2/gnuarm~1/102020~1/bin/../lib/gcc/arm-none-eabi/10.2.1/../../../../arm-none-eabi/lib/thumb/v7-m/nofp\libg.a(lib_a-__call_atexit.o)
 .text.atexit   0x08004d3c        0xc c:/progra~2/gnuarm~1/102020~1/bin/../lib/gcc/arm-none-eabi/10.2.1/../../../../arm-none-eabi/lib/thumb/v7-m/nofp\libg.a(lib_a-atexit.o)
                0x08004d3c                atexit
 .text.__libc_fini_array
                0x08004d48       0x2c c:/progra~2/gnuarm~1/102020~1/bin/../lib/gcc/arm-none-eabi/10.2.1/../../../../arm-none-eabi/lib/thumb/v7-m/nofp\libg.a(lib_a-fini.o)
                0x08004d48                __libc_fini_array
 .text.__retarget_lock_acquire_recursive
                0x08004d74        0x4 c:/progra~2/gnuarm~1/102020~1/bin/../lib/gcc/arm-none-eabi/10.2.1/../../../../arm-none-eabi/lib/thumb/v7-m/nofp\libg.a(lib_a-lock.o)
                0x08004d74                __retarget_lock_acquire_recursive
 .text.__retarget_lock_release_recursive
                0x08004d78        0x4 c:/progra~2/gnuarm~1/102020~1/bin/../lib/gcc/arm-none-eabi/10.2.1/../../../../arm-none-eabi/lib/thumb/v7-m/nofp\libg.a(lib_a-lock.o)
                0x08004d78                __retarget_lock_release_recursive
 .text.__register_exitproc
                0x08004d7c       0x8c c:/progra~2/gnuarm~1/102020~1/bin/../lib/gcc/arm-none-eabi/10.2.1/../../../../arm-none-eabi/lib/thumb/v7-m/nofp\libg.a(lib_a-__atexit.o)
                0x08004d7c                __register_exitproc
 *(.glue_7)
 .glue_7        0x08004e08        0x0 linker stubs
 *(.glue_7t)
 .glue_7t       0x08004e08        0x0 linker stubs
 *(.eh_frame)
 .eh_frame      0x08004e08        0x0 c:/progra~2/gnuarm~1/102020~1/bin/../lib/gcc/arm-none-eabi/10.2.1/thumb/v7-m/nofp/crtbegin.o
 *(.init)
 .init          0x08004e08        0x4 c:/progra~2/gnuarm~1/102020~1/bin/../lib/gcc/arm-none-eabi/10.2.1/thumb/v7-m/nofp/crti.o
                0x08004e08                _init
 .init          0x08004e0c        0x8 c:/progra~2/gnuarm~1/102020~1/bin/../lib/gcc/arm-none-eabi/10.2.1/thumb/v7-m/nofp/crtn.o
 *(.fini)
 .fini          0x08004e14        0x4 c:/progra~2/gnuarm~1/102020~1/bin/../lib/gcc/arm-none-eabi/10.2.1/thumb/v7-m/nofp/crti.o
                0x08004e14                _fini
 .fini          0x08004e18        0x8 c:/progra~2/gnuarm~1/102020~1/bin/../lib/gcc/arm-none-eabi/10.2.1/thumb/v7-m/nofp/crtn.o
                0x08004e20                . = ALIGN (0x4)
                0x08004e20                _etext = .

.vfp11_veneer   0x08004e20        0x0
 .vfp11_veneer  0x08004e20        0x0 linker stubs

.v4_bx          0x08004e20        0x0
 .v4_bx         0x08004e20        0x0 linker stubs

.iplt           0x08004e20        0x0
 .iplt          0x08004e20        0x0 c:/progra~2/gnuarm~1/102020~1/bin/../lib/gcc/arm-none-eabi/10.2.1/thumb/v7-m/nofp/crtbegin.o

.rodata         0x08004e20       0x88
                0x08004e20                . = ALIGN (0x4)
 *(.rodata)
 *(.rodata*)
 .rodata.main.str1.4
                0x08004e20        0xf CMakeFiles/test02-mouse-cmake.elf.dir/Core/Src/main.c.obj
 *fill*         0x08004e2f        0x1 
 .rodata.AHBPrescTable
                0x08004e30       0x10 CMakeFiles/test02-mouse-cmake.elf.dir/Core/Src/system_stm32f1xx.c.obj
                0x08004e30                AHBPrescTable
 .rodata.APBPrescTable
                0x08004e40        0x8 CMakeFiles/test02-mouse-cmake.elf.dir/Core/Src/system_stm32f1xx.c.obj
                0x08004e40                APBPrescTable
 .rodata.HAL_RCC_GetSysClockFreq.str1.4
                0x08004e48       0x11 CMakeFiles/test02-mouse-cmake.elf.dir/Drivers/STM32F1xx_HAL_Driver/Src/stm32f1xx_hal_rcc.c.obj
 *fill*         0x08004e59        0x3 
 .rodata.USBD_FS_ProductStrDescriptor.str1.4
                0x08004e5c       0x16 CMakeFiles/test02-mouse-cmake.elf.dir/USB_DEVICE/App/usbd_desc.c.obj
 *fill*         0x08004e72        0x2 
 .rodata.USBD_FS_ManufacturerStrDescriptor.str1.4
                0x08004e74       0x13 CMakeFiles/test02-mouse-cmake.elf.dir/USB_DEVICE/App/usbd_desc.c.obj
 *fill*         0x08004e87        0x1 
 .rodata.USBD_FS_ConfigStrDescriptor.str1.4
                0x08004e88        0xb CMakeFiles/test02-mouse-cmake.elf.dir/USB_DEVICE/App/usbd_desc.c.obj
 *fill*         0x08004e93        0x1 
 .rodata.USBD_FS_InterfaceStrDescriptor.str1.4
                0x08004e94        0xe CMakeFiles/test02-mouse-cmake.elf.dir/USB_DEVICE/App/usbd_desc.c.obj
 *fill*         0x08004ea2        0x2 
 .rodata._global_impure_ptr
                0x08004ea4        0x4 c:/progra~2/gnuarm~1/102020~1/bin/../lib/gcc/arm-none-eabi/10.2.1/../../../../arm-none-eabi/lib/thumb/v7-m/nofp\libg.a(lib_a-impure.o)
                0x08004ea4                _global_impure_ptr
                0x08004ea8                . = ALIGN (0x4)

.rel.dyn        0x08004ea8        0x0
 .rel.iplt      0x08004ea8        0x0 c:/progra~2/gnuarm~1/102020~1/bin/../lib/gcc/arm-none-eabi/10.2.1/thumb/v7-m/nofp/crtbegin.o

.ARM.extab      0x08004ea8        0x0
                0x08004ea8                . = ALIGN (0x4)
 *(.ARM.extab* .gnu.linkonce.armextab.*)
                0x08004ea8                . = ALIGN (0x4)

.ARM            0x08004ea8        0x0
                0x08004ea8                . = ALIGN (0x4)
                0x08004ea8                __exidx_start = .
 *(.ARM.exidx*)
                0x08004ea8                __exidx_end = .
                0x08004ea8                . = ALIGN (0x4)

.preinit_array  0x08004ea8        0x0
                0x08004ea8                . = ALIGN (0x4)
                0x08004ea8                PROVIDE (__preinit_array_start = .)
 *(.preinit_array*)
                0x08004ea8                PROVIDE (__preinit_array_end = .)
                0x08004ea8                . = ALIGN (0x4)

.init_array     0x08004ea8        0x8
                0x08004ea8                . = ALIGN (0x4)
                0x08004ea8                PROVIDE (__init_array_start = .)
 *(SORT_BY_NAME(.init_array.*))
 .init_array.00000
                0x08004ea8        0x4 c:/progra~2/gnuarm~1/102020~1/bin/../lib/gcc/arm-none-eabi/10.2.1/../../../../arm-none-eabi/lib/thumb/v7-m/nofp\libg.a(lib_a-__call_atexit.o)
 *(.init_array*)
 .init_array    0x08004eac        0x4 c:/progra~2/gnuarm~1/102020~1/bin/../lib/gcc/arm-none-eabi/10.2.1/thumb/v7-m/nofp/crtbegin.o
                0x08004eb0                PROVIDE (__init_array_end = .)
                0x08004eb0                . = ALIGN (0x4)

.fini_array     0x08004eb0        0x4
                0x08004eb0                . = ALIGN (0x4)
                0x08004eb0                PROVIDE (__fini_array_start = .)
 *(SORT_BY_NAME(.fini_array.*))
 *(.fini_array*)
 .fini_array    0x08004eb0        0x4 c:/progra~2/gnuarm~1/102020~1/bin/../lib/gcc/arm-none-eabi/10.2.1/thumb/v7-m/nofp/crtbegin.o
                0x08004eb4                PROVIDE (__fini_array_end = .)
                0x08004eb4                . = ALIGN (0x4)
                0x08004eb4                _sidata = LOADADDR (.data)

.data           0x20000000      0x594 load address 0x08004eb4
                0x20000000                . = ALIGN (0x4)
                0x20000000                _sdata = .
 *(.data)
 *(.data*)
 .data.SystemCoreClock
                0x20000000        0x4 CMakeFiles/test02-mouse-cmake.elf.dir/Core/Src/system_stm32f1xx.c.obj
                0x20000000                SystemCoreClock
 .data.uwTickFreq
                0x20000004        0x1 CMakeFiles/test02-mouse-cmake.elf.dir/Drivers/STM32F1xx_HAL_Driver/Src/stm32f1xx_hal.c.obj
                0x20000004                uwTickFreq
 *fill*         0x20000005        0x3 
 .data.uwTickPrio
                0x20000008        0x4 CMakeFiles/test02-mouse-cmake.elf.dir/Drivers/STM32F1xx_HAL_Driver/Src/stm32f1xx_hal.c.obj
                0x20000008                uwTickPrio
 .data.HID_MOUSE_ReportDesc
                0x2000000c       0x4a CMakeFiles/test02-mouse-cmake.elf.dir/Middlewares/ST/STM32_USB_Device_Library/Class/HID/Src/usbd_hid.c.obj
 *fill*         0x20000056        0x2 
 .data.USBD_HID
                0x20000058       0x38 CMakeFiles/test02-mouse-cmake.elf.dir/Middlewares/ST/STM32_USB_Device_Library/Class/HID/Src/usbd_hid.c.obj
                0x20000058                USBD_HID
 .data.USBD_HID_CfgFSDesc
                0x20000090       0x22 CMakeFiles/test02-mouse-cmake.elf.dir/Middlewares/ST/STM32_USB_Device_Library/Class/HID/Src/usbd_hid.c.obj
 *fill*         0x200000b2        0x2 
 .data.USBD_HID_CfgHSDesc
                0x200000b4       0x22 CMakeFiles/test02-mouse-cmake.elf.dir/Middlewares/ST/STM32_USB_Device_Library/Class/HID/Src/usbd_hid.c.obj
 *fill*         0x200000d6        0x2 
 .data.USBD_HID_Desc
                0x200000d8        0x9 CMakeFiles/test02-mouse-cmake.elf.dir/Middlewares/ST/STM32_USB_Device_Library/Class/HID/Src/usbd_hid.c.obj
 *fill*         0x200000e1        0x3 
 .data.USBD_HID_DeviceQualifierDesc
                0x200000e4        0xa CMakeFiles/test02-mouse-cmake.elf.dir/Middlewares/ST/STM32_USB_Device_Library/Class/HID/Src/usbd_hid.c.obj
 *fill*         0x200000ee        0x2 
 .data.USBD_HID_OtherSpeedCfgDesc
                0x200000f0       0x22 CMakeFiles/test02-mouse-cmake.elf.dir/Middlewares/ST/STM32_USB_Device_Library/Class/HID/Src/usbd_hid.c.obj
 *fill*         0x20000112        0x2 
 .data.FS_Desc  0x20000114       0x1c CMakeFiles/test02-mouse-cmake.elf.dir/USB_DEVICE/App/usbd_desc.c.obj
                0x20000114                FS_Desc
 .data.USBD_FS_DeviceDesc
                0x20000130       0x12 CMakeFiles/test02-mouse-cmake.elf.dir/USB_DEVICE/App/usbd_desc.c.obj
                0x20000130                USBD_FS_DeviceDesc
 *fill*         0x20000142        0x2 
 .data.USBD_LangIDDesc
                0x20000144        0x4 CMakeFiles/test02-mouse-cmake.elf.dir/USB_DEVICE/App/usbd_desc.c.obj
                0x20000144                USBD_LangIDDesc
 .data.USBD_StringSerial
                0x20000148       0x1a CMakeFiles/test02-mouse-cmake.elf.dir/USB_DEVICE/App/usbd_desc.c.obj
                0x20000148                USBD_StringSerial
 *fill*         0x20000162        0x6 
 .data.impure_data
                0x20000168      0x428 c:/progra~2/gnuarm~1/102020~1/bin/../lib/gcc/arm-none-eabi/10.2.1/../../../../arm-none-eabi/lib/thumb/v7-m/nofp\libg.a(lib_a-impure.o)
 .data.__atexit_recursive_mutex
                0x20000590        0x4 c:/progra~2/gnuarm~1/102020~1/bin/../lib/gcc/arm-none-eabi/10.2.1/../../../../arm-none-eabi/lib/thumb/v7-m/nofp\libg.a(lib_a-__call_atexit.o)
                0x20000590                __atexit_recursive_mutex
 *(.RamFunc)
 *(.RamFunc*)
                0x20000594                . = ALIGN (0x4)
                0x20000594                _edata = .

.igot.plt       0x20000594        0x0 load address 0x08005448
 .igot.plt      0x20000594        0x0 c:/progra~2/gnuarm~1/102020~1/bin/../lib/gcc/arm-none-eabi/10.2.1/thumb/v7-m/nofp/crtbegin.o
                0x20000594                . = ALIGN (0x4)

.bss            0x20000594      0x93c load address 0x08005448
                0x20000594                _sbss = .
                0x20000594                __bss_start__ = _sbss
 *(.bss)
 .bss           0x20000594       0x1c c:/progra~2/gnuarm~1/102020~1/bin/../lib/gcc/arm-none-eabi/10.2.1/thumb/v7-m/nofp/crtbegin.o
 *(.bss*)
 .bss.buf       0x200005b0        0x3 CMakeFiles/test02-mouse-cmake.elf.dir/Core/Src/gpio.c.obj
                0x200005b0                buf
 *fill*         0x200005b3        0x1 
 .bss.debug_buf
                0x200005b4       0x80 CMakeFiles/test02-mouse-cmake.elf.dir/Core/Src/usart.c.obj
                0x200005b4                debug_buf
 .bss.hdma_usart1_rx
                0x20000634       0x44 CMakeFiles/test02-mouse-cmake.elf.dir/Core/Src/usart.c.obj
                0x20000634                hdma_usart1_rx
 .bss.hdma_usart1_tx
                0x20000678       0x44 CMakeFiles/test02-mouse-cmake.elf.dir/Core/Src/usart.c.obj
                0x20000678                hdma_usart1_tx
 .bss.huart1    0x200006bc       0x44 CMakeFiles/test02-mouse-cmake.elf.dir/Core/Src/usart.c.obj
                0x200006bc                huart1
 .bss.uwTick    0x20000700        0x4 CMakeFiles/test02-mouse-cmake.elf.dir/Drivers/STM32F1xx_HAL_Driver/Src/stm32f1xx_hal.c.obj
                0x20000700                uwTick
 .bss.cfgidx.0  0x20000704        0x1 CMakeFiles/test02-mouse-cmake.elf.dir/Middlewares/ST/STM32_USB_Device_Library/Core/Src/usbd_ctlreq.c.obj
 *fill*         0x20000705        0x3 
 .bss.hUsbDeviceFS
                0x20000708      0x2c4 CMakeFiles/test02-mouse-cmake.elf.dir/USB_DEVICE/App/usb_device.c.obj
                0x20000708                hUsbDeviceFS
 .bss.USBD_StrDesc
                0x200009cc      0x200 CMakeFiles/test02-mouse-cmake.elf.dir/USB_DEVICE/App/usbd_desc.c.obj
                0x200009cc                USBD_StrDesc
 .bss.hpcd_USB_FS
                0x20000bcc      0x2ec CMakeFiles/test02-mouse-cmake.elf.dir/USB_DEVICE/Target/usbd_conf.c.obj
                0x20000bcc                hpcd_USB_FS
 .bss.mem.0     0x20000eb8       0x14 CMakeFiles/test02-mouse-cmake.elf.dir/USB_DEVICE/Target/usbd_conf.c.obj
 .bss.__lock___atexit_recursive_mutex
                0x20000ecc        0x1 c:/progra~2/gnuarm~1/102020~1/bin/../lib/gcc/arm-none-eabi/10.2.1/../../../../arm-none-eabi/lib/thumb/v7-m/nofp\libg.a(lib_a-lock.o)
                0x20000ecc                __lock___atexit_recursive_mutex
 *(COMMON)
                0x20000ed0                . = ALIGN (0x4)
 *fill*         0x20000ecd        0x3 
                0x20000ed0                _ebss = .
                0x20000ed0                __bss_end__ = _ebss

._user_heap_stack
                0x20000ed0      0x800 load address 0x08005448
                0x20000ed0                . = ALIGN (0x8)
                [!provide]                PROVIDE (end = .)
                0x20000ed0                PROVIDE (_end = .)
                0x200012d0                . = (. + _Min_Heap_Size)
 *fill*         0x20000ed0      0x400 
                0x200016d0                . = (. + _Min_Stack_Size)
 *fill*         0x200012d0      0x400 
                0x200016d0                . = ALIGN (0x8)

/DISCARD/
 libc.a(*)
 libm.a(*)
 libgcc.a(*)

.ARM.attributes
                0x00000000       0x29
 *(.ARM.attributes)
 .ARM.attributes
                0x00000000       0x1d c:/progra~2/gnuarm~1/102020~1/bin/../lib/gcc/arm-none-eabi/10.2.1/thumb/v7-m/nofp/crti.o
 .ARM.attributes
                0x0000001d       0x2d c:/progra~2/gnuarm~1/102020~1/bin/../lib/gcc/arm-none-eabi/10.2.1/thumb/v7-m/nofp/crtbegin.o
 .ARM.attributes
                0x0000004a       0x2d CMakeFiles/test02-mouse-cmake.elf.dir/Core/Src/dma.c.obj
 .ARM.attributes
                0x00000077       0x2d CMakeFiles/test02-mouse-cmake.elf.dir/Core/Src/gpio.c.obj
 .ARM.attributes
                0x000000a4       0x2d CMakeFiles/test02-mouse-cmake.elf.dir/Core/Src/main.c.obj
 .ARM.attributes
                0x000000d1       0x2d CMakeFiles/test02-mouse-cmake.elf.dir/Core/Src/stm32f1xx_hal_msp.c.obj
 .ARM.attributes
                0x000000fe       0x2d CMakeFiles/test02-mouse-cmake.elf.dir/Core/Src/stm32f1xx_it.c.obj
 .ARM.attributes
                0x0000012b       0x2d CMakeFiles/test02-mouse-cmake.elf.dir/Core/Src/system_stm32f1xx.c.obj
 .ARM.attributes
                0x00000158       0x2d CMakeFiles/test02-mouse-cmake.elf.dir/Core/Src/usart.c.obj
 .ARM.attributes
                0x00000185       0x21 CMakeFiles/test02-mouse-cmake.elf.dir/Core/Startup/startup_stm32f103zetx.s.obj
 .ARM.attributes
                0x000001a6       0x2d CMakeFiles/test02-mouse-cmake.elf.dir/Drivers/STM32F1xx_HAL_Driver/Src/stm32f1xx_hal.c.obj
 .ARM.attributes
                0x000001d3       0x2d CMakeFiles/test02-mouse-cmake.elf.dir/Drivers/STM32F1xx_HAL_Driver/Src/stm32f1xx_hal_cortex.c.obj
 .ARM.attributes
                0x00000200       0x2d CMakeFiles/test02-mouse-cmake.elf.dir/Drivers/STM32F1xx_HAL_Driver/Src/stm32f1xx_hal_dma.c.obj
 .ARM.attributes
                0x0000022d       0x2d CMakeFiles/test02-mouse-cmake.elf.dir/Drivers/STM32F1xx_HAL_Driver/Src/stm32f1xx_hal_gpio.c.obj
 .ARM.attributes
                0x0000025a       0x2d CMakeFiles/test02-mouse-cmake.elf.dir/Drivers/STM32F1xx_HAL_Driver/Src/stm32f1xx_hal_pcd.c.obj
 .ARM.attributes
                0x00000287       0x2d CMakeFiles/test02-mouse-cmake.elf.dir/Drivers/STM32F1xx_HAL_Driver/Src/stm32f1xx_hal_pcd_ex.c.obj
 .ARM.attributes
                0x000002b4       0x2d CMakeFiles/test02-mouse-cmake.elf.dir/Drivers/STM32F1xx_HAL_Driver/Src/stm32f1xx_hal_rcc.c.obj
 .ARM.attributes
                0x000002e1       0x2d CMakeFiles/test02-mouse-cmake.elf.dir/Drivers/STM32F1xx_HAL_Driver/Src/stm32f1xx_hal_rcc_ex.c.obj
 .ARM.attributes
                0x0000030e       0x2d CMakeFiles/test02-mouse-cmake.elf.dir/Drivers/STM32F1xx_HAL_Driver/Src/stm32f1xx_hal_uart.c.obj
 .ARM.attributes
                0x0000033b       0x2d CMakeFiles/test02-mouse-cmake.elf.dir/Drivers/STM32F1xx_HAL_Driver/Src/stm32f1xx_ll_usb.c.obj
 .ARM.attributes
                0x00000368       0x2d CMakeFiles/test02-mouse-cmake.elf.dir/Middlewares/ST/STM32_USB_Device_Library/Class/HID/Src/usbd_hid.c.obj
 .ARM.attributes
                0x00000395       0x2d CMakeFiles/test02-mouse-cmake.elf.dir/Middlewares/ST/STM32_USB_Device_Library/Core/Src/usbd_core.c.obj
 .ARM.attributes
                0x000003c2       0x2d CMakeFiles/test02-mouse-cmake.elf.dir/Middlewares/ST/STM32_USB_Device_Library/Core/Src/usbd_ctlreq.c.obj
 .ARM.attributes
                0x000003ef       0x2d CMakeFiles/test02-mouse-cmake.elf.dir/Middlewares/ST/STM32_USB_Device_Library/Core/Src/usbd_ioreq.c.obj
 .ARM.attributes
                0x0000041c       0x2d CMakeFiles/test02-mouse-cmake.elf.dir/USB_DEVICE/App/usb_device.c.obj
 .ARM.attributes
                0x00000449       0x2d CMakeFiles/test02-mouse-cmake.elf.dir/USB_DEVICE/App/usbd_desc.c.obj
 .ARM.attributes
                0x00000476       0x2d CMakeFiles/test02-mouse-cmake.elf.dir/USB_DEVICE/Target/usbd_conf.c.obj
 .ARM.attributes
                0x000004a3       0x2d c:/progra~2/gnuarm~1/102020~1/bin/../lib/gcc/arm-none-eabi/10.2.1/../../../../arm-none-eabi/lib/thumb/v7-m/nofp\libg.a(lib_a-impure.o)
 .ARM.attributes
                0x000004d0       0x2d c:/progra~2/gnuarm~1/102020~1/bin/../lib/gcc/arm-none-eabi/10.2.1/../../../../arm-none-eabi/lib/thumb/v7-m/nofp\libg.a(lib_a-init.o)
 .ARM.attributes
                0x000004fd       0x2d c:/progra~2/gnuarm~1/102020~1/bin/../lib/gcc/arm-none-eabi/10.2.1/../../../../arm-none-eabi/lib/thumb/v7-m/nofp\libg.a(lib_a-memset.o)
 .ARM.attributes
                0x0000052a       0x2d c:/progra~2/gnuarm~1/102020~1/bin/../lib/gcc/arm-none-eabi/10.2.1/../../../../arm-none-eabi/lib/thumb/v7-m/nofp\libg.a(lib_a-__call_atexit.o)
 .ARM.attributes
                0x00000557       0x2d c:/progra~2/gnuarm~1/102020~1/bin/../lib/gcc/arm-none-eabi/10.2.1/../../../../arm-none-eabi/lib/thumb/v7-m/nofp\libg.a(lib_a-atexit.o)
 .ARM.attributes
                0x00000584       0x2d c:/progra~2/gnuarm~1/102020~1/bin/../lib/gcc/arm-none-eabi/10.2.1/../../../../arm-none-eabi/lib/thumb/v7-m/nofp\libg.a(lib_a-fini.o)
 .ARM.attributes
                0x000005b1       0x2d c:/progra~2/gnuarm~1/102020~1/bin/../lib/gcc/arm-none-eabi/10.2.1/../../../../arm-none-eabi/lib/thumb/v7-m/nofp\libg.a(lib_a-lock.o)
 .ARM.attributes
                0x000005de       0x2d c:/progra~2/gnuarm~1/102020~1/bin/../lib/gcc/arm-none-eabi/10.2.1/../../../../arm-none-eabi/lib/thumb/v7-m/nofp\libg.a(lib_a-__atexit.o)
 .ARM.attributes
                0x0000060b       0x1d c:/progra~2/gnuarm~1/102020~1/bin/../lib/gcc/arm-none-eabi/10.2.1/thumb/v7-m/nofp/crtn.o
OUTPUT(test02-mouse-cmake.elf elf32-littlearm)
LOAD linker stubs
LOAD c:/progra~2/gnuarm~1/102020~1/bin/../lib/gcc/arm-none-eabi/10.2.1/../../../../arm-none-eabi/lib/thumb/v7-m/nofp\libc.a
LOAD c:/progra~2/gnuarm~1/102020~1/bin/../lib/gcc/arm-none-eabi/10.2.1/../../../../arm-none-eabi/lib/thumb/v7-m/nofp\libm.a
LOAD c:/progra~2/gnuarm~1/102020~1/bin/../lib/gcc/arm-none-eabi/10.2.1/thumb/v7-m/nofp\libgcc.a

.debug_info     0x00000000    0x11a28
 .debug_info    0x00000000      0x38a CMakeFiles/test02-mouse-cmake.elf.dir/Core/Src/dma.c.obj
 .debug_info    0x0000038a      0xa6a CMakeFiles/test02-mouse-cmake.elf.dir/Core/Src/gpio.c.obj
 .debug_info    0x00000df4      0x985 CMakeFiles/test02-mouse-cmake.elf.dir/Core/Src/main.c.obj
 .debug_info    0x00001779      0x211 CMakeFiles/test02-mouse-cmake.elf.dir/Core/Src/stm32f1xx_hal_msp.c.obj
 .debug_info    0x0000198a      0xc5d CMakeFiles/test02-mouse-cmake.elf.dir/Core/Src/stm32f1xx_it.c.obj
 .debug_info    0x000025e7      0x248 CMakeFiles/test02-mouse-cmake.elf.dir/Core/Src/system_stm32f1xx.c.obj
 .debug_info    0x0000282f      0xb08 CMakeFiles/test02-mouse-cmake.elf.dir/Core/Src/usart.c.obj
 .debug_info    0x00003337       0x22 CMakeFiles/test02-mouse-cmake.elf.dir/Core/Startup/startup_stm32f103zetx.s.obj
 .debug_info    0x00003359      0x80e CMakeFiles/test02-mouse-cmake.elf.dir/Drivers/STM32F1xx_HAL_Driver/Src/stm32f1xx_hal.c.obj
 .debug_info    0x00003b67      0xdf0 CMakeFiles/test02-mouse-cmake.elf.dir/Drivers/STM32F1xx_HAL_Driver/Src/stm32f1xx_hal_cortex.c.obj
 .debug_info    0x00004957      0x846 CMakeFiles/test02-mouse-cmake.elf.dir/Drivers/STM32F1xx_HAL_Driver/Src/stm32f1xx_hal_dma.c.obj
 .debug_info    0x0000519d      0x66f CMakeFiles/test02-mouse-cmake.elf.dir/Drivers/STM32F1xx_HAL_Driver/Src/stm32f1xx_hal_gpio.c.obj
 .debug_info    0x0000580c     0x1b27 CMakeFiles/test02-mouse-cmake.elf.dir/Drivers/STM32F1xx_HAL_Driver/Src/stm32f1xx_hal_pcd.c.obj
 .debug_info    0x00007333      0x737 CMakeFiles/test02-mouse-cmake.elf.dir/Drivers/STM32F1xx_HAL_Driver/Src/stm32f1xx_hal_pcd_ex.c.obj
 .debug_info    0x00007a6a      0xa36 CMakeFiles/test02-mouse-cmake.elf.dir/Drivers/STM32F1xx_HAL_Driver/Src/stm32f1xx_hal_rcc.c.obj
 .debug_info    0x000084a0      0x47e CMakeFiles/test02-mouse-cmake.elf.dir/Drivers/STM32F1xx_HAL_Driver/Src/stm32f1xx_hal_rcc_ex.c.obj
 .debug_info    0x0000891e     0x1c8b CMakeFiles/test02-mouse-cmake.elf.dir/Drivers/STM32F1xx_HAL_Driver/Src/stm32f1xx_hal_uart.c.obj
 .debug_info    0x0000a5a9     0x1cb2 CMakeFiles/test02-mouse-cmake.elf.dir/Drivers/STM32F1xx_HAL_Driver/Src/stm32f1xx_ll_usb.c.obj
 .debug_info    0x0000c25b      0xabe CMakeFiles/test02-mouse-cmake.elf.dir/Middlewares/ST/STM32_USB_Device_Library/Class/HID/Src/usbd_hid.c.obj
 .debug_info    0x0000cd19      0xd74 CMakeFiles/test02-mouse-cmake.elf.dir/Middlewares/ST/STM32_USB_Device_Library/Core/Src/usbd_core.c.obj
 .debug_info    0x0000da8d     0x1078 CMakeFiles/test02-mouse-cmake.elf.dir/Middlewares/ST/STM32_USB_Device_Library/Core/Src/usbd_ctlreq.c.obj
 .debug_info    0x0000eb05      0x7e9 CMakeFiles/test02-mouse-cmake.elf.dir/Middlewares/ST/STM32_USB_Device_Library/Core/Src/usbd_ioreq.c.obj
 .debug_info    0x0000f2ee      0x5c7 CMakeFiles/test02-mouse-cmake.elf.dir/USB_DEVICE/App/usb_device.c.obj
 .debug_info    0x0000f8b5      0x5eb CMakeFiles/test02-mouse-cmake.elf.dir/USB_DEVICE/App/usbd_desc.c.obj
 .debug_info    0x0000fea0     0x1b88 CMakeFiles/test02-mouse-cmake.elf.dir/USB_DEVICE/Target/usbd_conf.c.obj

.debug_abbrev   0x00000000     0x30bc
 .debug_abbrev  0x00000000      0x114 CMakeFiles/test02-mouse-cmake.elf.dir/Core/Src/dma.c.obj
 .debug_abbrev  0x00000114      0x20a CMakeFiles/test02-mouse-cmake.elf.dir/Core/Src/gpio.c.obj
 .debug_abbrev  0x0000031e      0x218 CMakeFiles/test02-mouse-cmake.elf.dir/Core/Src/main.c.obj
 .debug_abbrev  0x00000536       0xe5 CMakeFiles/test02-mouse-cmake.elf.dir/Core/Src/stm32f1xx_hal_msp.c.obj
 .debug_abbrev  0x0000061b      0x1ea CMakeFiles/test02-mouse-cmake.elf.dir/Core/Src/stm32f1xx_it.c.obj
 .debug_abbrev  0x00000805      0x13e CMakeFiles/test02-mouse-cmake.elf.dir/Core/Src/system_stm32f1xx.c.obj
 .debug_abbrev  0x00000943      0x1ef CMakeFiles/test02-mouse-cmake.elf.dir/Core/Src/usart.c.obj
 .debug_abbrev  0x00000b32       0x12 CMakeFiles/test02-mouse-cmake.elf.dir/Core/Startup/startup_stm32f103zetx.s.obj
 .debug_abbrev  0x00000b44      0x1f4 CMakeFiles/test02-mouse-cmake.elf.dir/Drivers/STM32F1xx_HAL_Driver/Src/stm32f1xx_hal.c.obj
 .debug_abbrev  0x00000d38      0x341 CMakeFiles/test02-mouse-cmake.elf.dir/Drivers/STM32F1xx_HAL_Driver/Src/stm32f1xx_hal_cortex.c.obj
 .debug_abbrev  0x00001079      0x223 CMakeFiles/test02-mouse-cmake.elf.dir/Drivers/STM32F1xx_HAL_Driver/Src/stm32f1xx_hal_dma.c.obj
 .debug_abbrev  0x0000129c      0x1e6 CMakeFiles/test02-mouse-cmake.elf.dir/Drivers/STM32F1xx_HAL_Driver/Src/stm32f1xx_hal_gpio.c.obj
 .debug_abbrev  0x00001482      0x2bd CMakeFiles/test02-mouse-cmake.elf.dir/Drivers/STM32F1xx_HAL_Driver/Src/stm32f1xx_hal_pcd.c.obj
 .debug_abbrev  0x0000173f      0x193 CMakeFiles/test02-mouse-cmake.elf.dir/Drivers/STM32F1xx_HAL_Driver/Src/stm32f1xx_hal_pcd_ex.c.obj
 .debug_abbrev  0x000018d2      0x27a CMakeFiles/test02-mouse-cmake.elf.dir/Drivers/STM32F1xx_HAL_Driver/Src/stm32f1xx_hal_rcc.c.obj
 .debug_abbrev  0x00001b4c      0x1d2 CMakeFiles/test02-mouse-cmake.elf.dir/Drivers/STM32F1xx_HAL_Driver/Src/stm32f1xx_hal_rcc_ex.c.obj
 .debug_abbrev  0x00001d1e      0x254 CMakeFiles/test02-mouse-cmake.elf.dir/Drivers/STM32F1xx_HAL_Driver/Src/stm32f1xx_hal_uart.c.obj
 .debug_abbrev  0x00001f72      0x21f CMakeFiles/test02-mouse-cmake.elf.dir/Drivers/STM32F1xx_HAL_Driver/Src/stm32f1xx_ll_usb.c.obj
 .debug_abbrev  0x00002191      0x245 CMakeFiles/test02-mouse-cmake.elf.dir/Middlewares/ST/STM32_USB_Device_Library/Class/HID/Src/usbd_hid.c.obj
 .debug_abbrev  0x000023d6      0x24c CMakeFiles/test02-mouse-cmake.elf.dir/Middlewares/ST/STM32_USB_Device_Library/Core/Src/usbd_core.c.obj
 .debug_abbrev  0x00002622      0x2bf CMakeFiles/test02-mouse-cmake.elf.dir/Middlewares/ST/STM32_USB_Device_Library/Core/Src/usbd_ctlreq.c.obj
 .debug_abbrev  0x000028e1      0x17d CMakeFiles/test02-mouse-cmake.elf.dir/Middlewares/ST/STM32_USB_Device_Library/Core/Src/usbd_ioreq.c.obj
 .debug_abbrev  0x00002a5e      0x186 CMakeFiles/test02-mouse-cmake.elf.dir/USB_DEVICE/App/usb_device.c.obj
 .debug_abbrev  0x00002be4      0x1fe CMakeFiles/test02-mouse-cmake.elf.dir/USB_DEVICE/App/usbd_desc.c.obj
 .debug_abbrev  0x00002de2      0x2da CMakeFiles/test02-mouse-cmake.elf.dir/USB_DEVICE/Target/usbd_conf.c.obj

.debug_aranges  0x00000000      0xca0
 .debug_aranges
                0x00000000       0x20 CMakeFiles/test02-mouse-cmake.elf.dir/Core/Src/dma.c.obj
 .debug_aranges
                0x00000020       0x28 CMakeFiles/test02-mouse-cmake.elf.dir/Core/Src/gpio.c.obj
 .debug_aranges
                0x00000048       0x30 CMakeFiles/test02-mouse-cmake.elf.dir/Core/Src/main.c.obj
 .debug_aranges
                0x00000078       0x20 CMakeFiles/test02-mouse-cmake.elf.dir/Core/Src/stm32f1xx_hal_msp.c.obj
 .debug_aranges
                0x00000098       0x90 CMakeFiles/test02-mouse-cmake.elf.dir/Core/Src/stm32f1xx_it.c.obj
 .debug_aranges
                0x00000128       0x28 CMakeFiles/test02-mouse-cmake.elf.dir/Core/Src/system_stm32f1xx.c.obj
 .debug_aranges
                0x00000150       0x30 CMakeFiles/test02-mouse-cmake.elf.dir/Core/Src/usart.c.obj
 .debug_aranges
                0x00000180       0x28 CMakeFiles/test02-mouse-cmake.elf.dir/Core/Startup/startup_stm32f103zetx.s.obj
 .debug_aranges
                0x000001a8       0xe0 CMakeFiles/test02-mouse-cmake.elf.dir/Drivers/STM32F1xx_HAL_Driver/Src/stm32f1xx_hal.c.obj
 .debug_aranges
                0x00000288       0x90 CMakeFiles/test02-mouse-cmake.elf.dir/Drivers/STM32F1xx_HAL_Driver/Src/stm32f1xx_hal_cortex.c.obj
 .debug_aranges
                0x00000318       0x80 CMakeFiles/test02-mouse-cmake.elf.dir/Drivers/STM32F1xx_HAL_Driver/Src/stm32f1xx_hal_dma.c.obj
 .debug_aranges
                0x00000398       0x58 CMakeFiles/test02-mouse-cmake.elf.dir/Drivers/STM32F1xx_HAL_Driver/Src/stm32f1xx_hal_gpio.c.obj
 .debug_aranges
                0x000003f0      0x138 CMakeFiles/test02-mouse-cmake.elf.dir/Drivers/STM32F1xx_HAL_Driver/Src/stm32f1xx_hal_pcd.c.obj
 .debug_aranges
                0x00000528       0x38 CMakeFiles/test02-mouse-cmake.elf.dir/Drivers/STM32F1xx_HAL_Driver/Src/stm32f1xx_hal_pcd_ex.c.obj
 .debug_aranges
                0x00000560       0x90 CMakeFiles/test02-mouse-cmake.elf.dir/Drivers/STM32F1xx_HAL_Driver/Src/stm32f1xx_hal_rcc.c.obj
 .debug_aranges
                0x000005f0       0x30 CMakeFiles/test02-mouse-cmake.elf.dir/Drivers/STM32F1xx_HAL_Driver/Src/stm32f1xx_hal_rcc_ex.c.obj
 .debug_aranges
                0x00000620      0x200 CMakeFiles/test02-mouse-cmake.elf.dir/Drivers/STM32F1xx_HAL_Driver/Src/stm32f1xx_hal_uart.c.obj
 .debug_aranges
                0x00000820       0xf0 CMakeFiles/test02-mouse-cmake.elf.dir/Drivers/STM32F1xx_HAL_Driver/Src/stm32f1xx_ll_usb.c.obj
 .debug_aranges
                0x00000910       0x68 CMakeFiles/test02-mouse-cmake.elf.dir/Middlewares/ST/STM32_USB_Device_Library/Class/HID/Src/usbd_hid.c.obj
 .debug_aranges
                0x00000978       0xb8 CMakeFiles/test02-mouse-cmake.elf.dir/Middlewares/ST/STM32_USB_Device_Library/Core/Src/usbd_core.c.obj
 .debug_aranges
                0x00000a30       0x88 CMakeFiles/test02-mouse-cmake.elf.dir/Middlewares/ST/STM32_USB_Device_Library/Core/Src/usbd_ctlreq.c.obj
 .debug_aranges
                0x00000ab8       0x50 CMakeFiles/test02-mouse-cmake.elf.dir/Middlewares/ST/STM32_USB_Device_Library/Core/Src/usbd_ioreq.c.obj
 .debug_aranges
                0x00000b08       0x20 CMakeFiles/test02-mouse-cmake.elf.dir/USB_DEVICE/App/usb_device.c.obj
 .debug_aranges
                0x00000b28       0x60 CMakeFiles/test02-mouse-cmake.elf.dir/USB_DEVICE/App/usbd_desc.c.obj
 .debug_aranges
                0x00000b88      0x118 CMakeFiles/test02-mouse-cmake.elf.dir/USB_DEVICE/Target/usbd_conf.c.obj

.debug_ranges   0x00000000      0xf50
 .debug_ranges  0x00000000       0x10 CMakeFiles/test02-mouse-cmake.elf.dir/Core/Src/dma.c.obj
 .debug_ranges  0x00000010       0x18 CMakeFiles/test02-mouse-cmake.elf.dir/Core/Src/gpio.c.obj
 .debug_ranges  0x00000028       0x20 CMakeFiles/test02-mouse-cmake.elf.dir/Core/Src/main.c.obj
 .debug_ranges  0x00000048       0x10 CMakeFiles/test02-mouse-cmake.elf.dir/Core/Src/stm32f1xx_hal_msp.c.obj
 .debug_ranges  0x00000058       0x80 CMakeFiles/test02-mouse-cmake.elf.dir/Core/Src/stm32f1xx_it.c.obj
 .debug_ranges  0x000000d8       0x18 CMakeFiles/test02-mouse-cmake.elf.dir/Core/Src/system_stm32f1xx.c.obj
 .debug_ranges  0x000000f0       0x20 CMakeFiles/test02-mouse-cmake.elf.dir/Core/Src/usart.c.obj
 .debug_ranges  0x00000110       0x20 CMakeFiles/test02-mouse-cmake.elf.dir/Core/Startup/startup_stm32f103zetx.s.obj
 .debug_ranges  0x00000130       0xd0 CMakeFiles/test02-mouse-cmake.elf.dir/Drivers/STM32F1xx_HAL_Driver/Src/stm32f1xx_hal.c.obj
 .debug_ranges  0x00000200       0xe0 CMakeFiles/test02-mouse-cmake.elf.dir/Drivers/STM32F1xx_HAL_Driver/Src/stm32f1xx_hal_cortex.c.obj
 .debug_ranges  0x000002e0       0x70 CMakeFiles/test02-mouse-cmake.elf.dir/Drivers/STM32F1xx_HAL_Driver/Src/stm32f1xx_hal_dma.c.obj
 .debug_ranges  0x00000350       0x48 CMakeFiles/test02-mouse-cmake.elf.dir/Drivers/STM32F1xx_HAL_Driver/Src/stm32f1xx_hal_gpio.c.obj
 .debug_ranges  0x00000398      0x208 CMakeFiles/test02-mouse-cmake.elf.dir/Drivers/STM32F1xx_HAL_Driver/Src/stm32f1xx_hal_pcd.c.obj
 .debug_ranges  0x000005a0       0x28 CMakeFiles/test02-mouse-cmake.elf.dir/Drivers/STM32F1xx_HAL_Driver/Src/stm32f1xx_hal_pcd_ex.c.obj
 .debug_ranges  0x000005c8       0xa0 CMakeFiles/test02-mouse-cmake.elf.dir/Drivers/STM32F1xx_HAL_Driver/Src/stm32f1xx_hal_rcc.c.obj
 .debug_ranges  0x00000668       0x38 CMakeFiles/test02-mouse-cmake.elf.dir/Drivers/STM32F1xx_HAL_Driver/Src/stm32f1xx_hal_rcc_ex.c.obj
 .debug_ranges  0x000006a0      0x1f0 CMakeFiles/test02-mouse-cmake.elf.dir/Drivers/STM32F1xx_HAL_Driver/Src/stm32f1xx_hal_uart.c.obj
 .debug_ranges  0x00000890      0x3a0 CMakeFiles/test02-mouse-cmake.elf.dir/Drivers/STM32F1xx_HAL_Driver/Src/stm32f1xx_ll_usb.c.obj
 .debug_ranges  0x00000c30       0x58 CMakeFiles/test02-mouse-cmake.elf.dir/Middlewares/ST/STM32_USB_Device_Library/Class/HID/Src/usbd_hid.c.obj
 .debug_ranges  0x00000c88       0xa8 CMakeFiles/test02-mouse-cmake.elf.dir/Middlewares/ST/STM32_USB_Device_Library/Core/Src/usbd_core.c.obj
 .debug_ranges  0x00000d30       0x78 CMakeFiles/test02-mouse-cmake.elf.dir/Middlewares/ST/STM32_USB_Device_Library/Core/Src/usbd_ctlreq.c.obj
 .debug_ranges  0x00000da8       0x40 CMakeFiles/test02-mouse-cmake.elf.dir/Middlewares/ST/STM32_USB_Device_Library/Core/Src/usbd_ioreq.c.obj
 .debug_ranges  0x00000de8       0x10 CMakeFiles/test02-mouse-cmake.elf.dir/USB_DEVICE/App/usb_device.c.obj
 .debug_ranges  0x00000df8       0x50 CMakeFiles/test02-mouse-cmake.elf.dir/USB_DEVICE/App/usbd_desc.c.obj
 .debug_ranges  0x00000e48      0x108 CMakeFiles/test02-mouse-cmake.elf.dir/USB_DEVICE/Target/usbd_conf.c.obj

.debug_line     0x00000000     0xc950
 .debug_line    0x00000000      0x1eb CMakeFiles/test02-mouse-cmake.elf.dir/Core/Src/dma.c.obj
 .debug_line    0x000001eb      0x3d7 CMakeFiles/test02-mouse-cmake.elf.dir/Core/Src/gpio.c.obj
 .debug_line    0x000005c2      0x468 CMakeFiles/test02-mouse-cmake.elf.dir/Core/Src/main.c.obj
 .debug_line    0x00000a2a      0x197 CMakeFiles/test02-mouse-cmake.elf.dir/Core/Src/stm32f1xx_hal_msp.c.obj
 .debug_line    0x00000bc1      0x3fa CMakeFiles/test02-mouse-cmake.elf.dir/Core/Src/stm32f1xx_it.c.obj
 .debug_line    0x00000fbb      0x260 CMakeFiles/test02-mouse-cmake.elf.dir/Core/Src/system_stm32f1xx.c.obj
 .debug_line    0x0000121b      0x430 CMakeFiles/test02-mouse-cmake.elf.dir/Core/Src/usart.c.obj
 .debug_line    0x0000164b       0xb4 CMakeFiles/test02-mouse-cmake.elf.dir/Core/Startup/startup_stm32f103zetx.s.obj
 .debug_line    0x000016ff      0x5a8 CMakeFiles/test02-mouse-cmake.elf.dir/Drivers/STM32F1xx_HAL_Driver/Src/stm32f1xx_hal.c.obj
 .debug_line    0x00001ca7      0x683 CMakeFiles/test02-mouse-cmake.elf.dir/Drivers/STM32F1xx_HAL_Driver/Src/stm32f1xx_hal_cortex.c.obj
 .debug_line    0x0000232a      0xd35 CMakeFiles/test02-mouse-cmake.elf.dir/Drivers/STM32F1xx_HAL_Driver/Src/stm32f1xx_hal_dma.c.obj
 .debug_line    0x0000305f      0x641 CMakeFiles/test02-mouse-cmake.elf.dir/Drivers/STM32F1xx_HAL_Driver/Src/stm32f1xx_hal_gpio.c.obj
 .debug_line    0x000036a0     0x1907 CMakeFiles/test02-mouse-cmake.elf.dir/Drivers/STM32F1xx_HAL_Driver/Src/stm32f1xx_hal_pcd.c.obj
 .debug_line    0x00004fa7      0x2dd CMakeFiles/test02-mouse-cmake.elf.dir/Drivers/STM32F1xx_HAL_Driver/Src/stm32f1xx_hal_pcd_ex.c.obj
 .debug_line    0x00005284      0xc76 CMakeFiles/test02-mouse-cmake.elf.dir/Drivers/STM32F1xx_HAL_Driver/Src/stm32f1xx_hal_rcc.c.obj
 .debug_line    0x00005efa      0x51e CMakeFiles/test02-mouse-cmake.elf.dir/Drivers/STM32F1xx_HAL_Driver/Src/stm32f1xx_hal_rcc_ex.c.obj
 .debug_line    0x00006418     0x2105 CMakeFiles/test02-mouse-cmake.elf.dir/Drivers/STM32F1xx_HAL_Driver/Src/stm32f1xx_hal_uart.c.obj
 .debug_line    0x0000851d     0x1ae6 CMakeFiles/test02-mouse-cmake.elf.dir/Drivers/STM32F1xx_HAL_Driver/Src/stm32f1xx_ll_usb.c.obj
 .debug_line    0x0000a003      0x5a6 CMakeFiles/test02-mouse-cmake.elf.dir/Middlewares/ST/STM32_USB_Device_Library/Class/HID/Src/usbd_hid.c.obj
 .debug_line    0x0000a5a9      0x747 CMakeFiles/test02-mouse-cmake.elf.dir/Middlewares/ST/STM32_USB_Device_Library/Core/Src/usbd_core.c.obj
 .debug_line    0x0000acf0      0xb2c CMakeFiles/test02-mouse-cmake.elf.dir/Middlewares/ST/STM32_USB_Device_Library/Core/Src/usbd_ctlreq.c.obj
 .debug_line    0x0000b81c      0x2be CMakeFiles/test02-mouse-cmake.elf.dir/Middlewares/ST/STM32_USB_Device_Library/Core/Src/usbd_ioreq.c.obj
 .debug_line    0x0000bada      0x286 CMakeFiles/test02-mouse-cmake.elf.dir/USB_DEVICE/App/usb_device.c.obj
 .debug_line    0x0000bd60      0x393 CMakeFiles/test02-mouse-cmake.elf.dir/USB_DEVICE/App/usbd_desc.c.obj
 .debug_line    0x0000c0f3      0x85d CMakeFiles/test02-mouse-cmake.elf.dir/USB_DEVICE/Target/usbd_conf.c.obj

.debug_str      0x00000000     0x3d60
 .debug_str     0x00000000      0x5df CMakeFiles/test02-mouse-cmake.elf.dir/Core/Src/dma.c.obj
                                0x61c (size before relaxing)
 .debug_str     0x000005df      0x44f CMakeFiles/test02-mouse-cmake.elf.dir/Core/Src/gpio.c.obj
                                0xaa4 (size before relaxing)
 .debug_str     0x00000a2e      0x674 CMakeFiles/test02-mouse-cmake.elf.dir/Core/Src/main.c.obj
                                0x8a7 (size before relaxing)
 .debug_str     0x000010a2       0x87 CMakeFiles/test02-mouse-cmake.elf.dir/Core/Src/stm32f1xx_hal_msp.c.obj
                                0x277 (size before relaxing)
 .debug_str     0x00001129      0x4ca CMakeFiles/test02-mouse-cmake.elf.dir/Core/Src/stm32f1xx_it.c.obj
                                0xa8f (size before relaxing)
 .debug_str     0x000015f3       0xab CMakeFiles/test02-mouse-cmake.elf.dir/Core/Src/system_stm32f1xx.c.obj
                                0x2ac (size before relaxing)
 .debug_str     0x0000169e       0xbe CMakeFiles/test02-mouse-cmake.elf.dir/Core/Src/usart.c.obj
                                0xb2e (size before relaxing)
 .debug_str     0x0000175c       0x63 CMakeFiles/test02-mouse-cmake.elf.dir/Core/Startup/startup_stm32f103zetx.s.obj
                                 0xa5 (size before relaxing)
 .debug_str     0x000017bf      0x331 CMakeFiles/test02-mouse-cmake.elf.dir/Drivers/STM32F1xx_HAL_Driver/Src/stm32f1xx_hal.c.obj
                                0x960 (size before relaxing)
 .debug_str     0x00001af0      0x3a3 CMakeFiles/test02-mouse-cmake.elf.dir/Drivers/STM32F1xx_HAL_Driver/Src/stm32f1xx_hal_cortex.c.obj
                                0xa0f (size before relaxing)
 .debug_str     0x00001e93      0x242 CMakeFiles/test02-mouse-cmake.elf.dir/Drivers/STM32F1xx_HAL_Driver/Src/stm32f1xx_hal_dma.c.obj
                                0x655 (size before relaxing)
 .debug_str     0x000020d5       0xf6 CMakeFiles/test02-mouse-cmake.elf.dir/Drivers/STM32F1xx_HAL_Driver/Src/stm32f1xx_hal_gpio.c.obj
                                0x458 (size before relaxing)
 .debug_str     0x000021cb      0x58e CMakeFiles/test02-mouse-cmake.elf.dir/Drivers/STM32F1xx_HAL_Driver/Src/stm32f1xx_hal_pcd.c.obj
                                0xb26 (size before relaxing)
 .debug_str     0x00002759      0x19d CMakeFiles/test02-mouse-cmake.elf.dir/Drivers/STM32F1xx_HAL_Driver/Src/stm32f1xx_hal_pcd_ex.c.obj
                                0x720 (size before relaxing)
 .debug_str     0x000028f6      0x20f CMakeFiles/test02-mouse-cmake.elf.dir/Drivers/STM32F1xx_HAL_Driver/Src/stm32f1xx_hal_rcc.c.obj
                                0x683 (size before relaxing)
 .debug_str     0x00002b05       0xcc CMakeFiles/test02-mouse-cmake.elf.dir/Drivers/STM32F1xx_HAL_Driver/Src/stm32f1xx_hal_rcc_ex.c.obj
                                0x469 (size before relaxing)
 .debug_str     0x00002bd1      0x5ee CMakeFiles/test02-mouse-cmake.elf.dir/Drivers/STM32F1xx_HAL_Driver/Src/stm32f1xx_hal_uart.c.obj
                                0xce6 (size before relaxing)
 .debug_str     0x000031bf      0x15a CMakeFiles/test02-mouse-cmake.elf.dir/Drivers/STM32F1xx_HAL_Driver/Src/stm32f1xx_ll_usb.c.obj
                                0x753 (size before relaxing)
 .debug_str     0x00003319      0x2f2 CMakeFiles/test02-mouse-cmake.elf.dir/Middlewares/ST/STM32_USB_Device_Library/Class/HID/Src/usbd_hid.c.obj
                                0x874 (size before relaxing)
 .debug_str     0x0000360b      0x2d1 CMakeFiles/test02-mouse-cmake.elf.dir/Middlewares/ST/STM32_USB_Device_Library/Core/Src/usbd_core.c.obj
                                0x889 (size before relaxing)
 .debug_str     0x000038dc      0x148 CMakeFiles/test02-mouse-cmake.elf.dir/Middlewares/ST/STM32_USB_Device_Library/Core/Src/usbd_ctlreq.c.obj
                                0x7a3 (size before relaxing)
 .debug_str     0x00003a24       0xa6 CMakeFiles/test02-mouse-cmake.elf.dir/Middlewares/ST/STM32_USB_Device_Library/Core/Src/usbd_ioreq.c.obj
                                0x6d0 (size before relaxing)
 .debug_str     0x00003aca       0x54 CMakeFiles/test02-mouse-cmake.elf.dir/USB_DEVICE/App/usb_device.c.obj
                                0x62a (size before relaxing)
 .debug_str     0x00003b1e      0x19d CMakeFiles/test02-mouse-cmake.elf.dir/USB_DEVICE/App/usbd_desc.c.obj
                                0x4a9 (size before relaxing)
 .debug_str     0x00003cbb       0xa5 CMakeFiles/test02-mouse-cmake.elf.dir/USB_DEVICE/Target/usbd_conf.c.obj
                               0x12d8 (size before relaxing)

.comment        0x00000000       0x4d
 .comment       0x00000000       0x4d CMakeFiles/test02-mouse-cmake.elf.dir/Core/Src/dma.c.obj
                                 0x4e (size before relaxing)
 .comment       0x0000004d       0x4e CMakeFiles/test02-mouse-cmake.elf.dir/Core/Src/gpio.c.obj
 .comment       0x0000004d       0x4e CMakeFiles/test02-mouse-cmake.elf.dir/Core/Src/main.c.obj
 .comment       0x0000004d       0x4e CMakeFiles/test02-mouse-cmake.elf.dir/Core/Src/stm32f1xx_hal_msp.c.obj
 .comment       0x0000004d       0x4e CMakeFiles/test02-mouse-cmake.elf.dir/Core/Src/stm32f1xx_it.c.obj
 .comment       0x0000004d       0x4e CMakeFiles/test02-mouse-cmake.elf.dir/Core/Src/system_stm32f1xx.c.obj
 .comment       0x0000004d       0x4e CMakeFiles/test02-mouse-cmake.elf.dir/Core/Src/usart.c.obj
 .comment       0x0000004d       0x4e CMakeFiles/test02-mouse-cmake.elf.dir/Drivers/STM32F1xx_HAL_Driver/Src/stm32f1xx_hal.c.obj
 .comment       0x0000004d       0x4e CMakeFiles/test02-mouse-cmake.elf.dir/Drivers/STM32F1xx_HAL_Driver/Src/stm32f1xx_hal_cortex.c.obj
 .comment       0x0000004d       0x4e CMakeFiles/test02-mouse-cmake.elf.dir/Drivers/STM32F1xx_HAL_Driver/Src/stm32f1xx_hal_dma.c.obj
 .comment       0x0000004d       0x4e CMakeFiles/test02-mouse-cmake.elf.dir/Drivers/STM32F1xx_HAL_Driver/Src/stm32f1xx_hal_gpio.c.obj
 .comment       0x0000004d       0x4e CMakeFiles/test02-mouse-cmake.elf.dir/Drivers/STM32F1xx_HAL_Driver/Src/stm32f1xx_hal_pcd.c.obj
 .comment       0x0000004d       0x4e CMakeFiles/test02-mouse-cmake.elf.dir/Drivers/STM32F1xx_HAL_Driver/Src/stm32f1xx_hal_pcd_ex.c.obj
 .comment       0x0000004d       0x4e CMakeFiles/test02-mouse-cmake.elf.dir/Drivers/STM32F1xx_HAL_Driver/Src/stm32f1xx_hal_rcc.c.obj
 .comment       0x0000004d       0x4e CMakeFiles/test02-mouse-cmake.elf.dir/Drivers/STM32F1xx_HAL_Driver/Src/stm32f1xx_hal_rcc_ex.c.obj
 .comment       0x0000004d       0x4e CMakeFiles/test02-mouse-cmake.elf.dir/Drivers/STM32F1xx_HAL_Driver/Src/stm32f1xx_hal_uart.c.obj
 .comment       0x0000004d       0x4e CMakeFiles/test02-mouse-cmake.elf.dir/Drivers/STM32F1xx_HAL_Driver/Src/stm32f1xx_ll_usb.c.obj
 .comment       0x0000004d       0x4e CMakeFiles/test02-mouse-cmake.elf.dir/Middlewares/ST/STM32_USB_Device_Library/Class/HID/Src/usbd_hid.c.obj
 .comment       0x0000004d       0x4e CMakeFiles/test02-mouse-cmake.elf.dir/Middlewares/ST/STM32_USB_Device_Library/Core/Src/usbd_core.c.obj
 .comment       0x0000004d       0x4e CMakeFiles/test02-mouse-cmake.elf.dir/Middlewares/ST/STM32_USB_Device_Library/Core/Src/usbd_ctlreq.c.obj
 .comment       0x0000004d       0x4e CMakeFiles/test02-mouse-cmake.elf.dir/Middlewares/ST/STM32_USB_Device_Library/Core/Src/usbd_ioreq.c.obj
 .comment       0x0000004d       0x4e CMakeFiles/test02-mouse-cmake.elf.dir/USB_DEVICE/App/usb_device.c.obj
 .comment       0x0000004d       0x4e CMakeFiles/test02-mouse-cmake.elf.dir/USB_DEVICE/App/usbd_desc.c.obj
 .comment       0x0000004d       0x4e CMakeFiles/test02-mouse-cmake.elf.dir/USB_DEVICE/Target/usbd_conf.c.obj

.debug_frame    0x00000000     0x1fcc
 .debug_frame   0x00000000       0x2c CMakeFiles/test02-mouse-cmake.elf.dir/Core/Src/dma.c.obj
 .debug_frame   0x0000002c       0x54 CMakeFiles/test02-mouse-cmake.elf.dir/Core/Src/gpio.c.obj
 .debug_frame   0x00000080       0x58 CMakeFiles/test02-mouse-cmake.elf.dir/Core/Src/main.c.obj
 .debug_frame   0x000000d8       0x28 CMakeFiles/test02-mouse-cmake.elf.dir/Core/Src/stm32f1xx_hal_msp.c.obj
 .debug_frame   0x00000100      0x138 CMakeFiles/test02-mouse-cmake.elf.dir/Core/Src/stm32f1xx_it.c.obj
 .debug_frame   0x00000238       0x30 CMakeFiles/test02-mouse-cmake.elf.dir/Core/Src/system_stm32f1xx.c.obj
 .debug_frame   0x00000268       0x64 CMakeFiles/test02-mouse-cmake.elf.dir/Core/Src/usart.c.obj
 .debug_frame   0x000002cc      0x1cc CMakeFiles/test02-mouse-cmake.elf.dir/Drivers/STM32F1xx_HAL_Driver/Src/stm32f1xx_hal.c.obj
 .debug_frame   0x00000498      0x118 CMakeFiles/test02-mouse-cmake.elf.dir/Drivers/STM32F1xx_HAL_Driver/Src/stm32f1xx_hal_cortex.c.obj
 .debug_frame   0x000005b0      0x140 CMakeFiles/test02-mouse-cmake.elf.dir/Drivers/STM32F1xx_HAL_Driver/Src/stm32f1xx_hal_dma.c.obj
 .debug_frame   0x000006f0       0xe4 CMakeFiles/test02-mouse-cmake.elf.dir/Drivers/STM32F1xx_HAL_Driver/Src/stm32f1xx_hal_gpio.c.obj
 .debug_frame   0x000007d4      0x344 CMakeFiles/test02-mouse-cmake.elf.dir/Drivers/STM32F1xx_HAL_Driver/Src/stm32f1xx_hal_pcd.c.obj
 .debug_frame   0x00000b18       0x50 CMakeFiles/test02-mouse-cmake.elf.dir/Drivers/STM32F1xx_HAL_Driver/Src/stm32f1xx_hal_pcd_ex.c.obj
 .debug_frame   0x00000b68      0x190 CMakeFiles/test02-mouse-cmake.elf.dir/Drivers/STM32F1xx_HAL_Driver/Src/stm32f1xx_hal_rcc.c.obj
 .debug_frame   0x00000cf8       0x64 CMakeFiles/test02-mouse-cmake.elf.dir/Drivers/STM32F1xx_HAL_Driver/Src/stm32f1xx_hal_rcc_ex.c.obj
 .debug_frame   0x00000d5c      0x5c4 CMakeFiles/test02-mouse-cmake.elf.dir/Drivers/STM32F1xx_HAL_Driver/Src/stm32f1xx_hal_uart.c.obj
 .debug_frame   0x00001320      0x1fc CMakeFiles/test02-mouse-cmake.elf.dir/Drivers/STM32F1xx_HAL_Driver/Src/stm32f1xx_ll_usb.c.obj
 .debug_frame   0x0000151c       0xdc CMakeFiles/test02-mouse-cmake.elf.dir/Middlewares/ST/STM32_USB_Device_Library/Class/HID/Src/usbd_hid.c.obj
 .debug_frame   0x000015f8      0x1c4 CMakeFiles/test02-mouse-cmake.elf.dir/Middlewares/ST/STM32_USB_Device_Library/Core/Src/usbd_core.c.obj
 .debug_frame   0x000017bc      0x178 CMakeFiles/test02-mouse-cmake.elf.dir/Middlewares/ST/STM32_USB_Device_Library/Core/Src/usbd_ctlreq.c.obj
 .debug_frame   0x00001934       0xb8 CMakeFiles/test02-mouse-cmake.elf.dir/Middlewares/ST/STM32_USB_Device_Library/Core/Src/usbd_ioreq.c.obj
 .debug_frame   0x000019ec       0x28 CMakeFiles/test02-mouse-cmake.elf.dir/USB_DEVICE/App/usb_device.c.obj
 .debug_frame   0x00001a14       0xe0 CMakeFiles/test02-mouse-cmake.elf.dir/USB_DEVICE/App/usbd_desc.c.obj
 .debug_frame   0x00001af4      0x2ec CMakeFiles/test02-mouse-cmake.elf.dir/USB_DEVICE/Target/usbd_conf.c.obj
 .debug_frame   0x00001de0       0x2c c:/progra~2/gnuarm~1/102020~1/bin/../lib/gcc/arm-none-eabi/10.2.1/../../../../arm-none-eabi/lib/thumb/v7-m/nofp\libg.a(lib_a-init.o)
 .debug_frame   0x00001e0c       0x2c c:/progra~2/gnuarm~1/102020~1/bin/../lib/gcc/arm-none-eabi/10.2.1/../../../../arm-none-eabi/lib/thumb/v7-m/nofp\libg.a(lib_a-memset.o)
 .debug_frame   0x00001e38       0x5c c:/progra~2/gnuarm~1/102020~1/bin/../lib/gcc/arm-none-eabi/10.2.1/../../../../arm-none-eabi/lib/thumb/v7-m/nofp\libg.a(lib_a-__call_atexit.o)
 .debug_frame   0x00001e94       0x20 c:/progra~2/gnuarm~1/102020~1/bin/../lib/gcc/arm-none-eabi/10.2.1/../../../../arm-none-eabi/lib/thumb/v7-m/nofp\libg.a(lib_a-atexit.o)
 .debug_frame   0x00001eb4       0x34 c:/progra~2/gnuarm~1/102020~1/bin/../lib/gcc/arm-none-eabi/10.2.1/../../../../arm-none-eabi/lib/thumb/v7-m/nofp\libg.a(lib_a-fini.o)
 .debug_frame   0x00001ee8       0xb0 c:/progra~2/gnuarm~1/102020~1/bin/../lib/gcc/arm-none-eabi/10.2.1/../../../../arm-none-eabi/lib/thumb/v7-m/nofp\libg.a(lib_a-lock.o)
 .debug_frame   0x00001f98       0x34 c:/progra~2/gnuarm~1/102020~1/bin/../lib/gcc/arm-none-eabi/10.2.1/../../../../arm-none-eabi/lib/thumb/v7-m/nofp\libg.a(lib_a-__atexit.o)

.debug_loc      0x00000000     0xa96a
 .debug_loc     0x00000000       0x32 CMakeFiles/test02-mouse-cmake.elf.dir/Core/Src/gpio.c.obj
 .debug_loc     0x00000032       0x48 CMakeFiles/test02-mouse-cmake.elf.dir/Core/Src/main.c.obj
 .debug_loc     0x0000007a       0x15 CMakeFiles/test02-mouse-cmake.elf.dir/Core/Src/stm32f1xx_hal_msp.c.obj
 .debug_loc     0x0000008f       0xff CMakeFiles/test02-mouse-cmake.elf.dir/Core/Src/system_stm32f1xx.c.obj
 .debug_loc     0x0000018e       0x71 CMakeFiles/test02-mouse-cmake.elf.dir/Core/Src/usart.c.obj
 .debug_loc     0x000001ff      0x141 CMakeFiles/test02-mouse-cmake.elf.dir/Drivers/STM32F1xx_HAL_Driver/Src/stm32f1xx_hal.c.obj
 .debug_loc     0x00000340      0x71f CMakeFiles/test02-mouse-cmake.elf.dir/Drivers/STM32F1xx_HAL_Driver/Src/stm32f1xx_hal_cortex.c.obj
 .debug_loc     0x00000a5f      0x7ce CMakeFiles/test02-mouse-cmake.elf.dir/Drivers/STM32F1xx_HAL_Driver/Src/stm32f1xx_hal_dma.c.obj
 .debug_loc     0x0000122d      0x47d CMakeFiles/test02-mouse-cmake.elf.dir/Drivers/STM32F1xx_HAL_Driver/Src/stm32f1xx_hal_gpio.c.obj
 .debug_loc     0x000016aa     0x148f CMakeFiles/test02-mouse-cmake.elf.dir/Drivers/STM32F1xx_HAL_Driver/Src/stm32f1xx_hal_pcd.c.obj
 .debug_loc     0x00002b39      0x11a CMakeFiles/test02-mouse-cmake.elf.dir/Drivers/STM32F1xx_HAL_Driver/Src/stm32f1xx_hal_pcd_ex.c.obj
 .debug_loc     0x00002c53      0x63e CMakeFiles/test02-mouse-cmake.elf.dir/Drivers/STM32F1xx_HAL_Driver/Src/stm32f1xx_hal_rcc.c.obj
 .debug_loc     0x00003291      0x42a CMakeFiles/test02-mouse-cmake.elf.dir/Drivers/STM32F1xx_HAL_Driver/Src/stm32f1xx_hal_rcc_ex.c.obj
 .debug_loc     0x000036bb     0x2037 CMakeFiles/test02-mouse-cmake.elf.dir/Drivers/STM32F1xx_HAL_Driver/Src/stm32f1xx_hal_uart.c.obj
 .debug_loc     0x000056f2     0x1c2e CMakeFiles/test02-mouse-cmake.elf.dir/Drivers/STM32F1xx_HAL_Driver/Src/stm32f1xx_ll_usb.c.obj
 .debug_loc     0x00007320      0x717 CMakeFiles/test02-mouse-cmake.elf.dir/Middlewares/ST/STM32_USB_Device_Library/Class/HID/Src/usbd_hid.c.obj
 .debug_loc     0x00007a37      0x96a CMakeFiles/test02-mouse-cmake.elf.dir/Middlewares/ST/STM32_USB_Device_Library/Core/Src/usbd_core.c.obj